811 pairs total, 811 to do, 6 workers
[1/811] i=2 rc=0 0.2s {"i": 2, "pair": "acl__2.3.1__2.3.2", "libs": 1, "err": false}
[2/811] i=1 rc=0 0.2s {"i": 1, "pair": "acl__2.2.53__2.3.1", "libs": 1, "err": false}
[3/811] i=0 rc=0 0.2s {"i": 0, "pair": "acl__2.2.52__2.2.53", "libs": 1, "err": false}
[4/811] i=4 rc=0 0.2s {"i": 4, "pair": "bzip2__1.0.6__1.0.8", "libs": 1, "err": false}
[5/811] i=3 rc=0 0.2s {"i": 3, "pair": "acl__2.3.2__2.4.0", "libs": 1, "err": false}
[6/811] i=10 rc=0 0.1s {"i": 10, "pair": "attr__2.4.47__2.4.48", "libs": 1, "err": false}
[7/811] i=11 rc=0 0.1s {"i": 11, "pair": "attr__2.4.48__2.5.1", "libs": 1, "err": false}
[8/811] i=12 rc=0 0.1s {"i": 12, "pair": "attr__2.5.1__2.5.2", "libs": 1, "err": false}
[9/811] i=13 rc=0 0.1s {"i": 13, "pair": "attr__2.5.2__2.6.0", "libs": 1, "err": false}
[10/811] i=5 rc=0 1.2s {"i": 5, "pair": "pam__1.1.8__1.3.1", "libs": 43, "err": false}
[11/811] i=6 rc=0 1.3s {"i": 6, "pair": "pam__1.3.1__1.4.0", "libs": 41, "err": false}
[12/811] i=8 rc=0 1.6s {"i": 8, "pair": "pam__1.5.2__1.5.3", "libs": 43, "err": false}
[13/811] i=7 rc=0 1.7s {"i": 7, "pair": "pam__1.4.0__1.5.2", "libs": 44, "err": false}
[14/811] i=9 rc=0 1.6s {"i": 9, "pair": "pam__1.5.3__1.7.0", "libs": 43, "err": false}
[15/811] i=17 rc=0 0.1s {"i": 17, "pair": "gcc-16__16-20260308__16-20260315", "libs": 0, "err": true}
[16/811] i=16 rc=0 1.2s {"i": 16, "pair": "gcc-16__16-20260307__16-20260308", "libs": 0, "err": true}
[17/811] i=14 rc=0 42.3s {"i": 14, "pair": "gcc-16__16-20260217__16-20260226", "libs": 1, "err": false}
[18/811] i=15 rc=0 42.5s {"i": 15, "pair": "gcc-16__16-20260226__16-20260307", "libs": 1, "err": false}
[19/811] i=18 rc=0 42.1s {"i": 18, "pair": "gcc-16__16-20260315__16-20260322", "libs": 1, "err": false}
[20/811] i=23 rc=0 1.7s {"i": 23, "pair": "util-linux__2.40.3__2.40.4", "libs": 1, "err": false}
[21/811] i=19 rc=0 44.3s {"i": 19, "pair": "gcc-16__16-20260322__16-20260423", "libs": 1, "err": false}
[22/811] i=24 rc=0 2.5s {"i": 24, "pair": "util-linux__2.40.4__2.41", "libs": 1, "err": false}
[23/811] i=25 rc=0 2.0s {"i": 25, "pair": "util-linux__2.41__2.41.1", "libs": 1, "err": false}
[24/811] i=26 rc=0 1.5s {"i": 26, "pair": "util-linux__2.41.1__2.41.2", "libs": 1, "err": false}
[25/811] i=27 rc=0 2.2s {"i": 27, "pair": "util-linux__2.41.2__2.41.3", "libs": 1, "err": false}
[26/811] i=20 rc=0 46.8s {"i": 20, "pair": "gcc-16__16-20260423__16-20260425", "libs": 1, "err": false}
[27/811] i=28 rc=0 1.5s {"i": 28, "pair": "util-linux__2.41.3__2.41.5", "libs": 1, "err": false}
[28/811] i=29 rc=0 2.0s {"i": 29, "pair": "util-linux__2.41.5__2.42", "libs": 1, "err": false}
[29/811] i=21 rc=0 47.0s {"i": 21, "pair": "gcc-16__16-20260425__16.1.0", "libs": 1, "err": false}
[30/811] i=34 rc=0 0.4s {"i": 34, "pair": "libselinux__3.4__3.5", "libs": 0, "err": true}
[31/811] i=30 rc=0 1.8s {"i": 30, "pair": "util-linux__2.42__2.42.1", "libs": 1, "err": false}
[32/811] i=33 rc=0 1.5s {"i": 33, "pair": "libselinux__3.3__3.4", "libs": 0, "err": true}
[33/811] i=32 rc=0 2.4s {"i": 32, "pair": "libselinux__3.2__3.3", "libs": 1, "err": false}
[34/811] i=35 rc=0 1.4s {"i": 35, "pair": "libselinux__3.5__3.7", "libs": 1, "err": false}
[35/811] i=31 rc=0 3.0s {"i": 31, "pair": "util-linux__2.42.1__2.42.2", "libs": 1, "err": false}
[36/811] i=36 rc=0 1.9s {"i": 36, "pair": "libselinux__3.7__3.8", "libs": 1, "err": false}
[37/811] i=37 rc=0 1.3s {"i": 37, "pair": "libselinux__3.8__3.8.1", "libs": 1, "err": false}
[38/811] i=38 rc=0 1.7s {"i": 38, "pair": "libselinux__3.8.1__3.9", "libs": 1, "err": false}
[39/811] i=39 rc=0 1.4s {"i": 39, "pair": "libselinux__3.9__3.10", "libs": 1, "err": false}
[40/811] i=41 rc=0 1.5s {"i": 41, "pair": "libedit__3.1-20210714__3.1-20210910", "libs": 1, "err": false}
[41/811] i=40 rc=0 2.3s {"i": 40, "pair": "libselinux__3.10__3.11", "libs": 1, "err": false}
[42/811] i=42 rc=0 2.0s {"i": 42, "pair": "libedit__3.1-20210910__3.1-20221009", "libs": 1, "err": false}
[43/811] i=43 rc=0 1.6s {"i": 43, "pair": "libedit__3.1-20221009__3.1-20221030", "libs": 1, "err": false}
[44/811] i=44 rc=0 2.1s {"i": 44, "pair": "libedit__3.1-20221030__3.1-20230828", "libs": 1, "err": false}
[45/811] i=45 rc=0 1.7s {"i": 45, "pair": "libedit__3.1-20230828__3.1-20240517", "libs": 1, "err": false}
[46/811] i=47 rc=0 1.5s {"i": 47, "pair": "libedit__3.1-20240808__3.1-20250104", "libs": 1, "err": false}
[47/811] i=46 rc=0 1.9s {"i": 46, "pair": "libedit__3.1-20240517__3.1-20240808", "libs": 1, "err": false}
[48/811] i=48 rc=0 1.9s {"i": 48, "pair": "libedit__3.1-20250104__3.1-20251016", "libs": 1, "err": false}
[49/811] i=50 rc=0 1.5s {"i": 50, "pair": "popt__1.16__1.18", "libs": 1, "err": false}
[50/811] i=52 rc=0 1.3s {"i": 52, "pair": "keyutils__1.5.9__1.6", "libs": 1, "err": false}
[51/811] i=49 rc=0 2.4s {"i": 49, "pair": "libedit__3.1-20251016__3.1-20260512", "libs": 1, "err": false}
[52/811] i=53 rc=0 1.2s {"i": 53, "pair": "keyutils__1.6__1.6.1", "libs": 1, "err": false}
[53/811] i=51 rc=0 2.2s {"i": 51, "pair": "popt__1.18__1.19+dfsg", "libs": 1, "err": false}
[54/811] i=55 rc=0 1.1s {"i": 55, "pair": "libcap2__2.36__2.42", "libs": 1, "err": false}
[55/811] i=54 rc=0 1.5s {"i": 54, "pair": "keyutils__1.6.1__1.6.3", "libs": 1, "err": false}
[56/811] i=56 rc=0 1.2s {"i": 56, "pair": "libcap2__2.42__2.43", "libs": 1, "err": false}
[57/811] i=57 rc=0 1.2s {"i": 57, "pair": "libcap2__2.43__2.44", "libs": 1, "err": false}
[58/811] i=58 rc=0 1.1s {"i": 58, "pair": "libcap2__2.44__2.63", "libs": 1, "err": false}
[59/811] i=59 rc=0 1.2s {"i": 59, "pair": "libcap2__2.63__2.66", "libs": 2, "err": false}
[60/811] i=60 rc=0 1.2s {"i": 60, "pair": "libcap2__2.66__2.73", "libs": 2, "err": false}
[61/811] i=61 rc=0 1.3s {"i": 61, "pair": "libcap2__2.73__2.75", "libs": 2, "err": false}
[62/811] i=62 rc=0 1.3s {"i": 62, "pair": "libcap2__2.75__2.77", "libs": 2, "err": false}
[63/811] i=63 rc=0 1.8s {"i": 63, "pair": "libcap2__2.77__2.78", "libs": 2, "err": false}
[64/811] i=64 rc=0 1.7s {"i": 64, "pair": "e2fsprogs__1.46.1__1.46.2", "libs": 1, "err": false}
[65/811] i=65 rc=0 1.7s {"i": 65, "pair": "e2fsprogs__1.46.2__1.46.3", "libs": 1, "err": false}
[66/811] i=66 rc=0 1.9s {"i": 66, "pair": "e2fsprogs__1.46.3__1.46.4", "libs": 1, "err": false}
[67/811] i=67 rc=0 2.3s {"i": 67, "pair": "e2fsprogs__1.46.4__1.46.5", "libs": 1, "err": false}
[68/811] i=68 rc=0 1.8s {"i": 68, "pair": "e2fsprogs__1.46.5__1.46.6", "libs": 1, "err": false}
[69/811] i=69 rc=0 1.6s {"i": 69, "pair": "e2fsprogs__1.46.6__1.47.0", "libs": 1, "err": false}
[70/811] i=70 rc=0 1.8s {"i": 70, "pair": "e2fsprogs__1.47.0__1.47.1", "libs": 1, "err": false}
[71/811] i=71 rc=0 2.4s {"i": 71, "pair": "e2fsprogs__1.47.1__1.47.2", "libs": 1, "err": false}
[72/811] i=73 rc=0 1.9s {"i": 73, "pair": "slang2__2.3.0__2.3.1", "libs": 1, "err": false}
[73/811] i=74 rc=0 1.9s {"i": 74, "pair": "slang2__2.3.1__2.3.1a", "libs": 1, "err": false}
[74/811] i=72 rc=0 2.9s {"i": 72, "pair": "e2fsprogs__1.47.2__1.47.4", "libs": 1, "err": false}
[75/811] i=75 rc=0 2.5s {"i": 75, "pair": "slang2__2.3.1a__2.3.2", "libs": 1, "err": false}
[76/811] i=77 rc=0 1.1s {"i": 77, "pair": "libbsd__0.11.2__0.11.3", "libs": 1, "err": false}
[77/811] i=76 rc=0 2.4s {"i": 76, "pair": "slang2__2.3.2__2.3.3", "libs": 1, "err": false}
[78/811] i=78 rc=0 1.8s {"i": 78, "pair": "libbsd__0.11.3__0.11.4", "libs": 1, "err": false}
[79/811] i=79 rc=0 1.3s {"i": 79, "pair": "libbsd__0.11.4__0.11.5", "libs": 1, "err": false}
[80/811] i=80 rc=0 1.4s {"i": 80, "pair": "libbsd__0.11.5__0.11.6", "libs": 1, "err": false}
[81/811] i=83 rc=0 1.4s {"i": 83, "pair": "libbsd__0.11.8__0.12.0", "libs": 1, "err": false}
[82/811] i=81 rc=0 2.2s {"i": 81, "pair": "libbsd__0.11.6__0.11.7", "libs": 1, "err": false}
[83/811] i=82 rc=0 1.5s {"i": 82, "pair": "libbsd__0.11.7__0.11.8", "libs": 1, "err": false}
[84/811] i=84 rc=0 1.2s {"i": 84, "pair": "libbsd__0.12.0__0.12.1", "libs": 1, "err": false}
[85/811] i=85 rc=0 1.8s {"i": 85, "pair": "libbsd__0.12.1__0.12.2", "libs": 1, "err": false}
[86/811] i=87 rc=0 1.5s {"i": 87, "pair": "lvm2__2.03.07__2.03.09", "libs": 1, "err": false}
[87/811] i=86 rc=0 1.5s {"i": 86, "pair": "lvm2__2.03.02__2.03.07", "libs": 1, "err": false}
[88/811] i=88 rc=0 1.5s {"i": 88, "pair": "lvm2__2.03.09__2.03.10", "libs": 1, "err": false}
[89/811] i=89 rc=0 2.3s {"i": 89, "pair": "lvm2__2.03.10__2.03.11", "libs": 1, "err": false}
[90/811] i=90 rc=0 2.3s {"i": 90, "pair": "lvm2__2.03.11__2.03.15", "libs": 1, "err": false}
[91/811] i=91 rc=0 1.7s {"i": 91, "pair": "lvm2__2.03.15__2.03.16", "libs": 1, "err": false}
[92/811] i=92 rc=0 1.8s {"i": 92, "pair": "lvm2__2.03.16__2.03.22", "libs": 1, "err": false}
[93/811] i=93 rc=0 2.5s {"i": 93, "pair": "lvm2__2.03.22__2.03.27", "libs": 1, "err": false}
[94/811] i=94 rc=0 2.8s {"i": 94, "pair": "lvm2__2.03.27__2.03.31", "libs": 1, "err": false}
[95/811] i=99 rc=0 0.3s {"i": 99, "pair": "sqlite3__3.45.3__3.46.0", "libs": 0, "err": true}
[96/811] i=96 rc=0 6.1s {"i": 96, "pair": "sqlite3__3.45.0__3.45.1", "libs": 1, "err": false}
[97/811] i=98 rc=0 6.8s {"i": 98, "pair": "sqlite3__3.45.2__3.45.3", "libs": 1, "err": false}
[98/811] i=22 rc=0 45.0s {"i": 22, "pair": "gcc-16__16.1.0__16.2.0", "libs": 1, "err": false}
[99/811] i=95 rc=0 20.0s {"i": 95, "pair": "sqlite3__3.44.2__3.45.0", "libs": 1, "err": false}
[100/811] i=97 rc=0 20.1s {"i": 97, "pair": "sqlite3__3.45.1__3.45.2", "libs": 1, "err": false}
[101/811] i=104 rc=0 1.4s {"i": 104, "pair": "expat__2.7.1__2.7.2", "libs": 2, "err": false}
[102/811] i=105 rc=0 1.6s {"i": 105, "pair": "expat__2.7.2__2.7.3", "libs": 2, "err": false}
[103/811] i=106 rc=0 1.3s {"i": 106, "pair": "expat__2.7.3__2.7.4", "libs": 2, "err": false}
[104/811] i=100 rc=0 20.8s {"i": 100, "pair": "sqlite3__3.46.0__3.46.1", "libs": 1, "err": false}
[105/811] i=103 rc=0 6.2s {"i": 103, "pair": "sqlite3__3.53.3__3.53.4", "libs": 1, "err": false}
[106/811] i=107 rc=0 1.3s {"i": 107, "pair": "expat__2.7.4__2.7.5", "libs": 2, "err": false}
[107/811] i=108 rc=0 1.4s {"i": 108, "pair": "expat__2.7.5__2.8.0", "libs": 2, "err": false}
[108/811] i=109 rc=0 1.2s {"i": 109, "pair": "expat__2.8.0__2.8.1", "libs": 2, "err": false}
[109/811] i=110 rc=0 1.7s {"i": 110, "pair": "expat__2.8.1__2.8.2", "libs": 2, "err": false}
[110/811] i=111 rc=0 2.2s {"i": 111, "pair": "expat__2.8.2__2.8.3", "libs": 2, "err": false}
[111/811] i=112 rc=0 1.8s {"i": 112, "pair": "expat__2.8.3__2.8.4", "libs": 2, "err": false}
[112/811] i=113 rc=0 1.7s {"i": 113, "pair": "newt__0.52.18__0.52.19", "libs": 1, "err": false}
[113/811] i=114 rc=0 1.7s {"i": 114, "pair": "newt__0.52.19__0.52.20", "libs": 1, "err": false}
[114/811] i=115 rc=0 1.8s {"i": 115, "pair": "newt__0.52.20__0.52.21", "libs": 1, "err": false}
[115/811] i=116 rc=0 1.3s {"i": 116, "pair": "newt__0.52.21__0.52.22", "libs": 1, "err": false}
[116/811] i=117 rc=0 1.5s {"i": 117, "pair": "newt__0.52.22__0.52.23", "libs": 1, "err": false}
[117/811] i=101 rc=0 21.6s {"i": 101, "pair": "sqlite3__3.46.1__3.53.2", "libs": 1, "err": false}
[118/811] i=102 rc=0 20.2s {"i": 102, "pair": "sqlite3__3.53.2__3.53.3", "libs": 1, "err": false}
[119/811] i=118 rc=0 1.8s {"i": 118, "pair": "newt__0.52.23__0.52.24", "libs": 1, "err": false}
[120/811] i=119 rc=0 2.2s {"i": 119, "pair": "newt__0.52.24__0.52.25", "libs": 1, "err": false}
[121/811] i=121 rc=0 2.2s {"i": 121, "pair": "freetype__2.12.0+dfsg__2.12.1+dfsg", "libs": 1, "err": false}
[122/811] i=122 rc=0 2.1s {"i": 122, "pair": "freetype__2.12.1+dfsg__2.13.0+dfsg", "libs": 1, "err": false}
[123/811] i=120 rc=0 2.8s {"i": 120, "pair": "freetype__2.11.1+dfsg__2.12.0+dfsg", "libs": 1, "err": false}
[124/811] i=123 rc=0 2.7s {"i": 123, "pair": "freetype__2.13.0+dfsg__2.13.1+dfsg", "libs": 1, "err": false}
[125/811] i=124 rc=0 2.7s {"i": 124, "pair": "freetype__2.13.1+dfsg__2.13.2+dfsg", "libs": 1, "err": false}
[126/811] i=129 rc=0 1.5s {"i": 129, "pair": "klibc__2.0.5__2.0.6", "libs": 0, "err": false}
[127/811] i=125 rc=0 2.8s {"i": 125, "pair": "freetype__2.13.2+dfsg__2.13.3+dfsg", "libs": 1, "err": false}
[128/811] i=126 rc=0 2.5s {"i": 126, "pair": "freetype__2.13.3+dfsg__2.14.1+dfsg", "libs": 1, "err": false}
[129/811] i=127 rc=0 2.6s {"i": 127, "pair": "freetype__2.14.1+dfsg__2.14.2+dfsg", "libs": 1, "err": false}
[130/811] i=128 rc=0 2.8s {"i": 128, "pair": "freetype__2.14.2+dfsg__2.14.3+dfsg", "libs": 1, "err": false}
[131/811] i=130 rc=0 2.0s {"i": 130, "pair": "klibc__2.0.6__2.0.7", "libs": 0, "err": false}
[132/811] i=131 rc=0 1.1s {"i": 131, "pair": "klibc__2.0.7__2.0.8", "libs": 0, "err": false}
[133/811] i=132 rc=0 1.3s {"i": 132, "pair": "klibc__2.0.8__2.0.9", "libs": 0, "err": false}
[134/811] i=133 rc=0 1.3s {"i": 133, "pair": "klibc__2.0.9__2.0.10", "libs": 1, "err": false}
[135/811] i=134 rc=0 1.3s {"i": 134, "pair": "klibc__2.0.10__2.0.11", "libs": 0, "err": false}
[136/811] i=135 rc=0 1.1s {"i": 135, "pair": "klibc__2.0.11__2.0.12", "libs": 1, "err": false}
[137/811] i=136 rc=0 1.1s {"i": 136, "pair": "klibc__2.0.12__2.0.13", "libs": 0, "err": false}
[138/811] i=138 rc=0 1.5s {"i": 138, "pair": "xz-utils__5.6.0__5.6.1", "libs": 1, "err": false}
[139/811] i=139 rc=0 1.5s {"i": 139, "pair": "xz-utils__5.6.1__5.6.1+really5.4.5", "libs": 1, "err": false}
[140/811] i=140 rc=0 1.3s {"i": 140, "pair": "xz-utils__5.6.1+really5.4.5__5.6.2", "libs": 1, "err": false}
[141/811] i=137 rc=0 2.1s {"i": 137, "pair": "klibc__2.0.13__2.0.14", "libs": 0, "err": false}
[142/811] i=141 rc=0 1.5s {"i": 141, "pair": "xz-utils__5.6.2__5.6.3", "libs": 1, "err": false}
[143/811] i=142 rc=0 1.9s {"i": 142, "pair": "xz-utils__5.6.3__5.6.4", "libs": 1, "err": false}
[144/811] i=143 rc=0 1.5s {"i": 143, "pair": "xz-utils__5.6.4__5.8.0", "libs": 1, "err": false}
[145/811] i=144 rc=0 1.5s {"i": 144, "pair": "xz-utils__5.8.0__5.8.1", "libs": 1, "err": false}
[146/811] i=145 rc=0 1.8s {"i": 145, "pair": "xz-utils__5.8.1__5.8.2", "libs": 1, "err": false}
[147/811] i=148 rc=0 1.6s {"i": 148, "pair": "dbus__1.15.4__1.15.6", "libs": 1, "err": false}
[148/811] i=147 rc=0 2.2s {"i": 147, "pair": "dbus__1.15.2__1.15.4", "libs": 1, "err": false}
[149/811] i=149 rc=0 1.7s {"i": 149, "pair": "dbus__1.15.6__1.15.8", "libs": 1, "err": false}
[150/811] i=146 rc=0 2.8s {"i": 146, "pair": "xz-utils__5.8.2__5.8.3", "libs": 1, "err": false}
[151/811] i=150 rc=0 2.1s {"i": 150, "pair": "dbus__1.15.8__1.15.10", "libs": 1, "err": false}
[152/811] i=151 rc=0 2.0s {"i": 151, "pair": "dbus__1.15.10__1.15.12", "libs": 1, "err": false}
[153/811] i=152 rc=0 1.4s {"i": 152, "pair": "dbus__1.15.12__1.15.90", "libs": 1, "err": false}
[154/811] i=153 rc=0 1.7s {"i": 153, "pair": "dbus__1.15.90__1.15.92", "libs": 1, "err": false}
[155/811] i=154 rc=0 1.6s {"i": 154, "pair": "dbus__1.15.92__1.16.0", "libs": 1, "err": false}
[156/811] i=156 rc=0 1.6s {"i": 156, "pair": "kmod__31__31+20240202", "libs": 1, "err": false}
[157/811] i=157 rc=0 1.3s {"i": 157, "pair": "kmod__31+20240202__32", "libs": 1, "err": false}
[158/811] i=155 rc=0 2.2s {"i": 155, "pair": "dbus__1.16.0__1.16.2", "libs": 1, "err": false}
[159/811] i=158 rc=0 1.6s {"i": 158, "pair": "kmod__32__32+20240327", "libs": 1, "err": false}
[160/811] i=159 rc=0 1.4s {"i": 159, "pair": "kmod__32+20240327__32+20240611", "libs": 1, "err": false}
[161/811] i=160 rc=0 1.6s {"i": 160, "pair": "kmod__32+20240611__33+20240816", "libs": 1, "err": false}
[162/811] i=162 rc=0 1.2s {"i": 162, "pair": "kmod__33+20241031__34", "libs": 1, "err": false}
[163/811] i=161 rc=0 1.3s {"i": 161, "pair": "kmod__33+20240816__33+20241031", "libs": 1, "err": false}
[164/811] i=163 rc=0 1.3s {"i": 163, "pair": "kmod__34__34.1", "libs": 1, "err": false}
[165/811] i=167 rc=0 0.6s {"i": 167, "pair": "pciutils__3.8.0__3.9.0", "libs": 0, "err": true}
[166/811] i=166 rc=0 1.0s {"i": 166, "pair": "pciutils__3.7.0__3.8.0", "libs": 0, "err": true}
[167/811] i=165 rc=0 1.5s {"i": 165, "pair": "pciutils__3.6.4__3.7.0", "libs": 1, "err": false}
[168/811] i=164 rc=0 1.9s {"i": 164, "pair": "kmod__34.1__34.2", "libs": 1, "err": false}
[169/811] i=168 rc=0 1.3s {"i": 168, "pair": "pciutils__3.9.0__3.10.0", "libs": 1, "err": false}
[170/811] i=169 rc=0 1.4s {"i": 169, "pair": "pciutils__3.10.0__3.11.1", "libs": 1, "err": false}
[171/811] i=170 rc=0 1.3s {"i": 170, "pair": "pciutils__3.11.1__3.12.0", "libs": 1, "err": false}
[172/811] i=171 rc=0 1.1s {"i": 171, "pair": "pciutils__3.12.0__3.13.0", "libs": 1, "err": false}
[173/811] i=172 rc=0 1.2s {"i": 172, "pair": "pciutils__3.13.0__3.14.0", "libs": 1, "err": false}
[174/811] i=173 rc=0 1.9s {"i": 173, "pair": "pciutils__3.14.0__3.15.0", "libs": 1, "err": false}
[175/811] i=174 rc=0 2.1s {"i": 174, "pair": "p11-kit__0.25.0__0.25.1", "libs": 1, "err": false}
[176/811] i=175 rc=0 2.2s {"i": 175, "pair": "p11-kit__0.25.1__0.25.2", "libs": 1, "err": false}
[177/811] i=176 rc=0 1.9s {"i": 176, "pair": "p11-kit__0.25.2__0.25.3", "libs": 1, "err": false}
[178/811] i=177 rc=0 2.0s {"i": 177, "pair": "p11-kit__0.25.3__0.25.5", "libs": 1, "err": false}
[179/811] i=178 rc=0 2.6s {"i": 178, "pair": "p11-kit__0.25.5__0.25.9", "libs": 1, "err": false}
[180/811] i=179 rc=0 2.2s {"i": 179, "pair": "p11-kit__0.25.9__0.25.10", "libs": 1, "err": false}
[181/811] i=181 rc=0 1.7s {"i": 181, "pair": "p11-kit__0.26.2__0.26.4", "libs": 1, "err": false}
[182/811] i=180 rc=0 2.1s {"i": 180, "pair": "p11-kit__0.25.10__0.26.2", "libs": 1, "err": false}
[183/811] i=183 rc=0 2.2s {"i": 183, "pair": "gmp__6.1.0+dfsg__6.1.1+dfsg", "libs": 1, "err": false}
[184/811] i=184 rc=0 1.8s {"i": 184, "pair": "gmp__6.1.1+dfsg__6.1.2+dfsg", "libs": 1, "err": false}
[185/811] i=182 rc=0 2.9s {"i": 182, "pair": "p11-kit__0.26.4__0.26.5", "libs": 1, "err": false}
[186/811] i=185 rc=0 1.8s {"i": 185, "pair": "gmp__6.1.2+dfsg__6.2.0+dfsg", "libs": 1, "err": false}
[187/811] i=186 rc=0 1.7s {"i": 186, "pair": "gmp__6.2.0+dfsg__6.2.1+dfsg", "libs": 1, "err": false}
[188/811] i=187 rc=0 2.6s {"i": 187, "pair": "gmp__6.2.1+dfsg__6.2.1+dfsg1", "libs": 1, "err": false}
[189/811] i=189 rc=0 2.0s {"i": 189, "pair": "libxau__1.0.9__1.0.11", "libs": 1, "err": false}
[190/811] i=190 rc=0 2.5s {"i": 190, "pair": "libxcb__1.13__1.13.1", "libs": 1, "err": false}
[191/811] i=188 rc=0 3.1s {"i": 188, "pair": "gmp__6.2.1+dfsg1__6.3.0+dfsg", "libs": 1, "err": false}
[192/811] i=191 rc=0 2.5s {"i": 191, "pair": "libxcb__1.13.1__1.14", "libs": 1, "err": false}
[193/811] i=194 rc=0 2.2s {"i": 194, "pair": "libx11__1.7.4__1.7.5", "libs": 1, "err": false}
[194/811] i=196 rc=0 1.7s {"i": 196, "pair": "libx11__1.8.1__1.8.3", "libs": 1, "err": false}
[195/811] i=192 rc=0 3.9s {"i": 192, "pair": "libxcb__1.14__1.15", "libs": 1, "err": false}
[196/811] i=195 rc=0 1.8s {"i": 195, "pair": "libx11__1.7.5__1.8.1", "libs": 1, "err": false}
[197/811] i=197 rc=0 2.7s {"i": 197, "pair": "libx11__1.8.3__1.8.4", "libs": 1, "err": false}
[198/811] i=198 rc=0 1.8s {"i": 198, "pair": "libx11__1.8.4__1.8.6", "libs": 1, "err": false}
[199/811] i=199 rc=0 1.7s {"i": 199, "pair": "libx11__1.8.6__1.8.7", "libs": 1, "err": false}
[200/811] i=200 rc=0 2.1s {"i": 200, "pair": "libx11__1.8.7__1.8.10", "libs": 1, "err": false}
[201/811] i=203 rc=0 1.0s {"i": 203, "pair": "libcap-ng__0.7.7__0.7.9", "libs": 1, "err": false}
[202/811] i=201 rc=0 2.6s {"i": 201, "pair": "libx11__1.8.10__1.8.12", "libs": 1, "err": false}
[203/811] i=193 rc=0 5.6s {"i": 193, "pair": "libxcb__1.15__1.17.0", "libs": 1, "err": false}
[204/811] i=204 rc=0 1.5s {"i": 204, "pair": "libcap-ng__0.7.9__0.8.3", "libs": 1, "err": false}
[205/811] i=205 rc=0 1.5s {"i": 205, "pair": "libcap-ng__0.8.3__0.8.4", "libs": 2, "err": false}
[206/811] i=207 rc=0 1.1s {"i": 207, "pair": "libcap-ng__0.8.5__0.9.1", "libs": 2, "err": false}
[207/811] i=206 rc=0 1.2s {"i": 206, "pair": "libcap-ng__0.8.4__0.8.5", "libs": 2, "err": false}
[208/811] i=202 rc=0 2.9s {"i": 202, "pair": "libx11__1.8.12__1.8.13", "libs": 1, "err": false}
[209/811] i=208 rc=0 1.4s {"i": 208, "pair": "libcap-ng__0.9.1__0.9.2", "libs": 2, "err": false}
[210/811] i=209 rc=0 1.4s {"i": 209, "pair": "libcap-ng__0.9.2__0.9.3", "libs": 2, "err": false}
[211/811] i=211 rc=0 1.1s {"i": 211, "pair": "audit__3.0.6__3.0.7", "libs": 1, "err": false}
[212/811] i=212 rc=0 1.1s {"i": 212, "pair": "audit__3.0.7__3.0.9", "libs": 1, "err": false}
[213/811] i=210 rc=0 1.7s {"i": 210, "pair": "libcap-ng__0.9.3__0.9.5", "libs": 2, "err": false}
[214/811] i=213 rc=0 1.4s {"i": 213, "pair": "audit__3.0.9__3.1.1", "libs": 1, "err": false}
[215/811] i=214 rc=0 1.5s {"i": 214, "pair": "audit__3.1.1__3.1.2", "libs": 1, "err": false}
[216/811] i=215 rc=0 1.3s {"i": 215, "pair": "audit__3.1.2__4.0.1", "libs": 1, "err": false}
[217/811] i=216 rc=0 1.3s {"i": 216, "pair": "audit__4.0.1__4.0.2", "libs": 1, "err": false}
[218/811] i=217 rc=0 1.4s {"i": 217, "pair": "audit__4.0.2__4.0.5", "libs": 1, "err": false}
[219/811] i=218 rc=0 1.1s {"i": 218, "pair": "audit__4.0.5__4.1.1", "libs": 1, "err": false}
[220/811] i=219 rc=0 1.8s {"i": 219, "pair": "audit__4.1.1__4.1.2", "libs": 1, "err": false}
[221/811] i=220 rc=0 1.9s {"i": 220, "pair": "systemd__257.7__258", "libs": 1, "err": false}
[222/811] i=221 rc=0 2.0s {"i": 221, "pair": "systemd__258__258.1", "libs": 1, "err": false}
[223/811] i=222 rc=0 1.9s {"i": 222, "pair": "systemd__258.1__259", "libs": 1, "err": false}
[224/811] i=223 rc=0 1.8s {"i": 223, "pair": "systemd__259__259.1", "libs": 1, "err": false}
[225/811] i=224 rc=0 2.4s {"i": 224, "pair": "systemd__259.1__260", "libs": 1, "err": false}
[226/811] i=225 rc=0 2.2s {"i": 225, "pair": "systemd__260__260.1", "libs": 1, "err": false}
[227/811] i=226 rc=0 2.0s {"i": 226, "pair": "systemd__260.1__261", "libs": 1, "err": false}
[228/811] i=229 rc=0 1.6s {"i": 229, "pair": "cdebconf__0.275__0.276", "libs": 1, "err": false}
[229/811] i=227 rc=0 2.1s {"i": 227, "pair": "systemd__261__261.1", "libs": 1, "err": false}
[230/811] i=230 rc=0 1.5s {"i": 230, "pair": "cdebconf__0.276__0.277", "libs": 1, "err": false}
[231/811] i=234 rc=0 0.5s {"i": 234, "pair": "cdebconf__0.279+hurd.1__0.280", "libs": 0, "err": true}
[232/811] i=231 rc=0 1.2s {"i": 231, "pair": "cdebconf__0.277__0.278", "libs": 1, "err": false}
[233/811] i=233 rc=0 1.0s {"i": 233, "pair": "cdebconf__0.279__0.279+hurd.1", "libs": 0, "err": true}
[234/811] i=228 rc=0 2.7s {"i": 228, "pair": "systemd__261.1__261.2", "libs": 1, "err": false}
[235/811] i=232 rc=0 1.2s {"i": 232, "pair": "cdebconf__0.278__0.279", "libs": 1, "err": false}
[236/811] i=235 rc=0 1.2s {"i": 235, "pair": "cdebconf__0.280__0.281", "libs": 1, "err": false}
[237/811] i=239 rc=0 1.1s {"i": 239, "pair": "libtasn1-6__4.13__4.14", "libs": 1, "err": false}
[238/811] i=238 rc=0 1.1s {"i": 238, "pair": "libtasn1-6__4.12__4.13", "libs": 1, "err": false}
[239/811] i=236 rc=0 1.7s {"i": 236, "pair": "cdebconf__0.281__0.282", "libs": 1, "err": false}
[240/811] i=240 rc=0 1.8s {"i": 240, "pair": "libtasn1-6__4.14__4.15.0", "libs": 1, "err": false}
[241/811] i=237 rc=0 2.2s {"i": 237, "pair": "cdebconf__0.282__0.283", "libs": 1, "err": false}
[242/811] i=241 rc=0 1.4s {"i": 241, "pair": "libtasn1-6__4.15.0__4.16.0", "libs": 1, "err": false}
[243/811] i=242 rc=0 1.1s {"i": 242, "pair": "libtasn1-6__4.16.0__4.17.0", "libs": 1, "err": false}
[244/811] i=243 rc=0 1.4s {"i": 243, "pair": "libtasn1-6__4.17.0__4.18.0", "libs": 1, "err": false}
[245/811] i=244 rc=0 1.5s {"i": 244, "pair": "libtasn1-6__4.18.0__4.19.0", "libs": 1, "err": false}
[246/811] i=245 rc=0 1.2s {"i": 245, "pair": "libtasn1-6__4.19.0__4.20.0", "libs": 1, "err": false}
[247/811] i=247 rc=0 1.1s {"i": 247, "pair": "libmnl__1.0.3__1.0.4", "libs": 1, "err": false}
[248/811] i=246 rc=0 1.9s {"i": 246, "pair": "libtasn1-6__4.20.0__4.21.0", "libs": 1, "err": false}
[249/811] i=249 rc=0 1.7s {"i": 249, "pair": "cyrus-sasl2__2.1.27+dfsg__2.1.27+dfsg2", "libs": 1, "err": false}
[250/811] i=250 rc=0 1.4s {"i": 250, "pair": "cyrus-sasl2__2.1.27+dfsg2__2.1.28+dfsg", "libs": 1, "err": false}
[251/811] i=248 rc=0 2.1s {"i": 248, "pair": "libmnl__1.0.4__1.0.5", "libs": 1, "err": false}
[252/811] i=251 rc=0 2.2s {"i": 251, "pair": "cyrus-sasl2__2.1.28+dfsg__2.1.28+dfsg1", "libs": 1, "err": false}
[253/811] i=252 rc=0 3.2s {"i": 252, "pair": "libxml2__2.14.1+dfsg__2.14.2+dfsg", "libs": 1, "err": false}
[254/811] i=253 rc=0 3.0s {"i": 253, "pair": "libxml2__2.14.2+dfsg__2.14.3+dfsg", "libs": 1, "err": false}
[255/811] i=255 rc=0 2.8s {"i": 255, "pair": "libxml2__2.14.4+dfsg__2.14.5+dfsg", "libs": 1, "err": false}
[256/811] i=254 rc=0 2.9s {"i": 254, "pair": "libxml2__2.14.3+dfsg__2.14.4+dfsg", "libs": 1, "err": false}
[257/811] i=256 rc=0 3.8s {"i": 256, "pair": "libxml2__2.14.5+dfsg__2.14.6+dfsg", "libs": 1, "err": false}
[258/811] i=261 rc=0 2.3s {"i": 261, "pair": "apparmor__3.0.12__3.0.13", "libs": 1, "err": false}
[259/811] i=258 rc=0 3.2s {"i": 258, "pair": "libxml2__2.15.0+dfsg__2.15.1+dfsg", "libs": 1, "err": false}
[260/811] i=259 rc=0 2.9s {"i": 259, "pair": "libxml2__2.15.1+dfsg__2.15.2+dfsg", "libs": 1, "err": false}
[261/811] i=257 rc=0 4.7s {"i": 257, "pair": "libxml2__2.14.6+dfsg__2.15.0+dfsg", "libs": 1, "err": false}
[262/811] i=262 rc=0 2.0s {"i": 262, "pair": "apparmor__3.0.13__3.1.7", "libs": 1, "err": false}
[263/811] i=260 rc=0 3.8s {"i": 260, "pair": "libxml2__2.15.2+dfsg__2.15.3+dfsg", "libs": 1, "err": false}
[264/811] i=263 rc=0 1.5s {"i": 263, "pair": "apparmor__3.1.7__4.1.0", "libs": 1, "err": false}
[265/811] i=264 rc=0 1.2s {"i": 264, "pair": "apparmor__4.1.0__4.1.3", "libs": 1, "err": false}
[266/811] i=265 rc=0 1.3s {"i": 265, "pair": "apparmor__4.1.3__4.1.6", "libs": 1, "err": false}
[267/811] i=266 rc=0 1.3s {"i": 266, "pair": "apparmor__4.1.6__4.1.7", "libs": 1, "err": false}
[268/811] i=270 rc=0 0.5s {"i": 270, "pair": "libseccomp__2.4.3__2.4.4", "libs": 0, "err": true}
[269/811] i=267 rc=0 1.7s {"i": 267, "pair": "apparmor__4.1.7__4.1.8", "libs": 1, "err": false}
[270/811] i=268 rc=0 1.2s {"i": 268, "pair": "apparmor__4.1.8__5.0.1", "libs": 1, "err": false}
[271/811] i=271 rc=0 1.2s {"i": 271, "pair": "libseccomp__2.4.4__2.5.0", "libs": 1, "err": false}
[272/811] i=272 rc=0 1.5s {"i": 272, "pair": "libseccomp__2.5.0__2.5.1", "libs": 1, "err": false}
[273/811] i=273 rc=0 1.4s {"i": 273, "pair": "libseccomp__2.5.1__2.5.2", "libs": 1, "err": false}
[274/811] i=269 rc=0 2.0s {"i": 269, "pair": "apparmor__5.0.1__5.0.2", "libs": 1, "err": false}
[275/811] i=274 rc=0 1.4s {"i": 274, "pair": "libseccomp__2.5.2__2.5.3", "libs": 1, "err": false}
[276/811] i=275 rc=0 1.3s {"i": 275, "pair": "libseccomp__2.5.3__2.5.4", "libs": 1, "err": false}
[277/811] i=278 rc=0 0.5s {"i": 278, "pair": "libseccomp__2.6.0__2.6.1", "libs": 0, "err": true}
[278/811] i=277 rc=0 1.1s {"i": 277, "pair": "libseccomp__2.5.5__2.6.0", "libs": 0, "err": true}
[279/811] i=276 rc=0 1.6s {"i": 276, "pair": "libseccomp__2.5.4__2.5.5", "libs": 1, "err": false}
[280/811] i=279 rc=0 1.5s {"i": 279, "pair": "lz4__1.8.0__1.8.1.2", "libs": 1, "err": false}
[281/811] i=280 rc=0 1.3s {"i": 280, "pair": "lz4__1.8.1.2__1.8.2", "libs": 1, "err": false}
[282/811] i=281 rc=0 1.3s {"i": 281, "pair": "lz4__1.8.2__1.8.3", "libs": 1, "err": false}
[283/811] i=282 rc=0 1.8s {"i": 282, "pair": "lz4__1.8.3__1.9.1", "libs": 1, "err": false}
[284/811] i=283 rc=0 1.6s {"i": 283, "pair": "lz4__1.9.1__1.9.2", "libs": 1, "err": false}
[285/811] i=284 rc=0 1.8s {"i": 284, "pair": "lz4__1.9.2__1.9.3", "libs": 1, "err": false}
[286/811] i=285 rc=0 1.4s {"i": 285, "pair": "lz4__1.9.3__1.9.4", "libs": 1, "err": false}
[287/811] i=287 rc=0 1.8s {"i": 287, "pair": "libidn2__2.0.4__2.0.5", "libs": 1, "err": false}
[288/811] i=288 rc=0 1.5s {"i": 288, "pair": "libidn2__2.0.5__2.2.0", "libs": 1, "err": false}
[289/811] i=286 rc=0 2.2s {"i": 286, "pair": "lz4__1.9.4__1.10.0", "libs": 1, "err": false}
[290/811] i=289 rc=0 1.7s {"i": 289, "pair": "libidn2__2.2.0__2.3.0", "libs": 1, "err": false}
[291/811] i=290 rc=0 1.5s {"i": 290, "pair": "libidn2__2.3.0__2.3.1", "libs": 1, "err": false}
[292/811] i=293 rc=0 0.5s {"i": 293, "pair": "libidn2__2.3.3__2.3.4", "libs": 0, "err": true}
[293/811] i=292 rc=0 1.0s {"i": 292, "pair": "libidn2__2.3.2__2.3.3", "libs": 0, "err": true}
[294/811] i=291 rc=0 1.6s {"i": 291, "pair": "libidn2__2.3.1__2.3.2", "libs": 1, "err": false}
[295/811] i=294 rc=0 1.5s {"i": 294, "pair": "libidn2__2.3.4__2.3.7", "libs": 1, "err": false}
[296/811] i=296 rc=0 1.2s {"i": 296, "pair": "iptables__1.8.4__1.8.5", "libs": 1, "err": false}
[297/811] i=298 rc=0 1.2s {"i": 298, "pair": "iptables__1.8.6__1.8.7", "libs": 1, "err": false}
[298/811] i=297 rc=0 1.4s {"i": 297, "pair": "iptables__1.8.5__1.8.6", "libs": 1, "err": false}
[299/811] i=295 rc=0 2.1s {"i": 295, "pair": "libidn2__2.3.7__2.3.8", "libs": 1, "err": false}
[300/811] i=299 rc=0 1.6s {"i": 299, "pair": "iptables__1.8.7__1.8.8", "libs": 1, "err": false}
[301/811] i=300 rc=0 1.1s {"i": 300, "pair": "iptables__1.8.8__1.8.9", "libs": 1, "err": false}
[302/811] i=301 rc=0 1.4s {"i": 301, "pair": "iptables__1.8.9__1.8.10", "libs": 1, "err": false}
[303/811] i=302 rc=0 1.2s {"i": 302, "pair": "iptables__1.8.10__1.8.11", "libs": 1, "err": false}
[304/811] i=303 rc=0 1.5s {"i": 303, "pair": "iptables__1.8.11__1.8.12", "libs": 1, "err": false}
[305/811] i=304 rc=0 1.8s {"i": 304, "pair": "iptables__1.8.12__1.8.13", "libs": 1, "err": false}
[306/811] i=307 rc=0 1.4s {"i": 307, "pair": "nghttp2__1.61.0__1.62.1", "libs": 1, "err": false}
[307/811] i=305 rc=0 2.2s {"i": 305, "pair": "nghttp2__1.59.0__1.60.0", "libs": 1, "err": false}
[308/811] i=306 rc=0 2.0s {"i": 306, "pair": "nghttp2__1.60.0__1.61.0", "libs": 1, "err": false}
[309/811] i=308 rc=0 1.6s {"i": 308, "pair": "nghttp2__1.62.1__1.63.0", "libs": 1, "err": false}
[310/811] i=309 rc=0 2.4s {"i": 309, "pair": "nghttp2__1.63.0__1.64.0", "libs": 1, "err": false}
[311/811] i=311 rc=0 1.5s {"i": 311, "pair": "nghttp2__1.68.0__1.68.1", "libs": 1, "err": false}
[312/811] i=310 rc=0 1.9s {"i": 310, "pair": "nghttp2__1.64.0__1.68.0", "libs": 1, "err": false}
[313/811] i=312 rc=0 1.7s {"i": 312, "pair": "nghttp2__1.68.1__1.69.0", "libs": 1, "err": false}
[314/811] i=313 rc=0 2.2s {"i": 313, "pair": "nghttp2__1.69.0__1.70.0", "libs": 1, "err": false}
[315/811] i=314 rc=0 2.1s {"i": 314, "pair": "rtmpdump__2.4+20151223.gitfa8646d__2.4+20151223.gitfa8646d.1", "libs": 1, "err": false}
[316/811] i=315 rc=0 1.7s {"i": 315, "pair": "rtmpdump__2.4+20151223.gitfa8646d.1__2.6", "libs": 1, "err": false}
[317/811] i=316 rc=0 3.3s {"i": 316, "pair": "pcre2__10.36__10.39", "libs": 3, "err": false}
[318/811] i=317 rc=0 3.3s {"i": 317, "pair": "pcre2__10.39__10.40", "libs": 3, "err": false}
[319/811] i=318 rc=0 3.6s {"i": 318, "pair": "pcre2__10.40__10.42", "libs": 3, "err": false}
[320/811] i=319 rc=0 3.2s {"i": 319, "pair": "pcre2__10.42__10.43", "libs": 3, "err": false}
[321/811] i=320 rc=0 3.8s {"i": 320, "pair": "pcre2__10.43__10.44", "libs": 3, "err": false}
[322/811] i=325 rc=0 2.3s {"i": 325, "pair": "libgpg-error__1.49__1.50", "libs": 1, "err": false}
[323/811] i=321 rc=0 5.1s {"i": 321, "pair": "pcre2__10.44__10.45", "libs": 3, "err": false}
[324/811] i=322 rc=0 3.4s {"i": 322, "pair": "pcre2__10.45__10.46", "libs": 3, "err": false}
[325/811] i=323 rc=0 3.8s {"i": 323, "pair": "pcre2__10.46__10.47", "libs": 3, "err": false}
[326/811] i=326 rc=0 3.0s {"i": 326, "pair": "libgpg-error__1.50__1.51", "libs": 1, "err": false}
[327/811] i=327 rc=0 2.1s {"i": 327, "pair": "libgpg-error__1.51__1.53", "libs": 1, "err": false}
[328/811] i=328 rc=0 2.0s {"i": 328, "pair": "libgpg-error__1.53__1.54", "libs": 1, "err": false}
[329/811] i=329 rc=0 2.2s {"i": 329, "pair": "libgpg-error__1.54__1.55", "libs": 1, "err": false}
[330/811] i=330 rc=0 2.1s {"i": 330, "pair": "libgpg-error__1.55__1.56", "libs": 1, "err": false}
[331/811] i=324 rc=0 5.7s {"i": 324, "pair": "pcre2__10.47__10.48", "libs": 3, "err": false}
[332/811] i=331 rc=0 2.5s {"i": 331, "pair": "libgpg-error__1.56__1.58", "libs": 1, "err": false}
[333/811] i=332 rc=0 2.0s {"i": 332, "pair": "libgpg-error__1.58__1.59", "libs": 1, "err": false}
[334/811] i=334 rc=0 2.2s {"i": 334, "pair": "libzstd__1.4.5+dfsg__1.4.8+dfsg", "libs": 1, "err": false}
[335/811] i=335 rc=0 2.1s {"i": 335, "pair": "libzstd__1.4.8+dfsg__1.4.9+dfsg", "libs": 1, "err": false}
[336/811] i=333 rc=0 3.0s {"i": 333, "pair": "libgpg-error__1.59__1.61", "libs": 1, "err": false}
[337/811] i=336 rc=0 2.3s {"i": 336, "pair": "libzstd__1.4.9+dfsg__1.4.10+dfsg", "libs": 1, "err": false}
[338/811] i=337 rc=0 2.0s {"i": 337, "pair": "libzstd__1.4.10+dfsg__1.5.2+dfsg", "libs": 1, "err": false}
[339/811] i=338 rc=0 2.3s {"i": 338, "pair": "libzstd__1.5.2+dfsg__1.5.2+dfsg2", "libs": 1, "err": false}
[340/811] i=339 rc=0 2.0s {"i": 339, "pair": "libzstd__1.5.2+dfsg2__1.5.4+dfsg2", "libs": 1, "err": false}
[341/811] i=340 rc=0 2.1s {"i": 340, "pair": "libzstd__1.5.4+dfsg2__1.5.5+dfsg2", "libs": 1, "err": false}
[342/811] i=341 rc=0 2.0s {"i": 341, "pair": "libzstd__1.5.5+dfsg2__1.5.6+dfsg", "libs": 1, "err": false}
[343/811] i=342 rc=0 2.6s {"i": 342, "pair": "libzstd__1.5.6+dfsg__1.5.7+dfsg", "libs": 1, "err": false}
[344/811] i=343 rc=0 2.3s {"i": 343, "pair": "ncurses__6.4+20240113__6.4+20240414", "libs": 2, "err": false}
[345/811] i=344 rc=0 2.4s {"i": 344, "pair": "ncurses__6.4+20240414__6.5", "libs": 2, "err": false}
[346/811] i=345 rc=0 2.4s {"i": 345, "pair": "ncurses__6.5__6.5+20250125", "libs": 2, "err": false}
[347/811] i=346 rc=0 2.1s {"i": 346, "pair": "ncurses__6.5+20250125__6.5+20250216", "libs": 2, "err": false}
[348/811] i=347 rc=0 2.8s {"i": 347, "pair": "ncurses__6.5+20250216__6.5+20251115", "libs": 2, "err": false}
[349/811] i=348 rc=0 1.9s {"i": 348, "pair": "ncurses__6.5+20251115__6.5+20251122", "libs": 2, "err": false}
[350/811] i=349 rc=0 2.4s {"i": 349, "pair": "ncurses__6.5+20251122__6.5+20251123", "libs": 2, "err": false}
[351/811] i=352 rc=0 1.8s {"i": 352, "pair": "libpipeline__1.4.2__1.5.0", "libs": 1, "err": false}
[352/811] i=353 rc=0 1.2s {"i": 353, "pair": "libpipeline__1.5.0__1.5.1", "libs": 1, "err": false}
[353/811] i=350 rc=0 2.5s {"i": 350, "pair": "ncurses__6.5+20251123__6.6+20251231", "libs": 2, "err": false}
[354/811] i=354 rc=0 1.7s {"i": 354, "pair": "libpipeline__1.5.1__1.5.2", "libs": 1, "err": false}
[355/811] i=355 rc=0 1.6s {"i": 355, "pair": "libpipeline__1.5.2__1.5.3", "libs": 1, "err": false}
[356/811] i=356 rc=0 1.2s {"i": 356, "pair": "libpipeline__1.5.3__1.5.4", "libs": 1, "err": false}
[357/811] i=357 rc=0 1.2s {"i": 357, "pair": "libpipeline__1.5.4__1.5.5", "libs": 1, "err": false}
[358/811] i=351 rc=0 3.4s {"i": 351, "pair": "ncurses__6.6+20251231__6.6+20260608", "libs": 2, "err": false}
[359/811] i=358 rc=0 1.5s {"i": 358, "pair": "libpipeline__1.5.5__1.5.6", "libs": 1, "err": false}
[360/811] i=359 rc=0 1.6s {"i": 359, "pair": "libpipeline__1.5.6__1.5.7", "libs": 1, "err": false}
[361/811] i=361 rc=0 1.3s {"i": 361, "pair": "libnftnl__1.2.3__1.2.4", "libs": 1, "err": false}
[362/811] i=362 rc=0 1.4s {"i": 362, "pair": "libnftnl__1.2.4__1.2.5", "libs": 1, "err": false}
[363/811] i=360 rc=0 1.9s {"i": 360, "pair": "libpipeline__1.5.7__1.5.8", "libs": 1, "err": false}
[364/811] i=363 rc=0 1.6s {"i": 363, "pair": "libnftnl__1.2.5__1.2.6", "libs": 1, "err": false}
[365/811] i=364 rc=0 1.8s {"i": 364, "pair": "libnftnl__1.2.6__1.2.7", "libs": 1, "err": false}
[366/811] i=365 rc=0 1.5s {"i": 365, "pair": "libnftnl__1.2.7__1.2.8", "libs": 1, "err": false}
[367/811] i=366 rc=0 1.5s {"i": 366, "pair": "libnftnl__1.2.8__1.2.9", "libs": 1, "err": false}
[368/811] i=367 rc=0 1.6s {"i": 367, "pair": "libnftnl__1.2.9__1.3.0", "libs": 1, "err": false}
[369/811] i=368 rc=0 1.4s {"i": 368, "pair": "libnftnl__1.3.0__1.3.1", "libs": 1, "err": false}
[370/811] i=370 rc=0 1.5s {"i": 370, "pair": "libusb-1.0__1.0.21__1.0.22", "libs": 1, "err": false}
[371/811] i=371 rc=0 1.5s {"i": 371, "pair": "libusb-1.0__1.0.22__1.0.23", "libs": 1, "err": false}
[372/811] i=372 rc=0 1.3s {"i": 372, "pair": "libusb-1.0__1.0.23__1.0.24", "libs": 1, "err": false}
[373/811] i=369 rc=0 2.4s {"i": 369, "pair": "libnftnl__1.3.1__1.3.2", "libs": 1, "err": false}
[374/811] i=373 rc=0 1.2s {"i": 373, "pair": "libusb-1.0__1.0.24__1.0.25", "libs": 1, "err": false}
[375/811] i=374 rc=0 1.6s {"i": 374, "pair": "libusb-1.0__1.0.25__1.0.26", "libs": 1, "err": false}
[376/811] i=375 rc=0 1.5s {"i": 375, "pair": "libusb-1.0__1.0.26__1.0.27", "libs": 1, "err": false}
[377/811] i=376 rc=0 1.3s {"i": 376, "pair": "libusb-1.0__1.0.27__1.0.28", "libs": 1, "err": false}
[378/811] i=377 rc=0 1.4s {"i": 377, "pair": "libusb-1.0__1.0.28__1.0.29", "libs": 1, "err": false}
[379/811] i=379 rc=0 1.6s {"i": 379, "pair": "jansson__2.7__2.9", "libs": 1, "err": false}
[380/811] i=378 rc=0 1.9s {"i": 378, "pair": "libusb-1.0__1.0.29__1.0.30", "libs": 1, "err": false}
[381/811] i=380 rc=0 1.4s {"i": 380, "pair": "jansson__2.9__2.10", "libs": 1, "err": false}
[382/811] i=381 rc=0 1.3s {"i": 381, "pair": "jansson__2.10__2.11", "libs": 1, "err": false}
[383/811] i=382 rc=0 1.3s {"i": 382, "pair": "jansson__2.11__2.12", "libs": 1, "err": false}
[384/811] i=383 rc=0 1.5s {"i": 383, "pair": "jansson__2.12__2.13.1", "libs": 1, "err": false}
[385/811] i=384 rc=0 1.5s {"i": 384, "pair": "jansson__2.13.1__2.14", "libs": 1, "err": false}
[386/811] i=385 rc=0 1.3s {"i": 385, "pair": "jansson__2.14__2.15.0", "libs": 1, "err": false}
[387/811] i=386 rc=0 2.2s {"i": 386, "pair": "jansson__2.15.0__2.15.1", "libs": 1, "err": false}
[388/811] i=387 rc=0 2.7s {"i": 387, "pair": "libgcrypt20__1.10.2__1.10.3", "libs": 1, "err": false}
[389/811] i=388 rc=0 2.9s {"i": 388, "pair": "libgcrypt20__1.10.3__1.11.0", "libs": 1, "err": false}
[390/811] i=389 rc=0 2.8s {"i": 389, "pair": "libgcrypt20__1.11.0__1.11.0+git20250114", "libs": 1, "err": false}
[391/811] i=390 rc=0 2.7s {"i": 390, "pair": "libgcrypt20__1.11.0+git20250114__1.11.1", "libs": 1, "err": false}
[392/811] i=391 rc=0 3.4s {"i": 391, "pair": "libgcrypt20__1.11.1__1.11.2", "libs": 1, "err": false}
[393/811] i=392 rc=0 3.4s {"i": 392, "pair": "libgcrypt20__1.11.2__1.12.0", "libs": 1, "err": false}
[394/811] i=393 rc=0 3.1s {"i": 393, "pair": "libgcrypt20__1.12.0__1.12.1", "libs": 1, "err": false}
[395/811] i=394 rc=0 2.9s {"i": 394, "pair": "libgcrypt20__1.12.1__1.12.2", "libs": 1, "err": false}
[396/811] i=396 rc=0 2.4s {"i": 396, "pair": "brotli__1.0.2__1.0.3", "libs": 3, "err": false}
[397/811] i=397 rc=0 2.5s {"i": 397, "pair": "brotli__1.0.3__1.0.4", "libs": 3, "err": false}
[398/811] i=395 rc=0 3.8s {"i": 395, "pair": "libgcrypt20__1.12.2__1.12.3", "libs": 1, "err": false}
[399/811] i=398 rc=0 2.1s {"i": 398, "pair": "brotli__1.0.4__1.0.5", "libs": 3, "err": false}
[400/811] i=399 rc=0 1.9s {"i": 399, "pair": "brotli__1.0.5__1.0.6", "libs": 3, "err": false}
[401/811] i=400 rc=0 1.7s {"i": 400, "pair": "brotli__1.0.6__1.0.7", "libs": 3, "err": false}
[402/811] i=401 rc=0 2.7s {"i": 401, "pair": "brotli__1.0.7__1.0.9", "libs": 3, "err": false}
[403/811] i=404 rc=0 1.4s {"i": 404, "pair": "protobuf-c__1.3.1__1.3.2", "libs": 1, "err": false}
[404/811] i=402 rc=0 2.1s {"i": 402, "pair": "brotli__1.0.9__1.1.0", "libs": 3, "err": false}
[405/811] i=405 rc=0 1.5s {"i": 405, "pair": "protobuf-c__1.3.2__1.3.3", "libs": 1, "err": false}
[406/811] i=403 rc=0 2.7s {"i": 403, "pair": "brotli__1.1.0__1.2.0", "libs": 3, "err": false}
[407/811] i=406 rc=0 2.5s {"i": 406, "pair": "protobuf-c__1.3.3__1.4.1", "libs": 1, "err": false}
[408/811] i=408 rc=0 1.4s {"i": 408, "pair": "lmdb__0.9.18__0.9.19", "libs": 1, "err": false}
[409/811] i=409 rc=0 1.3s {"i": 409, "pair": "lmdb__0.9.19__0.9.21", "libs": 1, "err": false}
[410/811] i=407 rc=0 2.2s {"i": 407, "pair": "protobuf-c__1.4.1__1.5.1", "libs": 1, "err": false}
[411/811] i=410 rc=0 1.9s {"i": 410, "pair": "lmdb__0.9.21__0.9.22", "libs": 1, "err": false}
[412/811] i=411 rc=0 2.0s {"i": 411, "pair": "lmdb__0.9.22__0.9.24", "libs": 1, "err": false}
[413/811] i=414 rc=0 1.5s {"i": 414, "pair": "xxhash__0.6.5__0.7.0", "libs": 1, "err": false}
[414/811] i=412 rc=0 1.5s {"i": 412, "pair": "lmdb__0.9.24__0.9.31", "libs": 1, "err": false}
[415/811] i=415 rc=0 1.1s {"i": 415, "pair": "xxhash__0.7.0__0.7.1", "libs": 1, "err": false}
[416/811] i=413 rc=0 2.0s {"i": 413, "pair": "lmdb__0.9.31__0.9.35", "libs": 1, "err": false}
[417/811] i=416 rc=0 1.8s {"i": 416, "pair": "xxhash__0.7.1__0.7.2", "libs": 1, "err": false}
[418/811] i=417 rc=0 1.2s {"i": 417, "pair": "xxhash__0.7.2__0.7.3", "libs": 1, "err": false}
[419/811] i=418 rc=0 1.2s {"i": 418, "pair": "xxhash__0.7.3__0.7.4", "libs": 1, "err": false}
[420/811] i=419 rc=0 1.6s {"i": 419, "pair": "xxhash__0.7.4__0.8.0", "libs": 1, "err": false}
[421/811] i=420 rc=0 1.8s {"i": 420, "pair": "xxhash__0.8.0__0.8.1", "libs": 1, "err": false}
[422/811] i=421 rc=0 1.6s {"i": 421, "pair": "xxhash__0.8.1__0.8.2", "libs": 1, "err": false}
[423/811] i=423 rc=0 1.2s {"i": 423, "pair": "libxcrypt__4.4.26__4.4.27", "libs": 1, "err": false}
[424/811] i=424 rc=0 1.5s {"i": 424, "pair": "libxcrypt__4.4.27__4.4.28", "libs": 1, "err": false}
[425/811] i=422 rc=0 1.9s {"i": 422, "pair": "xxhash__0.8.2__0.8.3", "libs": 1, "err": false}
[426/811] i=425 rc=0 1.7s {"i": 425, "pair": "libxcrypt__4.4.28__4.4.30", "libs": 1, "err": false}
[427/811] i=426 rc=0 1.7s {"i": 426, "pair": "libxcrypt__4.4.30__4.4.33", "libs": 1, "err": false}
[428/811] i=428 rc=0 1.5s {"i": 428, "pair": "libxcrypt__4.4.35__4.4.36", "libs": 1, "err": false}
[429/811] i=429 rc=0 1.3s {"i": 429, "pair": "libxcrypt__4.4.36__4.4.38", "libs": 1, "err": false}
[430/811] i=430 rc=0 1.3s {"i": 430, "pair": "libxcrypt__4.4.38__4.5.1", "libs": 1, "err": false}
[431/811] i=427 rc=0 2.4s {"i": 427, "pair": "libxcrypt__4.4.33__4.4.35", "libs": 1, "err": false}
[432/811] i=431 rc=0 1.8s {"i": 431, "pair": "libxcrypt__4.5.1__4.5.2+20251210", "libs": 1, "err": false}
[433/811] i=432 rc=0 1.3s {"i": 432, "pair": "uchardet__0.0.1__0.0.6", "libs": 1, "err": false}
[434/811] i=433 rc=0 1.8s {"i": 433, "pair": "uchardet__0.0.6__0.0.7", "libs": 1, "err": false}
[435/811] i=435 rc=0 1.5s {"i": 435, "pair": "libmd__0.0.0__1.0.0", "libs": 1, "err": false}
[436/811] i=437 rc=0 1.1s {"i": 437, "pair": "libmd__1.0.1__1.0.3", "libs": 1, "err": false}
[437/811] i=436 rc=0 1.7s {"i": 436, "pair": "libmd__1.0.0__1.0.1", "libs": 1, "err": false}
[438/811] i=434 rc=0 2.3s {"i": 434, "pair": "uchardet__0.0.7__0.0.8", "libs": 1, "err": false}
[439/811] i=438 rc=0 1.6s {"i": 438, "pair": "libmd__1.0.3__1.0.4", "libs": 1, "err": false}
[440/811] i=441 rc=0 0.7s {"i": 441, "pair": "libfido2__1.8.0__1.9.0", "libs": 0, "err": true}
[441/811] i=439 rc=0 1.5s {"i": 439, "pair": "libmd__1.0.4__1.1.0", "libs": 1, "err": false}
[442/811] i=442 rc=0 1.5s {"i": 442, "pair": "libfido2__1.9.0__1.10.0", "libs": 1, "err": false}
[443/811] i=440 rc=0 2.1s {"i": 440, "pair": "libmd__1.1.0__1.2.0", "libs": 1, "err": false}
[444/811] i=443 rc=0 1.5s {"i": 443, "pair": "libfido2__1.10.0__1.11.0", "libs": 1, "err": false}
[445/811] i=444 rc=0 1.5s {"i": 444, "pair": "libfido2__1.11.0__1.12.0", "libs": 1, "err": false}
[446/811] i=445 rc=0 1.5s {"i": 445, "pair": "libfido2__1.12.0__1.13.0", "libs": 1, "err": false}
[447/811] i=448 rc=0 1.3s {"i": 448, "pair": "libfido2__1.15.0__1.16.0", "libs": 1, "err": false}
[448/811] i=446 rc=0 2.3s {"i": 446, "pair": "libfido2__1.13.0__1.14.0", "libs": 1, "err": false}
[449/811] i=447 rc=0 1.8s {"i": 447, "pair": "libfido2__1.14.0__1.15.0", "libs": 1, "err": false}
[450/811] i=450 rc=0 1.4s {"i": 450, "pair": "fstrm__0.4.0__0.6.0", "libs": 1, "err": false}
[451/811] i=449 rc=0 2.2s {"i": 449, "pair": "libfido2__1.16.0__1.17.0", "libs": 1, "err": false}
[452/811] i=451 rc=0 2.0s {"i": 451, "pair": "fstrm__0.6.0__0.6.1", "libs": 1, "err": false}
[453/811] i=453 rc=0 1.1s {"i": 453, "pair": "json-c__0.12.1__0.12.1+ds", "libs": 1, "err": false}
[454/811] i=452 rc=0 1.4s {"i": 452, "pair": "json-c__0.12__0.12.1", "libs": 1, "err": false}
[455/811] i=454 rc=0 1.3s {"i": 454, "pair": "json-c__0.12.1+ds__0.13.1+dfsg", "libs": 1, "err": false}
[456/811] i=457 rc=0 1.2s {"i": 457, "pair": "json-c__0.15__0.16", "libs": 1, "err": false}
[457/811] i=456 rc=0 1.8s {"i": 456, "pair": "json-c__0.14+dfsg__0.15", "libs": 1, "err": false}
[458/811] i=455 rc=0 2.4s {"i": 455, "pair": "json-c__0.13.1+dfsg__0.14+dfsg", "libs": 1, "err": false}
[459/811] i=458 rc=0 1.7s {"i": 458, "pair": "json-c__0.16__0.17", "libs": 1, "err": false}
[460/811] i=459 rc=0 1.6s {"i": 459, "pair": "json-c__0.17__0.18+ds", "libs": 1, "err": false}
[461/811] i=460 rc=0 2.3s {"i": 460, "pair": "json-c__0.18+ds__0.19+ds", "libs": 1, "err": false}
[462/811] i=462 rc=0 2.2s {"i": 462, "pair": "nftables__1.0.8__1.0.9", "libs": 1, "err": false}
[463/811] i=461 rc=0 2.6s {"i": 461, "pair": "nftables__1.0.7__1.0.8", "libs": 1, "err": false}
[464/811] i=463 rc=0 2.4s {"i": 463, "pair": "nftables__1.0.9__1.1.0", "libs": 1, "err": false}
[465/811] i=464 rc=0 2.2s {"i": 464, "pair": "nftables__1.1.0__1.1.1", "libs": 1, "err": false}
[466/811] i=465 rc=0 2.8s {"i": 465, "pair": "nftables__1.1.1__1.1.2", "libs": 1, "err": false}
[467/811] i=466 rc=0 3.1s {"i": 466, "pair": "nftables__1.1.2__1.1.3", "libs": 1, "err": false}
[468/811] i=470 rc=0 1.7s {"i": 470, "pair": "libmaxminddb__1.4.3__1.5.0", "libs": 1, "err": false}
[469/811] i=467 rc=0 2.2s {"i": 467, "pair": "nftables__1.1.3__1.1.4", "libs": 1, "err": false}
[470/811] i=468 rc=0 2.1s {"i": 468, "pair": "nftables__1.1.4__1.1.5", "libs": 1, "err": false}
[471/811] i=471 rc=0 1.8s {"i": 471, "pair": "libmaxminddb__1.5.0__1.5.2", "libs": 1, "err": false}
[472/811] i=469 rc=0 2.9s {"i": 469, "pair": "nftables__1.1.5__1.1.6", "libs": 1, "err": false}
[473/811] i=472 rc=0 1.2s {"i": 472, "pair": "libmaxminddb__1.5.2__1.7.1", "libs": 1, "err": false}
[474/811] i=473 rc=0 1.4s {"i": 473, "pair": "libmaxminddb__1.7.1__1.8.0", "libs": 1, "err": false}
[475/811] i=474 rc=0 1.1s {"i": 474, "pair": "libmaxminddb__1.8.0__1.9.1", "libs": 1, "err": false}
[476/811] i=475 rc=0 1.5s {"i": 475, "pair": "libmaxminddb__1.9.1__1.10.0", "libs": 1, "err": false}
[477/811] i=476 rc=0 1.5s {"i": 476, "pair": "libmaxminddb__1.10.0__1.11.0", "libs": 1, "err": false}
[478/811] i=477 rc=0 1.2s {"i": 477, "pair": "libmaxminddb__1.11.0__1.12.2", "libs": 1, "err": false}
[479/811] i=478 rc=0 1.7s {"i": 478, "pair": "libmaxminddb__1.12.2__1.13.3", "libs": 1, "err": false}
[480/811] i=479 rc=0 1.9s {"i": 479, "pair": "gpm__1.20.4__1.20.7", "libs": 1, "err": false}
[481/811] i=480 rc=0 2.2s {"i": 480, "pair": "libksba__1.6.0__1.6.2", "libs": 1, "err": false}
[482/811] i=481 rc=0 2.1s {"i": 481, "pair": "libksba__1.6.2__1.6.3", "libs": 1, "err": false}
[483/811] i=482 rc=0 1.8s {"i": 482, "pair": "libksba__1.6.3__1.6.4", "libs": 1, "err": false}
[484/811] i=483 rc=0 2.3s {"i": 483, "pair": "libksba__1.6.4__1.6.5", "libs": 1, "err": false}
[485/811] i=484 rc=0 2.1s {"i": 484, "pair": "libksba__1.6.5__1.6.6", "libs": 1, "err": false}
[486/811] i=486 rc=0 2.1s {"i": 486, "pair": "libksba__1.6.7__1.6.8", "libs": 1, "err": false}
[487/811] i=487 rc=0 1.8s {"i": 487, "pair": "libksba__1.6.8__1.8.0", "libs": 1, "err": false}
[488/811] i=485 rc=0 2.6s {"i": 485, "pair": "libksba__1.6.6__1.6.7", "libs": 1, "err": false}
[489/811] i=489 rc=0 1.7s {"i": 489, "pair": "cryptsetup__2.7.2__2.7.4", "libs": 1, "err": false}
[490/811] i=488 rc=0 2.8s {"i": 488, "pair": "libksba__1.8.0__1.8.1", "libs": 1, "err": false}
[491/811] i=490 rc=0 2.0s {"i": 490, "pair": "cryptsetup__2.7.4__2.7.5", "libs": 1, "err": false}
[492/811] i=491 rc=0 1.4s {"i": 491, "pair": "cryptsetup__2.7.5__2.8.0", "libs": 1, "err": false}
[493/811] i=492 rc=0 1.6s {"i": 492, "pair": "cryptsetup__2.8.0__2.8.1", "libs": 1, "err": false}
[494/811] i=493 rc=0 1.6s {"i": 493, "pair": "cryptsetup__2.8.1__2.8.2", "libs": 1, "err": false}
[495/811] i=494 rc=0 1.9s {"i": 494, "pair": "cryptsetup__2.8.2__2.8.3", "libs": 1, "err": false}
[496/811] i=495 rc=0 1.8s {"i": 495, "pair": "cryptsetup__2.8.3__2.8.4", "libs": 1, "err": false}
[497/811] i=496 rc=0 1.6s {"i": 496, "pair": "cryptsetup__2.8.4__2.8.6", "libs": 1, "err": false}
[498/811] i=498 rc=0 1.6s {"i": 498, "pair": "libnetfilter-conntrack__1.0.7__1.0.8", "libs": 1, "err": false}
[499/811] i=499 rc=0 2.0s {"i": 499, "pair": "libnetfilter-conntrack__1.0.8__1.0.9", "libs": 1, "err": false}
[500/811] i=497 rc=0 2.3s {"i": 497, "pair": "cryptsetup__2.8.6__2.8.7", "libs": 1, "err": false}
[501/811] i=500 rc=0 1.8s {"i": 500, "pair": "libnetfilter-conntrack__1.0.9__1.1.0", "libs": 1, "err": false}
[502/811] i=502 rc=0 1.4s {"i": 502, "pair": "libffi__3.4.2__3.4.3", "libs": 1, "err": false}
[503/811] i=503 rc=0 1.6s {"i": 503, "pair": "libffi__3.4.3__3.4.4", "libs": 1, "err": false}
[504/811] i=504 rc=0 1.2s {"i": 504, "pair": "libffi__3.4.4__3.4.6", "libs": 1, "err": false}
[505/811] i=501 rc=0 2.2s {"i": 501, "pair": "libnetfilter-conntrack__1.1.0__1.1.1", "libs": 1, "err": false}
[506/811] i=506 rc=0 1.4s {"i": 506, "pair": "libffi__3.4.7__3.4.8", "libs": 1, "err": false}
[507/811] i=505 rc=0 2.0s {"i": 505, "pair": "libffi__3.4.6__3.4.7", "libs": 1, "err": false}
[508/811] i=507 rc=0 1.6s {"i": 507, "pair": "libffi__3.4.8__3.5.1", "libs": 1, "err": false}
[509/811] i=508 rc=0 1.3s {"i": 508, "pair": "libffi__3.5.1__3.5.2", "libs": 1, "err": false}
[510/811] i=509 rc=0 1.4s {"i": 509, "pair": "libffi__3.5.2__3.7.1", "libs": 1, "err": false}
[511/811] i=510 rc=0 1.9s {"i": 510, "pair": "libffi__3.7.1__3.8.0", "libs": 1, "err": false}
[512/811] i=511 rc=0 1.7s {"i": 511, "pair": "libbpf__1.4.1__1.4.2", "libs": 1, "err": false}
[513/811] i=512 rc=0 1.8s {"i": 512, "pair": "libbpf__1.4.2__1.4.3", "libs": 1, "err": false}
[514/811] i=513 rc=0 1.7s {"i": 513, "pair": "libbpf__1.4.3__1.4.5", "libs": 1, "err": false}
[515/811] i=514 rc=0 1.9s {"i": 514, "pair": "libbpf__1.4.5__1.4.6", "libs": 1, "err": false}
[516/811] i=515 rc=0 2.5s {"i": 515, "pair": "libbpf__1.4.6__1.5.0", "libs": 1, "err": false}
[517/811] i=517 rc=0 1.7s {"i": 517, "pair": "libbpf__1.6.1__1.6.2", "libs": 1, "err": false}
[518/811] i=518 rc=0 1.9s {"i": 518, "pair": "libbpf__1.6.2__1.6.3", "libs": 1, "err": false}
[519/811] i=516 rc=0 2.3s {"i": 516, "pair": "libbpf__1.5.0__1.6.1", "libs": 1, "err": false}
[520/811] i=519 rc=0 2.9s {"i": 519, "pair": "libbpf__1.6.3__1.7.0", "libs": 1, "err": false}
[521/811] i=520 rc=0 2.7s {"i": 520, "pair": "libsepol__3.2__3.3", "libs": 1, "err": false}
[522/811] i=521 rc=0 2.1s {"i": 521, "pair": "libsepol__3.3__3.4", "libs": 1, "err": false}
[523/811] i=522 rc=0 2.1s {"i": 522, "pair": "libsepol__3.4__3.5", "libs": 1, "err": false}
[524/811] i=523 rc=0 2.0s {"i": 523, "pair": "libsepol__3.5__3.7", "libs": 1, "err": false}
[525/811] i=524 rc=0 2.9s {"i": 524, "pair": "libsepol__3.7__3.8", "libs": 1, "err": false}
[526/811] i=525 rc=0 2.0s {"i": 525, "pair": "libsepol__3.8__3.8.1", "libs": 1, "err": false}
[527/811] i=526 rc=0 2.5s {"i": 526, "pair": "libsepol__3.8.1__3.9", "libs": 1, "err": false}
[528/811] i=531 rc=0 0.7s {"i": 531, "pair": "libsemanage__3.4__3.5", "libs": 0, "err": true}
[529/811] i=527 rc=0 2.4s {"i": 527, "pair": "libsepol__3.9__3.10", "libs": 1, "err": false}
[530/811] i=530 rc=0 1.2s {"i": 530, "pair": "libsemanage__3.3__3.4", "libs": 0, "err": true}
[531/811] i=529 rc=0 2.5s {"i": 529, "pair": "libsemanage__3.2__3.3", "libs": 1, "err": false}
[532/811] i=528 rc=0 3.4s {"i": 528, "pair": "libsepol__3.10__3.11", "libs": 1, "err": false}
[533/811] i=532 rc=0 2.1s {"i": 532, "pair": "libsemanage__3.5__3.7", "libs": 1, "err": false}
[534/811] i=534 rc=0 2.1s {"i": 534, "pair": "libsemanage__3.8__3.8.1", "libs": 1, "err": false}
[535/811] i=533 rc=0 2.2s {"i": 533, "pair": "libsemanage__3.7__3.8", "libs": 1, "err": false}
[536/811] i=535 rc=0 3.0s {"i": 535, "pair": "libsemanage__3.8.1__3.9", "libs": 1, "err": false}
[537/811] i=539 rc=0 1.2s {"i": 539, "pair": "numactl__2.0.12__2.0.14", "libs": 1, "err": false}
[538/811] i=538 rc=0 1.4s {"i": 538, "pair": "numactl__2.0.11__2.0.12", "libs": 1, "err": false}
[539/811] i=536 rc=0 3.4s {"i": 536, "pair": "libsemanage__3.9__3.10", "libs": 1, "err": false}
[540/811] i=540 rc=0 2.0s {"i": 540, "pair": "numactl__2.0.14__2.0.15", "libs": 1, "err": false}
[541/811] i=541 rc=0 1.4s {"i": 541, "pair": "numactl__2.0.15__2.0.16", "libs": 1, "err": false}
[542/811] i=542 rc=0 1.2s {"i": 542, "pair": "numactl__2.0.16__2.0.17", "libs": 1, "err": false}
[543/811] i=537 rc=0 3.5s {"i": 537, "pair": "libsemanage__3.10__3.11", "libs": 1, "err": false}
[544/811] i=547 rc=0 0.6s {"i": 547, "pair": "procps__4.0.3__4.0.4", "libs": 0, "err": true}
[545/811] i=543 rc=0 2.1s {"i": 543, "pair": "numactl__2.0.17__2.0.18", "libs": 1, "err": false}
[546/811] i=546 rc=0 1.2s {"i": 546, "pair": "procps__4.0.2__4.0.3", "libs": 0, "err": true}
[547/811] i=545 rc=0 1.7s {"i": 545, "pair": "procps__4.0.1__4.0.2", "libs": 1, "err": false}
[548/811] i=544 rc=0 2.2s {"i": 544, "pair": "numactl__2.0.18__2.0.19", "libs": 1, "err": false}
[549/811] i=548 rc=0 1.5s {"i": 548, "pair": "procps__4.0.4__4.0.6", "libs": 1, "err": false}
[550/811] i=550 rc=0 2.0s {"i": 550, "pair": "fontconfig__2.12.1__2.12.3", "libs": 1, "err": false}
[551/811] i=551 rc=0 2.0s {"i": 551, "pair": "fontconfig__2.12.3__2.12.6", "libs": 1, "err": false}
[552/811] i=552 rc=0 2.4s {"i": 552, "pair": "fontconfig__2.12.6__2.13.0", "libs": 1, "err": false}
[553/811] i=549 rc=0 3.0s {"i": 549, "pair": "procps__4.0.6__4.0.7", "libs": 1, "err": false}
[554/811] i=553 rc=0 2.5s {"i": 553, "pair": "fontconfig__2.13.0__2.13.1", "libs": 1, "err": false}
[555/811] i=558 rc=0 0.6s {"i": 558, "pair": "jemalloc__3.6.0__5.0.1", "libs": 0, "err": true}
[556/811] i=554 rc=0 3.2s {"i": 554, "pair": "fontconfig__2.13.1__2.14.1", "libs": 1, "err": false}
[557/811] i=555 rc=0 2.5s {"i": 555, "pair": "fontconfig__2.14.1__2.14.2", "libs": 1, "err": false}
[558/811] i=556 rc=0 2.5s {"i": 556, "pair": "fontconfig__2.14.2__2.15.0", "libs": 1, "err": false}
[559/811] i=559 rc=0 2.1s {"i": 559, "pair": "jemalloc__5.0.1__5.1.0", "libs": 1, "err": false}
[560/811] i=557 rc=0 3.3s {"i": 557, "pair": "fontconfig__2.15.0__2.17.1", "libs": 1, "err": false}
[561/811] i=560 rc=0 2.8s {"i": 560, "pair": "jemalloc__5.1.0__5.2.1", "libs": 1, "err": false}
[562/811] i=563 rc=0 1.7s {"i": 563, "pair": "libjpeg-turbo__1.5.0__1.5.2", "libs": 1, "err": false}
[563/811] i=561 rc=0 2.7s {"i": 561, "pair": "jemalloc__5.2.1__5.3.0", "libs": 1, "err": false}
[564/811] i=564 rc=0 1.9s {"i": 564, "pair": "libjpeg-turbo__1.5.2__2.0.5", "libs": 1, "err": false}
[565/811] i=565 rc=0 1.5s {"i": 565, "pair": "libjpeg-turbo__2.0.5__2.0.6", "libs": 1, "err": false}
[566/811] i=566 rc=0 1.7s {"i": 566, "pair": "libjpeg-turbo__2.0.6__2.1.1", "libs": 1, "err": false}
[567/811] i=562 rc=0 3.5s {"i": 562, "pair": "jemalloc__5.3.0__5.3.1", "libs": 1, "err": false}
[568/811] i=567 rc=0 1.6s {"i": 567, "pair": "libjpeg-turbo__2.1.1__2.1.2", "libs": 1, "err": false}
[569/811] i=568 rc=0 1.4s {"i": 568, "pair": "libjpeg-turbo__2.1.2__2.1.5", "libs": 1, "err": false}
[570/811] i=569 rc=0 2.2s {"i": 569, "pair": "libjpeg-turbo__2.1.5__3.1.3", "libs": 1, "err": false}
[571/811] i=570 rc=0 2.0s {"i": 570, "pair": "avahi__0.7__0.8", "libs": 1, "err": false}
[572/811] i=571 rc=0 2.7s {"i": 571, "pair": "mpfr4__4.0.0__4.0.1", "libs": 1, "err": false}
[573/811] i=573 rc=0 2.5s {"i": 573, "pair": "mpfr4__4.0.2__4.1.0", "libs": 1, "err": false}
[574/811] i=572 rc=0 2.6s {"i": 572, "pair": "mpfr4__4.0.1__4.0.2", "libs": 1, "err": false}
[575/811] i=574 rc=0 3.6s {"i": 574, "pair": "mpfr4__4.1.0__4.1.1", "libs": 1, "err": false}
[576/811] i=578 rc=0 1.5s {"i": 578, "pair": "libnl3__3.7.0__3.11.0", "libs": 1, "err": false}
[577/811] i=575 rc=0 3.0s {"i": 575, "pair": "mpfr4__4.1.1__4.2.0", "libs": 1, "err": false}
[578/811] i=576 rc=0 3.3s {"i": 576, "pair": "mpfr4__4.2.0__4.2.1", "libs": 1, "err": false}
[579/811] i=577 rc=0 2.6s {"i": 577, "pair": "mpfr4__4.2.1__4.2.2", "libs": 1, "err": false}
[580/811] i=579 rc=0 2.5s {"i": 579, "pair": "libnl3__3.11.0__3.12.0", "libs": 1, "err": false}
[581/811] i=580 rc=0 1.5s {"i": 580, "pair": "libxpm__3.5.12__3.5.17", "libs": 1, "err": false}
[582/811] i=581 rc=0 2.0s {"i": 581, "pair": "libxpm__3.5.17__3.5.19", "libs": 1, "err": false}
[583/811] i=582 rc=0 2.1s {"i": 582, "pair": "libxrender__0.9.10__0.9.12", "libs": 1, "err": false}
[584/811] i=583 rc=0 2.4s {"i": 583, "pair": "libxslt__1.1.32__1.1.34", "libs": 2, "err": false}
[585/811] i=584 rc=0 2.3s {"i": 584, "pair": "libxslt__1.1.34__1.1.35", "libs": 2, "err": false}
[586/811] i=585 rc=0 2.5s {"i": 585, "pair": "libxslt__1.1.35__1.1.39", "libs": 2, "err": false}
[587/811] i=589 rc=0 0.7s {"i": 589, "pair": "libdeflate__1.14__1.15", "libs": 0, "err": true}
[588/811] i=588 rc=0 1.5s {"i": 588, "pair": "libdeflate__1.12__1.14", "libs": 0, "err": true}
[589/811] i=590 rc=0 1.4s {"i": 590, "pair": "libdeflate__1.15__1.18", "libs": 1, "err": false}
[590/811] i=586 rc=0 3.6s {"i": 586, "pair": "libxslt__1.1.39__1.1.43", "libs": 2, "err": false}
[591/811] i=591 rc=0 1.6s {"i": 591, "pair": "libdeflate__1.18__1.19", "libs": 1, "err": false}
[592/811] i=592 rc=0 1.3s {"i": 592, "pair": "libdeflate__1.19__1.20", "libs": 1, "err": false}
[593/811] i=587 rc=0 3.6s {"i": 587, "pair": "libxslt__1.1.43__1.1.45", "libs": 2, "err": false}
[594/811] i=593 rc=0 2.0s {"i": 593, "pair": "libdeflate__1.20__1.21", "libs": 1, "err": false}
[595/811] i=594 rc=0 1.4s {"i": 594, "pair": "libdeflate__1.21__1.22", "libs": 1, "err": false}
[596/811] i=595 rc=0 1.6s {"i": 595, "pair": "libdeflate__1.22__1.23", "libs": 1, "err": false}
[597/811] i=596 rc=0 2.1s {"i": 596, "pair": "libdeflate__1.23__1.25", "libs": 1, "err": false}
[598/811] i=598 rc=0 1.7s {"i": 598, "pair": "mpclib3__1.1.0__1.2.0", "libs": 1, "err": false}
[599/811] i=597 rc=0 2.3s {"i": 597, "pair": "mpclib3__1.0.3__1.1.0", "libs": 1, "err": false}
[600/811] i=599 rc=0 2.0s {"i": 599, "pair": "mpclib3__1.2.0__1.2.1", "libs": 1, "err": false}
[601/811] i=601 rc=0 1.9s {"i": 601, "pair": "fribidi__0.19.7__1.0.4", "libs": 1, "err": false}
[602/811] i=602 rc=0 1.3s {"i": 602, "pair": "fribidi__1.0.4__1.0.5", "libs": 1, "err": false}
[603/811] i=603 rc=0 1.2s {"i": 603, "pair": "fribidi__1.0.5__1.0.7", "libs": 1, "err": false}
[604/811] i=600 rc=0 2.5s {"i": 600, "pair": "mpclib3__1.2.1__1.3.1", "libs": 1, "err": false}
[605/811] i=604 rc=0 1.4s {"i": 604, "pair": "fribidi__1.0.7__1.0.8", "libs": 1, "err": false}
[606/811] i=605 rc=0 1.9s {"i": 605, "pair": "fribidi__1.0.8__1.0.12", "libs": 1, "err": false}
[607/811] i=607 rc=0 1.3s {"i": 607, "pair": "fribidi__1.0.13__1.0.15", "libs": 1, "err": false}
[608/811] i=606 rc=0 1.5s {"i": 606, "pair": "fribidi__1.0.12__1.0.13", "libs": 1, "err": false}
[609/811] i=609 rc=0 1.9s {"i": 609, "pair": "libsodium__1.0.16__1.0.17", "libs": 1, "err": false}
[610/811] i=608 rc=0 2.1s {"i": 608, "pair": "fribidi__1.0.15__1.0.16", "libs": 1, "err": false}
[611/811] i=610 rc=0 2.9s {"i": 610, "pair": "libsodium__1.0.17__1.0.18", "libs": 1, "err": false}
[612/811] i=612 rc=0 2.1s {"i": 612, "pair": "libsodium__1.0.19__1.0.20", "libs": 1, "err": false}
[613/811] i=611 rc=0 2.4s {"i": 611, "pair": "libsodium__1.0.18__1.0.19", "libs": 1, "err": false}
[614/811] i=613 rc=0 2.7s {"i": 613, "pair": "libsodium__1.0.20__1.0.22", "libs": 1, "err": false}
[615/811] i=614 rc=0 2.1s {"i": 614, "pair": "pixman__0.34.0__0.36.0", "libs": 1, "err": false}
[616/811] i=615 rc=0 4.0s {"i": 615, "pair": "pixman__0.36.0__0.40.0", "libs": 1, "err": false}
[617/811] i=616 rc=0 3.3s {"i": 616, "pair": "pixman__0.40.0__0.42.2", "libs": 1, "err": false}
[618/811] i=618 rc=0 3.7s {"i": 618, "pair": "pixman__0.44.0__0.46.4", "libs": 0, "err": true}
[619/811] i=617 rc=0 4.0s {"i": 617, "pair": "pixman__0.42.2__0.44.0", "libs": 1, "err": false}
[620/811] i=619 rc=0 48.8s {"i": 619, "pair": "harfbuzz__10.0.1__10.1.0", "libs": 1, "err": false}
[621/811] i=621 rc=0 49.3s {"i": 621, "pair": "harfbuzz__10.2.0__11.4.5", "libs": 1, "err": false}
[622/811] i=620 rc=0 55.9s {"i": 620, "pair": "harfbuzz__10.1.0__10.2.0", "libs": 1, "err": false}
[623/811] i=622 rc=0 67.7s {"i": 622, "pair": "harfbuzz__11.4.5__11.5.0", "libs": 1, "err": false}
[624/811] i=623 rc=0 68.2s {"i": 623, "pair": "harfbuzz__11.5.0__12.1.0", "libs": 1, "err": false}
[625/811] i=624 rc=0 71.0s {"i": 624, "pair": "harfbuzz__12.1.0__12.2.0", "libs": 1, "err": false}
[626/811] i=628 rc=0 6.4s {"i": 628, "pair": "graphite2__1.3.6__1.3.7", "libs": 1, "err": false}
[627/811] i=629 rc=0 6.3s {"i": 629, "pair": "graphite2__1.3.7__1.3.8", "libs": 1, "err": false}
[628/811] i=632 rc=0 0.9s {"i": 632, "pair": "graphite2__1.3.10__1.3.11", "libs": 0, "err": true}
[629/811] i=633 rc=0 0.4s {"i": 633, "pair": "graphite2__1.3.11__1.3.12", "libs": 0, "err": true}
[630/811] i=630 rc=0 5.6s {"i": 630, "pair": "graphite2__1.3.8__1.3.9", "libs": 1, "err": false}
[631/811] i=631 rc=0 6.2s {"i": 631, "pair": "graphite2__1.3.9__1.3.10", "libs": 1, "err": false}
[632/811] i=634 rc=0 5.1s {"i": 634, "pair": "graphite2__1.3.12__1.3.13", "libs": 1, "err": false}
[633/811] i=635 rc=0 4.4s {"i": 635, "pair": "graphite2__1.3.13__1.3.14", "libs": 1, "err": false}
[634/811] i=636 rc=0 3.4s {"i": 636, "pair": "graphite2__1.3.14__1.3.15", "libs": 1, "err": false}
[635/811] i=637 rc=0 5.2s {"i": 637, "pair": "cairo__1.14.10__1.15.8", "libs": 1, "err": false}
[636/811] i=638 rc=0 5.6s {"i": 638, "pair": "cairo__1.15.8__1.15.10", "libs": 1, "err": false}
[637/811] i=639 rc=0 4.6s {"i": 639, "pair": "cairo__1.15.10__1.15.12", "libs": 1, "err": false}
[638/811] i=640 rc=0 3.9s {"i": 640, "pair": "cairo__1.15.12__1.16.0", "libs": 1, "err": false}
[639/811] i=642 rc=0 5.4s {"i": 642, "pair": "cairo__1.17.8__1.18.0", "libs": 1, "err": false}
[640/811] i=641 rc=0 6.2s {"i": 641, "pair": "cairo__1.16.0__1.17.8", "libs": 1, "err": false}
[641/811] i=643 rc=0 5.2s {"i": 643, "pair": "cairo__1.18.0__1.18.2", "libs": 1, "err": false}
[642/811] i=645 rc=0 2.5s {"i": 645, "pair": "libdrm__2.4.120__2.4.121", "libs": 1, "err": false}
[643/811] i=646 rc=0 1.5s {"i": 646, "pair": "libdrm__2.4.121__2.4.122", "libs": 1, "err": false}
[644/811] i=644 rc=0 4.0s {"i": 644, "pair": "cairo__1.18.2__1.18.4", "libs": 1, "err": false}
[645/811] i=647 rc=0 2.2s {"i": 647, "pair": "libdrm__2.4.122__2.4.123", "libs": 1, "err": false}
[646/811] i=648 rc=0 1.6s {"i": 648, "pair": "libdrm__2.4.123__2.4.124", "libs": 1, "err": false}
[647/811] i=649 rc=0 2.3s {"i": 649, "pair": "libdrm__2.4.124__2.4.125", "libs": 1, "err": false}
[648/811] i=650 rc=0 2.2s {"i": 650, "pair": "libdrm__2.4.125__2.4.127", "libs": 1, "err": false}
[649/811] i=651 rc=0 2.3s {"i": 651, "pair": "libdrm__2.4.127__2.4.129", "libs": 1, "err": false}
[650/811] i=652 rc=0 2.0s {"i": 652, "pair": "libdrm__2.4.129__2.4.131", "libs": 1, "err": false}
[651/811] i=653 rc=0 2.3s {"i": 653, "pair": "libdrm__2.4.131__2.4.134", "libs": 1, "err": false}
[652/811] i=654 rc=0 2.0s {"i": 654, "pair": "libtool__2.4.6__2.4.7", "libs": 1, "err": false}
[653/811] i=655 rc=0 2.2s {"i": 655, "pair": "libtool__2.4.7__2.5.4", "libs": 1, "err": false}
[654/811] i=656 rc=0 2.1s {"i": 656, "pair": "libtool__2.5.4__2.6.2", "libs": 1, "err": false}
[655/811] i=657 rc=0 2.7s {"i": 657, "pair": "lcms2__2.7__2.8", "libs": 1, "err": false}
[656/811] i=658 rc=0 3.5s {"i": 658, "pair": "lcms2__2.8__2.9", "libs": 1, "err": false}
[657/811] i=659 rc=0 2.9s {"i": 659, "pair": "lcms2__2.9__2.13.1", "libs": 1, "err": false}
[658/811] i=660 rc=0 3.0s {"i": 660, "pair": "lcms2__2.13.1__2.14", "libs": 1, "err": false}
[659/811] i=661 rc=0 1.9s {"i": 661, "pair": "lcms2__2.14__2.16", "libs": 1, "err": false}
[660/811] i=662 rc=0 2.6s {"i": 662, "pair": "lcms2__2.16__2.17", "libs": 1, "err": false}
[661/811] i=663 rc=0 2.6s {"i": 663, "pair": "lcms2__2.17__2.19.1", "libs": 1, "err": false}
[662/811] i=664 rc=0 2.2s {"i": 664, "pair": "libthai__0.1.24__0.1.25", "libs": 1, "err": false}
[663/811] i=665 rc=0 2.0s {"i": 665, "pair": "libthai__0.1.25__0.1.26", "libs": 1, "err": false}
[664/811] i=666 rc=0 1.4s {"i": 666, "pair": "libthai__0.1.26__0.1.27", "libs": 1, "err": false}
[665/811] i=667 rc=0 2.0s {"i": 667, "pair": "libthai__0.1.27__0.1.28", "libs": 1, "err": false}
[666/811] i=668 rc=0 2.0s {"i": 668, "pair": "libthai__0.1.28__0.1.29", "libs": 1, "err": false}
[667/811] i=669 rc=0 2.2s {"i": 669, "pair": "libthai__0.1.29__0.1.30", "libs": 1, "err": false}
[668/811] i=670 rc=0 2.0s {"i": 670, "pair": "libdatrie__0.2.10__0.2.11", "libs": 1, "err": false}
[669/811] i=625 rc=0 69.7s {"i": 625, "pair": "harfbuzz__12.2.0__12.3.0", "libs": 1, "err": false}
[670/811] i=671 rc=0 2.0s {"i": 671, "pair": "libdatrie__0.2.11__0.2.12", "libs": 1, "err": false}
[671/811] i=672 rc=0 1.7s {"i": 672, "pair": "libdatrie__0.2.12__0.2.13", "libs": 1, "err": false}
[672/811] i=626 rc=0 68.4s {"i": 626, "pair": "harfbuzz__12.3.0__12.3.1", "libs": 1, "err": false}
[673/811] i=627 rc=0 64.1s {"i": 627, "pair": "harfbuzz__12.3.1__12.3.2", "libs": 1, "err": false}
[674/811] i=673 rc=0 2.0s {"i": 673, "pair": "libdatrie__0.2.13__0.2.14", "libs": 1, "err": false}
[675/811] i=674 rc=0 2.0s {"i": 674, "pair": "libgd2__2.2.3-87-gd0fec80__2.2.4", "libs": 1, "err": false}
[676/811] i=675 rc=0 2.0s {"i": 675, "pair": "libgd2__2.2.4__2.2.5", "libs": 1, "err": false}
[677/811] i=676 rc=0 1.9s {"i": 676, "pair": "libgd2__2.2.5__2.3.0", "libs": 1, "err": false}
[678/811] i=678 rc=0 1.4s {"i": 678, "pair": "libyaml__0.1.7__0.2.1", "libs": 1, "err": false}
[679/811] i=679 rc=0 1.6s {"i": 679, "pair": "libyaml__0.2.1__0.2.2", "libs": 1, "err": false}
[680/811] i=677 rc=0 2.7s {"i": 677, "pair": "libgd2__2.3.0__2.3.3", "libs": 1, "err": false}
[681/811] i=680 rc=0 2.2s {"i": 680, "pair": "libyaml__0.2.2__0.2.5", "libs": 1, "err": false}
[682/811] i=681 rc=0 2.0s {"i": 681, "pair": "pango1.0__1.54.0+ds__1.55.0+ds", "libs": 1, "err": false}
[683/811] i=682 rc=0 1.9s {"i": 682, "pair": "pango1.0__1.55.0+ds__1.56.0", "libs": 1, "err": false}
[684/811] i=683 rc=0 2.0s {"i": 683, "pair": "pango1.0__1.56.0__1.56.1", "libs": 1, "err": false}
[685/811] i=684 rc=0 2.3s {"i": 684, "pair": "pango1.0__1.56.1__1.56.2", "libs": 1, "err": false}
[686/811] i=685 rc=0 2.0s {"i": 685, "pair": "pango1.0__1.56.2__1.56.3", "libs": 1, "err": false}
[687/811] i=686 rc=0 2.2s {"i": 686, "pair": "pango1.0__1.56.3__1.56.4", "libs": 1, "err": false}
[688/811] i=687 rc=0 2.0s {"i": 687, "pair": "pango1.0__1.56.4__1.57.0", "libs": 1, "err": false}
[689/811] i=688 rc=0 2.0s {"i": 688, "pair": "pango1.0__1.57.0__1.57.1", "libs": 1, "err": false}
[690/811] i=690 rc=0 1.5s {"i": 690, "pair": "libxfixes__5.0.2__5.0.3", "libs": 1, "err": false}
[691/811] i=695 rc=0 0.7s {"i": 695, "pair": "libxi__1.8__1.8.1", "libs": 0, "err": true}
[692/811] i=689 rc=0 2.8s {"i": 689, "pair": "pango1.0__1.57.1__1.58.0", "libs": 1, "err": false}
[693/811] i=691 rc=0 2.0s {"i": 691, "pair": "libxfixes__5.0.3__6.0.0", "libs": 1, "err": false}
[694/811] i=692 rc=0 1.6s {"i": 692, "pair": "libxi__1.7.8__1.7.9", "libs": 1, "err": false}
[695/811] i=694 rc=0 1.2s {"i": 694, "pair": "libxi__1.7.10__1.8", "libs": 0, "err": true}
[696/811] i=693 rc=0 1.4s {"i": 693, "pair": "libxi__1.7.9__1.7.10", "libs": 1, "err": false}
[697/811] i=696 rc=0 1.4s {"i": 696, "pair": "libxi__1.8.1__1.8.2", "libs": 1, "err": false}
[698/811] i=697 rc=0 2.1s {"i": 697, "pair": "libxi__1.8.2__1.8.3", "libs": 1, "err": false}
[699/811] i=702 rc=0 2.3s {"i": 702, "pair": "isl__0.23__0.24", "libs": 1, "err": false}
[700/811] i=701 rc=0 4.1s {"i": 701, "pair": "isl__0.22.1__0.23", "libs": 1, "err": false}
[701/811] i=699 rc=0 4.3s {"i": 699, "pair": "isl__0.21__0.22", "libs": 1, "err": false}
[702/811] i=700 rc=0 4.7s {"i": 700, "pair": "isl__0.22__0.22.1", "libs": 1, "err": false}
[703/811] i=707 rc=0 2.2s {"i": 707, "pair": "libxrandr__1.5.1__1.5.2", "libs": 1, "err": false}
[704/811] i=703 rc=0 5.1s {"i": 703, "pair": "isl__0.24__0.25", "libs": 1, "err": false}
[705/811] i=708 rc=0 1.3s {"i": 708, "pair": "libxrandr__1.5.2__1.5.4", "libs": 1, "err": false}
[706/811] i=709 rc=0 2.3s {"i": 709, "pair": "libice__1.0.10__1.1.1", "libs": 1, "err": false}
[707/811] i=710 rc=0 2.3s {"i": 710, "pair": "libsm__1.2.3__1.2.4", "libs": 1, "err": false}
[708/811] i=704 rc=0 7.3s {"i": 704, "pair": "isl__0.25__0.26", "libs": 1, "err": false}
[709/811] i=705 rc=0 6.8s {"i": 705, "pair": "isl__0.26__0.27", "libs": 1, "err": false}
[710/811] i=711 rc=0 2.0s {"i": 711, "pair": "libsm__1.2.4__1.2.6", "libs": 1, "err": false}
[711/811] i=706 rc=0 7.6s {"i": 706, "pair": "isl__0.27__0.28", "libs": 1, "err": false}
[712/811] i=712 rc=0 2.1s {"i": 712, "pair": "libwebp__0.4.4__0.5.1", "libs": 1, "err": false}
[713/811] i=713 rc=0 2.4s {"i": 713, "pair": "libwebp__0.5.1__0.6.0", "libs": 1, "err": false}
[714/811] i=714 rc=0 2.3s {"i": 714, "pair": "libwebp__0.6.0__0.6.1", "libs": 1, "err": false}
[715/811] i=715 rc=0 2.4s {"i": 715, "pair": "libwebp__0.6.1__1.2.1", "libs": 1, "err": false}
[716/811] i=698 rc=0 14.8s {"i": 698, "pair": "isl__0.20__0.21", "libs": 1, "err": false}
[717/811] i=716 rc=0 3.0s {"i": 716, "pair": "libwebp__1.2.1__1.2.2", "libs": 1, "err": false}
[718/811] i=717 rc=0 2.5s {"i": 717, "pair": "libwebp__1.2.2__1.2.4", "libs": 1, "err": false}
[719/811] i=718 rc=0 2.0s {"i": 718, "pair": "libwebp__1.2.4__1.3.2", "libs": 1, "err": false}
[720/811] i=719 rc=0 2.2s {"i": 719, "pair": "libwebp__1.3.2__1.4.0", "libs": 1, "err": false}
[721/811] i=721 rc=0 1.4s {"i": 721, "pair": "libxcursor__1.1.14__1.1.15", "libs": 1, "err": false}
[722/811] i=722 rc=0 1.4s {"i": 722, "pair": "libxcursor__1.1.15__1.2.0", "libs": 1, "err": false}
[723/811] i=723 rc=0 1.4s {"i": 723, "pair": "libxcursor__1.2.0__1.2.1", "libs": 1, "err": false}
[724/811] i=720 rc=0 2.8s {"i": 720, "pair": "libwebp__1.4.0__1.5.0", "libs": 1, "err": false}
[725/811] i=724 rc=0 1.4s {"i": 724, "pair": "libxcursor__1.2.1__1.2.2", "libs": 1, "err": false}
[726/811] i=725 rc=0 1.8s {"i": 725, "pair": "libxcursor__1.2.2__1.2.3", "libs": 1, "err": false}
[727/811] i=728 rc=0 8.0s {"i": 728, "pair": "libde265__1.0.9__1.0.11", "libs": 1, "err": false}
[728/811] i=729 rc=0 13.1s {"i": 729, "pair": "libde265__1.0.11__1.0.12", "libs": 1, "err": false}
[729/811] i=730 rc=0 13.6s {"i": 730, "pair": "libde265__1.0.12__1.0.13", "libs": 1, "err": false}
[730/811] i=731 rc=0 14.0s {"i": 731, "pair": "libde265__1.0.13__1.0.15", "libs": 1, "err": false}
[731/811] i=726 rc=0 15.6s {"i": 726, "pair": "libde265__1.0.7__1.0.8", "libs": 1, "err": false}
[732/811] i=732 rc=0 8.1s {"i": 732, "pair": "libde265__1.0.15__1.0.16", "libs": 1, "err": false}
[733/811] i=735 rc=0 5.5s {"i": 735, "pair": "lerc__3.0+ds__4.0.0+ds", "libs": 1, "err": false}
[734/811] i=733 rc=0 8.3s {"i": 733, "pair": "libde265__1.0.16__1.0.18", "libs": 1, "err": false}
[735/811] i=736 rc=0 6.7s {"i": 736, "pair": "lerc__4.0.0+ds__4.1.0+ds", "libs": 1, "err": false}
[736/811] i=739 rc=0 0.8s {"i": 739, "pair": "librsvg__2.58.0+dfsg__2.58.93+dfsg", "libs": 0, "err": true}
[737/811] i=727 rc=0 22.7s {"i": 727, "pair": "libde265__1.0.8__1.0.9", "libs": 1, "err": false}
[738/811] i=737 rc=0 6.6s {"i": 737, "pair": "lerc__4.1.0+ds__4.1.1+ds", "libs": 1, "err": false}
[739/811] i=734 rc=0 9.2s {"i": 734, "pair": "libde265__1.0.18__1.1.1", "libs": 1, "err": false}
[740/811] i=744 rc=0 0.9s {"i": 744, "pair": "librsvg__2.59.2+dfsg__2.59.90+dfsg", "libs": 0, "err": true}
[741/811] i=743 rc=0 1.8s {"i": 743, "pair": "librsvg__2.59.1+dfsg__2.59.2+dfsg", "libs": 0, "err": true}
[742/811] i=738 rc=0 5.6s {"i": 738, "pair": "lerc__4.1.1+ds__4.2.0+ds", "libs": 1, "err": false}
[743/811] i=741 rc=0 4.7s {"i": 741, "pair": "librsvg__2.58.94+dfsg__2.59.0+dfsg", "libs": 1, "err": false}
[744/811] i=742 rc=0 4.7s {"i": 742, "pair": "librsvg__2.59.0+dfsg__2.59.1+dfsg", "libs": 1, "err": false}
[745/811] i=745 rc=0 5.2s {"i": 745, "pair": "librsvg__2.59.90+dfsg__2.60.0+dfsg", "libs": 1, "err": false}
[746/811] i=748 rc=0 3.2s {"i": 748, "pair": "tiff__4.2.0__4.3.0", "libs": 1, "err": false}
[747/811] i=746 rc=0 5.8s {"i": 746, "pair": "librsvg__2.60.0+dfsg__2.61.3+dfsg", "libs": 1, "err": false}
[748/811] i=749 rc=0 3.8s {"i": 749, "pair": "tiff__4.3.0__4.4.0", "libs": 1, "err": false}
[749/811] i=747 rc=0 5.7s {"i": 747, "pair": "librsvg__2.61.3+dfsg__2.62.1+dfsg", "libs": 1, "err": false}
[750/811] i=750 rc=0 3.1s {"i": 750, "pair": "tiff__4.4.0__4.5.0", "libs": 1, "err": false}
[751/811] i=751 rc=0 2.4s {"i": 751, "pair": "tiff__4.5.0__4.5.1", "libs": 1, "err": false}
[752/811] i=752 rc=0 3.2s {"i": 752, "pair": "tiff__4.5.1__4.5.1+git230720", "libs": 1, "err": false}
[753/811] i=753 rc=0 3.0s {"i": 753, "pair": "tiff__4.5.1+git230720__4.6.0", "libs": 1, "err": false}
[754/811] i=754 rc=0 2.9s {"i": 754, "pair": "tiff__4.6.0__4.7.0", "libs": 1, "err": false}
[755/811] i=755 rc=0 2.8s {"i": 755, "pair": "tiff__4.7.0__4.7.1", "libs": 1, "err": false}
[756/811] i=757 rc=0 2.1s {"i": 757, "pair": "gobject-introspection__1.78.1__1.79.1", "libs": 1, "err": false}
[757/811] i=758 rc=0 2.1s {"i": 758, "pair": "gobject-introspection__1.79.1__1.80.0", "libs": 1, "err": false}
[758/811] i=756 rc=0 3.5s {"i": 756, "pair": "tiff__4.7.1__4.7.2", "libs": 1, "err": false}
[759/811] i=759 rc=0 2.0s {"i": 759, "pair": "gobject-introspection__1.80.0__1.80.1", "libs": 1, "err": false}
[760/811] i=760 rc=0 2.4s {"i": 760, "pair": "gobject-introspection__1.80.1__1.81.4", "libs": 1, "err": false}
[761/811] i=762 rc=0 1.8s {"i": 762, "pair": "gobject-introspection__1.82.0__1.83.2", "libs": 1, "err": false}
[762/811] i=761 rc=0 2.3s {"i": 761, "pair": "gobject-introspection__1.81.4__1.82.0", "libs": 1, "err": false}
[763/811] i=763 rc=0 2.0s {"i": 763, "pair": "gobject-introspection__1.83.2__1.83.4", "libs": 1, "err": false}
[764/811] i=764 rc=0 2.3s {"i": 764, "pair": "gobject-introspection__1.83.4__1.84.0", "libs": 1, "err": false}
[765/811] i=766 rc=0 1.5s {"i": 766, "pair": "nspr__4.29__4.32", "libs": 3, "err": false}
[766/811] i=767 rc=0 1.6s {"i": 767, "pair": "nspr__4.32__4.33", "libs": 3, "err": false}
[767/811] i=765 rc=0 2.3s {"i": 765, "pair": "gobject-introspection__1.84.0__1.86.0", "libs": 1, "err": false}
[768/811] i=771 rc=0 0.7s {"i": 771, "pair": "nspr__4.35__4.36", "libs": 0, "err": true}
[769/811] i=768 rc=0 2.2s {"i": 768, "pair": "nspr__4.33__4.34", "libs": 3, "err": false}
[770/811] i=770 rc=0 1.4s {"i": 770, "pair": "nspr__4.34.1__4.35", "libs": 0, "err": true}
[771/811] i=769 rc=0 2.0s {"i": 769, "pair": "nspr__4.34__4.34.1", "libs": 3, "err": false}
[772/811] i=772 rc=0 2.0s {"i": 772, "pair": "nspr__4.36__4.37", "libs": 3, "err": false}
[773/811] i=773 rc=0 1.5s {"i": 773, "pair": "nspr__4.37__4.38.2", "libs": 3, "err": false}
[774/811] i=774 rc=0 2.3s {"i": 774, "pair": "nspr__4.38.2__4.39", "libs": 3, "err": false}
[775/811] i=778 rc=0 2.4s {"i": 778, "pair": "libxcomposite__0.4.5__0.4.6", "libs": 1, "err": false}
[776/811] i=779 rc=0 1.9s {"i": 779, "pair": "libxdamage__1.1.4__1.1.5", "libs": 1, "err": false}
[777/811] i=780 rc=0 1.3s {"i": 780, "pair": "libxdamage__1.1.5__1.1.6", "libs": 1, "err": false}
[778/811] i=781 rc=0 1.6s {"i": 781, "pair": "libxdamage__1.1.6__1.1.7", "libs": 1, "err": false}
[779/811] i=782 rc=0 2.8s {"i": 782, "pair": "nss__3.116__3.117", "libs": 9, "err": false}
[780/811] i=783 rc=0 3.6s {"i": 783, "pair": "nss__3.117__3.119", "libs": 9, "err": false}
[781/811] i=784 rc=0 3.0s {"i": 784, "pair": "nss__3.119__3.120", "libs": 9, "err": false}
[782/811] i=785 rc=0 2.6s {"i": 785, "pair": "nss__3.120__3.121", "libs": 9, "err": false}
[783/811] i=786 rc=0 2.7s {"i": 786, "pair": "nss__3.121__3.123", "libs": 9, "err": false}
[784/811] i=776 rc=0 13.6s {"i": 776, "pair": "aspell__0.60.8__0.60.8.1", "libs": 11, "err": false}
[785/811] i=775 rc=0 14.2s {"i": 775, "pair": "aspell__0.60.7__0.60.8", "libs": 10, "err": false}
[786/811] i=787 rc=0 2.8s {"i": 787, "pair": "nss__3.123__3.123.1", "libs": 9, "err": false}
[787/811] i=777 rc=0 13.8s {"i": 777, "pair": "aspell__0.60.8.1__0.60.8.2", "libs": 11, "err": false}
[788/811] i=792 rc=0 0.9s {"i": 792, "pair": "libpciaccess__0.14__0.16", "libs": 0, "err": true}
[789/811] i=788 rc=0 2.5s {"i": 788, "pair": "nss__3.123.1__3.124", "libs": 9, "err": false}
[790/811] i=791 rc=0 1.4s {"i": 791, "pair": "libpciaccess__0.13.4__0.14", "libs": 0, "err": true}
[791/811] i=789 rc=0 2.7s {"i": 789, "pair": "nss__3.124__3.126", "libs": 9, "err": false}
[792/811] i=793 rc=0 0.8s {"i": 793, "pair": "libpciaccess__0.16__0.17", "libs": 0, "err": true}
[793/811] i=794 rc=0 1.6s {"i": 794, "pair": "libpciaccess__0.17__0.18.1", "libs": 1, "err": false}
[794/811] i=790 rc=0 3.5s {"i": 790, "pair": "nss__3.126__3.127", "libs": 9, "err": false}
[795/811] i=740 rc=0 36.6s {"i": 740, "pair": "librsvg__2.58.93+dfsg__2.58.94+dfsg", "libs": 1, "err": false}
[796/811] i=796 rc=0 1.6s {"i": 796, "pair": "openjpeg2__2.3.0__2.3.1", "libs": 1, "err": false}
[797/811] i=795 rc=0 2.2s {"i": 795, "pair": "libpciaccess__0.18.1__0.19", "libs": 1, "err": false}
[798/811] i=802 rc=0 0.8s {"i": 802, "pair": "libxshmfence__1.3__1.3.3", "libs": 0, "err": true}
[799/811] i=797 rc=0 2.4s {"i": 797, "pair": "openjpeg2__2.3.1__2.4.0", "libs": 1, "err": false}
[800/811] i=801 rc=0 1.2s {"i": 801, "pair": "libxshmfence__1.2__1.3", "libs": 0, "err": true}
[801/811] i=798 rc=0 2.0s {"i": 798, "pair": "openjpeg2__2.4.0__2.5.0", "libs": 1, "err": false}
[802/811] i=799 rc=0 1.8s {"i": 799, "pair": "openjpeg2__2.5.0__2.5.3", "libs": 1, "err": false}
[803/811] i=800 rc=0 2.6s {"i": 800, "pair": "openjpeg2__2.5.3__2.5.4", "libs": 1, "err": false}
[804/811] i=803 rc=0 1.8s {"i": 803, "pair": "snappy__1.1.3__1.1.4", "libs": 1, "err": false}
[805/811] i=804 rc=0 1.8s {"i": 804, "pair": "snappy__1.1.4__1.1.6", "libs": 1, "err": false}
[806/811] i=805 rc=0 1.9s {"i": 805, "pair": "snappy__1.1.6__1.1.7", "libs": 1, "err": false}
[807/811] i=806 rc=0 2.0s {"i": 806, "pair": "snappy__1.1.7__1.1.8", "libs": 1, "err": false}
[808/811] i=807 rc=0 2.7s {"i": 807, "pair": "snappy__1.1.8__1.1.9", "libs": 1, "err": false}
[809/811] i=808 rc=0 2.2s {"i": 808, "pair": "snappy__1.1.9__1.1.10", "libs": 1, "err": false}
[810/811] i=809 rc=0 2.3s {"i": 809, "pair": "snappy__1.1.10__1.2.1", "libs": 1, "err": false}
[811/811] i=810 rc=0 3.0s {"i": 810, "pair": "snappy__1.2.1__1.2.2", "libs": 1, "err": false}
ALL DONE
