769 pairs total, 769 to do, 6 workers
[1/769] i=0 rc=0 0.5s {"i": 0, "pair": "acl__2.2.52__2.2.53", "libs": 1, "err": false}
[2/769] i=1 rc=0 0.5s {"i": 1, "pair": "acl__2.2.53__2.3.1", "libs": 1, "err": false}
[3/769] i=2 rc=0 0.5s {"i": 2, "pair": "acl__2.3.1__2.3.2", "libs": 1, "err": false}
[4/769] i=3 rc=0 0.5s {"i": 3, "pair": "acl__2.3.2__2.4.0", "libs": 1, "err": false}
[5/769] i=4 rc=0 0.5s {"i": 4, "pair": "bzip2__1.0.6__1.0.8", "libs": 1, "err": false}
[6/769] i=10 rc=0 0.5s {"i": 10, "pair": "attr__2.4.47__2.4.48", "libs": 1, "err": false}
[7/769] i=5 rc=0 1.5s {"i": 5, "pair": "pam__1.1.8__1.3.1", "libs": 43, "err": false}
[8/769] i=11 rc=0 0.5s {"i": 11, "pair": "attr__2.4.48__2.5.1", "libs": 1, "err": false}
[9/769] i=12 rc=0 0.5s {"i": 12, "pair": "attr__2.5.1__2.5.2", "libs": 1, "err": false}
[10/769] i=13 rc=0 0.5s {"i": 13, "pair": "attr__2.5.2__2.6.0", "libs": 1, "err": false}
[11/769] i=6 rc=0 1.7s {"i": 6, "pair": "pam__1.3.1__1.4.0", "libs": 41, "err": false}
[12/769] i=9 rc=0 1.9s {"i": 9, "pair": "pam__1.5.3__1.7.0", "libs": 43, "err": false}
[13/769] i=7 rc=0 2.0s {"i": 7, "pair": "pam__1.4.0__1.5.2", "libs": 44, "err": false}
[14/769] i=8 rc=0 2.0s {"i": 8, "pair": "pam__1.5.2__1.5.3", "libs": 43, "err": false}
[15/769] i=16 rc=0 0.5s {"i": 16, "pair": "gcc-16__16-20260307__16-20260308", "libs": 0, "err": true}
[16/769] i=17 rc=0 0.5s {"i": 17, "pair": "gcc-16__16-20260308__16-20260315", "libs": 0, "err": true}
[17/769] i=14 rc=0 40.3s {"i": 14, "pair": "gcc-16__16-20260217__16-20260226", "libs": 1, "err": false}
[18/769] i=18 rc=0 39.9s {"i": 18, "pair": "gcc-16__16-20260315__16-20260322", "libs": 1, "err": false}
[19/769] i=15 rc=0 40.5s {"i": 15, "pair": "gcc-16__16-20260226__16-20260307", "libs": 1, "err": false}
[20/769] i=23 rc=0 0.8s {"i": 23, "pair": "util-linux__2.40.3__2.40.4", "libs": 1, "err": false}
[21/769] i=24 rc=0 0.8s {"i": 24, "pair": "util-linux__2.40.4__2.41", "libs": 1, "err": false}
[22/769] i=25 rc=0 0.8s {"i": 25, "pair": "util-linux__2.41__2.41.1", "libs": 1, "err": false}
[23/769] i=19 rc=0 41.4s {"i": 19, "pair": "gcc-16__16-20260322__16-20260423", "libs": 1, "err": false}
[24/769] i=26 rc=0 0.7s {"i": 26, "pair": "util-linux__2.41.1__2.41.2", "libs": 1, "err": false}
[25/769] i=27 rc=0 0.8s {"i": 27, "pair": "util-linux__2.41.2__2.41.3", "libs": 1, "err": false}
[26/769] i=28 rc=0 0.8s {"i": 28, "pair": "util-linux__2.41.3__2.41.5", "libs": 1, "err": false}
[27/769] i=29 rc=0 0.8s {"i": 29, "pair": "util-linux__2.41.5__2.42", "libs": 1, "err": false}
[28/769] i=32 rc=0 0.7s {"i": 32, "pair": "libselinux__3.2__3.3", "libs": 1, "err": false}
[29/769] i=30 rc=0 1.1s {"i": 30, "pair": "util-linux__2.42__2.42.1", "libs": 1, "err": false}
[30/769] i=33 rc=0 0.5s {"i": 33, "pair": "libselinux__3.3__3.4", "libs": 0, "err": true}
[31/769] i=31 rc=0 1.5s {"i": 31, "pair": "util-linux__2.42.1__2.42.2", "libs": 1, "err": false}
[32/769] i=34 rc=0 0.5s {"i": 34, "pair": "libselinux__3.4__3.5", "libs": 0, "err": true}
[33/769] i=20 rc=0 43.7s {"i": 20, "pair": "gcc-16__16-20260423__16-20260425", "libs": 1, "err": false}
[34/769] i=21 rc=0 43.8s {"i": 21, "pair": "gcc-16__16-20260425__16.1.0", "libs": 1, "err": false}
[35/769] i=35 rc=0 0.8s {"i": 35, "pair": "libselinux__3.5__3.7", "libs": 1, "err": false}
[36/769] i=36 rc=0 0.7s {"i": 36, "pair": "libselinux__3.7__3.8", "libs": 1, "err": false}
[37/769] i=37 rc=0 0.8s {"i": 37, "pair": "libselinux__3.8__3.8.1", "libs": 1, "err": false}
[38/769] i=38 rc=0 0.8s {"i": 38, "pair": "libselinux__3.8.1__3.9", "libs": 1, "err": false}
[39/769] i=39 rc=0 0.8s {"i": 39, "pair": "libselinux__3.9__3.10", "libs": 1, "err": false}
[40/769] i=41 rc=0 0.7s {"i": 41, "pair": "libedit__3.1-20210714__3.1-20210910", "libs": 1, "err": false}
[41/769] i=40 rc=0 0.9s {"i": 40, "pair": "libselinux__3.10__3.11", "libs": 1, "err": false}
[42/769] i=42 rc=0 0.7s {"i": 42, "pair": "libedit__3.1-20210910__3.1-20221009", "libs": 1, "err": false}
[43/769] i=43 rc=0 0.8s {"i": 43, "pair": "libedit__3.1-20221009__3.1-20221030", "libs": 1, "err": false}
[44/769] i=44 rc=0 0.7s {"i": 44, "pair": "libedit__3.1-20221030__3.1-20230828", "libs": 1, "err": false}
[45/769] i=45 rc=0 0.8s {"i": 45, "pair": "libedit__3.1-20230828__3.1-20240517", "libs": 1, "err": false}
[46/769] i=47 rc=0 0.7s {"i": 47, "pair": "libedit__3.1-20240808__3.1-20250104", "libs": 1, "err": false}
[47/769] i=46 rc=0 0.8s {"i": 46, "pair": "libedit__3.1-20240517__3.1-20240808", "libs": 1, "err": false}
[48/769] i=48 rc=0 0.8s {"i": 48, "pair": "libedit__3.1-20250104__3.1-20251016", "libs": 1, "err": false}
[49/769] i=49 rc=0 0.8s {"i": 49, "pair": "libedit__3.1-20251016__3.1-20260512", "libs": 1, "err": false}
[50/769] i=50 rc=0 0.6s {"i": 50, "pair": "popt__1.16__1.18", "libs": 1, "err": false}
[51/769] i=51 rc=0 0.6s {"i": 51, "pair": "popt__1.18__1.19+dfsg", "libs": 1, "err": false}
[52/769] i=52 rc=0 0.6s {"i": 52, "pair": "keyutils__1.5.9__1.6", "libs": 1, "err": false}
[53/769] i=53 rc=0 0.6s {"i": 53, "pair": "keyutils__1.6__1.6.1", "libs": 1, "err": false}
[54/769] i=54 rc=0 0.5s {"i": 54, "pair": "keyutils__1.6.1__1.6.3", "libs": 1, "err": false}
[55/769] i=55 rc=0 0.6s {"i": 55, "pair": "libcap2__2.36__2.42", "libs": 1, "err": false}
[56/769] i=57 rc=0 0.5s {"i": 57, "pair": "libcap2__2.43__2.44", "libs": 1, "err": false}
[57/769] i=56 rc=0 0.6s {"i": 56, "pair": "libcap2__2.42__2.43", "libs": 1, "err": false}
[58/769] i=58 rc=0 0.5s {"i": 58, "pair": "libcap2__2.44__2.63", "libs": 1, "err": false}
[59/769] i=59 rc=0 0.5s {"i": 59, "pair": "libcap2__2.63__2.66", "libs": 2, "err": false}
[60/769] i=60 rc=0 0.6s {"i": 60, "pair": "libcap2__2.66__2.73", "libs": 2, "err": false}
[61/769] i=62 rc=0 0.5s {"i": 62, "pair": "libcap2__2.75__2.77", "libs": 2, "err": false}
[62/769] i=61 rc=0 0.6s {"i": 61, "pair": "libcap2__2.73__2.75", "libs": 2, "err": false}
[63/769] i=63 rc=0 0.5s {"i": 63, "pair": "libcap2__2.77__2.78", "libs": 2, "err": false}
[64/769] i=64 rc=0 0.6s {"i": 64, "pair": "e2fsprogs__1.46.1__1.46.2", "libs": 1, "err": false}
[65/769] i=65 rc=0 0.6s {"i": 65, "pair": "e2fsprogs__1.46.2__1.46.3", "libs": 1, "err": false}
[66/769] i=66 rc=0 0.6s {"i": 66, "pair": "e2fsprogs__1.46.3__1.46.4", "libs": 1, "err": false}
[67/769] i=67 rc=0 0.5s {"i": 67, "pair": "e2fsprogs__1.46.4__1.46.5", "libs": 1, "err": false}
[68/769] i=68 rc=0 0.5s {"i": 68, "pair": "e2fsprogs__1.46.5__1.46.6", "libs": 1, "err": false}
[69/769] i=69 rc=0 0.6s {"i": 69, "pair": "e2fsprogs__1.46.6__1.47.0", "libs": 1, "err": false}
[70/769] i=70 rc=0 0.6s {"i": 70, "pair": "e2fsprogs__1.47.0__1.47.1", "libs": 1, "err": false}
[71/769] i=71 rc=0 0.6s {"i": 71, "pair": "e2fsprogs__1.47.1__1.47.2", "libs": 1, "err": false}
[72/769] i=72 rc=0 0.6s {"i": 72, "pair": "e2fsprogs__1.47.2__1.47.4", "libs": 1, "err": false}
[73/769] i=73 rc=0 1.0s {"i": 73, "pair": "slang2__2.3.0__2.3.1", "libs": 1, "err": false}
[74/769] i=77 rc=0 0.6s {"i": 77, "pair": "libbsd__0.11.2__0.11.3", "libs": 1, "err": false}
[75/769] i=74 rc=0 1.0s {"i": 74, "pair": "slang2__2.3.1__2.3.1a", "libs": 1, "err": false}
[76/769] i=75 rc=0 1.1s {"i": 75, "pair": "slang2__2.3.1a__2.3.2", "libs": 1, "err": false}
[77/769] i=78 rc=0 0.6s {"i": 78, "pair": "libbsd__0.11.3__0.11.4", "libs": 1, "err": false}
[78/769] i=76 rc=0 1.2s {"i": 76, "pair": "slang2__2.3.2__2.3.3", "libs": 1, "err": false}
[79/769] i=79 rc=0 0.7s {"i": 79, "pair": "libbsd__0.11.4__0.11.5", "libs": 1, "err": false}
[80/769] i=80 rc=0 0.6s {"i": 80, "pair": "libbsd__0.11.5__0.11.6", "libs": 1, "err": false}
[81/769] i=81 rc=0 0.6s {"i": 81, "pair": "libbsd__0.11.6__0.11.7", "libs": 1, "err": false}
[82/769] i=82 rc=0 0.6s {"i": 82, "pair": "libbsd__0.11.7__0.11.8", "libs": 1, "err": false}
[83/769] i=83 rc=0 0.7s {"i": 83, "pair": "libbsd__0.11.8__0.12.0", "libs": 1, "err": false}
[84/769] i=84 rc=0 0.6s {"i": 84, "pair": "libbsd__0.12.0__0.12.1", "libs": 1, "err": false}
[85/769] i=85 rc=0 0.7s {"i": 85, "pair": "libbsd__0.12.1__0.12.2", "libs": 1, "err": false}
[86/769] i=86 rc=0 0.7s {"i": 86, "pair": "lvm2__2.03.02__2.03.07", "libs": 1, "err": false}
[87/769] i=87 rc=0 0.7s {"i": 87, "pair": "lvm2__2.03.07__2.03.09", "libs": 1, "err": false}
[88/769] i=88 rc=0 0.8s {"i": 88, "pair": "lvm2__2.03.09__2.03.10", "libs": 1, "err": false}
[89/769] i=89 rc=0 0.7s {"i": 89, "pair": "lvm2__2.03.10__2.03.11", "libs": 1, "err": false}
[90/769] i=90 rc=0 0.9s {"i": 90, "pair": "lvm2__2.03.11__2.03.15", "libs": 1, "err": false}
[91/769] i=91 rc=0 0.8s {"i": 91, "pair": "lvm2__2.03.15__2.03.16", "libs": 1, "err": false}
[92/769] i=92 rc=0 0.9s {"i": 92, "pair": "lvm2__2.03.16__2.03.22", "libs": 1, "err": false}
[93/769] i=93 rc=0 0.8s {"i": 93, "pair": "lvm2__2.03.22__2.03.27", "libs": 1, "err": false}
[94/769] i=94 rc=0 0.8s {"i": 94, "pair": "lvm2__2.03.27__2.03.31", "libs": 1, "err": false}
[95/769] i=96 rc=0 5.6s {"i": 96, "pair": "sqlite3__3.45.0__3.45.1", "libs": 1, "err": false}
[96/769] i=98 rc=0 5.5s {"i": 98, "pair": "sqlite3__3.45.2__3.45.3", "libs": 1, "err": false}
[97/769] i=95 rc=0 18.9s {"i": 95, "pair": "sqlite3__3.44.2__3.45.0", "libs": 1, "err": false}
[98/769] i=97 rc=0 18.8s {"i": 97, "pair": "sqlite3__3.45.1__3.45.2", "libs": 1, "err": false}
[99/769] i=99 rc=0 18.8s {"i": 99, "pair": "sqlite3__3.45.3__3.46.0", "libs": 1, "err": false}
[100/769] i=104 rc=0 0.8s {"i": 104, "pair": "expat__2.7.1__2.7.2", "libs": 2, "err": false}
[101/769] i=105 rc=0 0.8s {"i": 105, "pair": "expat__2.7.2__2.7.3", "libs": 2, "err": false}
[102/769] i=106 rc=0 1.0s {"i": 106, "pair": "expat__2.7.3__2.7.4", "libs": 2, "err": false}
[103/769] i=107 rc=0 0.8s {"i": 107, "pair": "expat__2.7.4__2.7.5", "libs": 2, "err": false}
[104/769] i=108 rc=0 0.9s {"i": 108, "pair": "expat__2.7.5__2.8.0", "libs": 2, "err": false}
[105/769] i=109 rc=0 0.8s {"i": 109, "pair": "expat__2.8.0__2.8.1", "libs": 2, "err": false}
[106/769] i=103 rc=0 5.5s {"i": 103, "pair": "sqlite3__3.53.3__3.53.4", "libs": 1, "err": false}
[107/769] i=100 rc=0 19.3s {"i": 100, "pair": "sqlite3__3.46.0__3.46.1", "libs": 1, "err": false}
[108/769] i=110 rc=0 1.1s {"i": 110, "pair": "expat__2.8.1__2.8.2", "libs": 2, "err": false}
[109/769] i=111 rc=0 1.0s {"i": 111, "pair": "expat__2.8.2__2.8.3", "libs": 2, "err": false}
[110/769] i=112 rc=0 1.0s {"i": 112, "pair": "expat__2.8.3__2.8.4", "libs": 2, "err": false}
[111/769] i=113 rc=0 0.7s {"i": 113, "pair": "newt__0.52.18__0.52.19", "libs": 1, "err": false}
[112/769] i=114 rc=0 0.7s {"i": 114, "pair": "newt__0.52.19__0.52.20", "libs": 1, "err": false}
[113/769] i=116 rc=0 0.6s {"i": 116, "pair": "newt__0.52.21__0.52.22", "libs": 1, "err": false}
[114/769] i=115 rc=0 0.7s {"i": 115, "pair": "newt__0.52.20__0.52.21", "libs": 1, "err": false}
[115/769] i=117 rc=0 0.6s {"i": 117, "pair": "newt__0.52.22__0.52.23", "libs": 1, "err": false}
[116/769] i=101 rc=0 21.0s {"i": 101, "pair": "sqlite3__3.46.1__3.53.2", "libs": 1, "err": false}
[117/769] i=118 rc=0 0.7s {"i": 118, "pair": "newt__0.52.23__0.52.24", "libs": 1, "err": false}
[118/769] i=119 rc=0 0.8s {"i": 119, "pair": "newt__0.52.24__0.52.25", "libs": 1, "err": false}
[119/769] i=121 rc=0 1.0s {"i": 121, "pair": "freetype__2.12.0+dfsg__2.12.1+dfsg", "libs": 1, "err": false}
[120/769] i=122 rc=0 1.0s {"i": 122, "pair": "freetype__2.12.1+dfsg__2.13.0+dfsg", "libs": 1, "err": false}
[121/769] i=120 rc=0 1.6s {"i": 120, "pair": "freetype__2.11.1+dfsg__2.12.0+dfsg", "libs": 1, "err": false}
[122/769] i=124 rc=0 1.0s {"i": 124, "pair": "freetype__2.13.1+dfsg__2.13.2+dfsg", "libs": 1, "err": false}
[123/769] i=123 rc=0 1.5s {"i": 123, "pair": "freetype__2.13.0+dfsg__2.13.1+dfsg", "libs": 1, "err": false}
[124/769] i=125 rc=0 1.7s {"i": 125, "pair": "freetype__2.13.2+dfsg__2.13.3+dfsg", "libs": 1, "err": false}
[125/769] i=126 rc=0 1.6s {"i": 126, "pair": "freetype__2.13.3+dfsg__2.14.1+dfsg", "libs": 1, "err": false}
[126/769] i=128 rc=0 1.1s {"i": 128, "pair": "freetype__2.14.2+dfsg__2.14.3+dfsg", "libs": 1, "err": false}
[127/769] i=129 rc=0 0.5s {"i": 129, "pair": "klibc__2.0.5__2.0.6", "libs": 0, "err": false}
[128/769] i=131 rc=0 0.5s {"i": 131, "pair": "klibc__2.0.7__2.0.8", "libs": 0, "err": false}
[129/769] i=130 rc=0 0.5s {"i": 130, "pair": "klibc__2.0.6__2.0.7", "libs": 0, "err": false}
[130/769] i=127 rc=0 1.7s {"i": 127, "pair": "freetype__2.14.1+dfsg__2.14.2+dfsg", "libs": 1, "err": false}
[131/769] i=132 rc=0 0.5s {"i": 132, "pair": "klibc__2.0.8__2.0.9", "libs": 0, "err": false}
[132/769] i=134 rc=0 0.5s {"i": 134, "pair": "klibc__2.0.10__2.0.11", "libs": 0, "err": false}
[133/769] i=133 rc=0 0.6s {"i": 133, "pair": "klibc__2.0.9__2.0.10", "libs": 1, "err": false}
[134/769] i=135 rc=0 0.5s {"i": 135, "pair": "klibc__2.0.11__2.0.12", "libs": 1, "err": false}
[135/769] i=136 rc=0 0.5s {"i": 136, "pair": "klibc__2.0.12__2.0.13", "libs": 0, "err": false}
[136/769] i=137 rc=0 0.5s {"i": 137, "pair": "klibc__2.0.13__2.0.14", "libs": 0, "err": false}
[137/769] i=138 rc=0 0.7s {"i": 138, "pair": "xz-utils__5.6.0__5.6.1", "libs": 1, "err": false}
[138/769] i=139 rc=0 0.7s {"i": 139, "pair": "xz-utils__5.6.1__5.6.1+really5.4.5", "libs": 1, "err": false}
[139/769] i=140 rc=0 0.7s {"i": 140, "pair": "xz-utils__5.6.1+really5.4.5__5.6.2", "libs": 1, "err": false}
[140/769] i=141 rc=0 0.7s {"i": 141, "pair": "xz-utils__5.6.2__5.6.3", "libs": 1, "err": false}
[141/769] i=142 rc=0 0.7s {"i": 142, "pair": "xz-utils__5.6.3__5.6.4", "libs": 1, "err": false}
[142/769] i=143 rc=0 0.7s {"i": 143, "pair": "xz-utils__5.6.4__5.8.0", "libs": 1, "err": false}
[143/769] i=144 rc=0 0.8s {"i": 144, "pair": "xz-utils__5.8.0__5.8.1", "libs": 1, "err": false}
[144/769] i=145 rc=0 0.7s {"i": 145, "pair": "xz-utils__5.8.1__5.8.2", "libs": 1, "err": false}
[145/769] i=146 rc=0 0.7s {"i": 146, "pair": "xz-utils__5.8.2__5.8.3", "libs": 1, "err": false}
[146/769] i=147 rc=0 1.4s {"i": 147, "pair": "dbus__1.15.2__1.15.4", "libs": 1, "err": false}
[147/769] i=148 rc=0 1.1s {"i": 148, "pair": "dbus__1.15.4__1.15.6", "libs": 1, "err": false}
[148/769] i=149 rc=0 1.4s {"i": 149, "pair": "dbus__1.15.6__1.15.8", "libs": 1, "err": false}
[149/769] i=150 rc=0 1.3s {"i": 150, "pair": "dbus__1.15.8__1.15.10", "libs": 1, "err": false}
[150/769] i=22 rc=0 47.1s {"i": 22, "pair": "gcc-16__16.1.0__16.2.0", "libs": 1, "err": false}
[151/769] i=151 rc=0 1.1s {"i": 151, "pair": "dbus__1.15.10__1.15.12", "libs": 1, "err": false}
[152/769] i=152 rc=0 1.1s {"i": 152, "pair": "dbus__1.15.12__1.15.90", "libs": 1, "err": false}
[153/769] i=153 rc=0 1.1s {"i": 153, "pair": "dbus__1.15.90__1.15.92", "libs": 1, "err": false}
[154/769] i=154 rc=0 1.1s {"i": 154, "pair": "dbus__1.15.92__1.16.0", "libs": 1, "err": false}
[155/769] i=156 rc=0 0.7s {"i": 156, "pair": "kmod__31__31+20240202", "libs": 1, "err": false}
[156/769] i=157 rc=0 0.7s {"i": 157, "pair": "kmod__31+20240202__32", "libs": 1, "err": false}
[157/769] i=155 rc=0 1.1s {"i": 155, "pair": "dbus__1.16.0__1.16.2", "libs": 1, "err": false}
[158/769] i=158 rc=0 0.7s {"i": 158, "pair": "kmod__32__32+20240327", "libs": 1, "err": false}
[159/769] i=159 rc=0 0.7s {"i": 159, "pair": "kmod__32+20240327__32+20240611", "libs": 1, "err": false}
[160/769] i=160 rc=0 0.7s {"i": 160, "pair": "kmod__32+20240611__33+20240816", "libs": 1, "err": false}
[161/769] i=161 rc=0 0.7s {"i": 161, "pair": "kmod__33+20240816__33+20241031", "libs": 1, "err": false}
[162/769] i=162 rc=0 0.7s {"i": 162, "pair": "kmod__33+20241031__34", "libs": 1, "err": false}
[163/769] i=163 rc=0 0.7s {"i": 163, "pair": "kmod__34__34.1", "libs": 1, "err": false}
[164/769] i=164 rc=0 0.7s {"i": 164, "pair": "kmod__34.1__34.2", "libs": 1, "err": false}
[165/769] i=165 rc=0 0.6s {"i": 165, "pair": "pciutils__3.6.4__3.7.0", "libs": 1, "err": false}
[166/769] i=166 rc=0 0.5s {"i": 166, "pair": "pciutils__3.7.0__3.8.0", "libs": 0, "err": true}
[167/769] i=167 rc=0 0.5s {"i": 167, "pair": "pciutils__3.8.0__3.9.0", "libs": 0, "err": true}
[168/769] i=168 rc=0 0.6s {"i": 168, "pair": "pciutils__3.9.0__3.10.0", "libs": 1, "err": false}
[169/769] i=169 rc=0 0.6s {"i": 169, "pair": "pciutils__3.10.0__3.11.1", "libs": 1, "err": false}
[170/769] i=170 rc=0 0.6s {"i": 170, "pair": "pciutils__3.11.1__3.12.0", "libs": 1, "err": false}
[171/769] i=171 rc=0 0.6s {"i": 171, "pair": "pciutils__3.12.0__3.13.0", "libs": 1, "err": false}
[172/769] i=172 rc=0 0.6s {"i": 172, "pair": "pciutils__3.13.0__3.14.0", "libs": 1, "err": false}
[173/769] i=173 rc=0 0.6s {"i": 173, "pair": "pciutils__3.14.0__3.15.0", "libs": 1, "err": false}
[174/769] i=174 rc=0 1.2s {"i": 174, "pair": "p11-kit__0.25.0__0.25.1", "libs": 1, "err": false}
[175/769] i=175 rc=0 1.2s {"i": 175, "pair": "p11-kit__0.25.1__0.25.2", "libs": 1, "err": false}
[176/769] i=102 rc=0 19.9s {"i": 102, "pair": "sqlite3__3.53.2__3.53.3", "libs": 1, "err": false}
[177/769] i=176 rc=0 1.1s {"i": 176, "pair": "p11-kit__0.25.2__0.25.3", "libs": 1, "err": false}
[178/769] i=177 rc=0 1.1s {"i": 177, "pair": "p11-kit__0.25.3__0.25.5", "libs": 1, "err": false}
[179/769] i=178 rc=0 1.1s {"i": 178, "pair": "p11-kit__0.25.5__0.25.9", "libs": 1, "err": false}
[180/769] i=183 rc=0 0.6s {"i": 183, "pair": "gmp__6.1.0+dfsg__6.1.1+dfsg", "libs": 1, "err": false}
[181/769] i=184 rc=0 0.6s {"i": 184, "pair": "gmp__6.1.1+dfsg__6.1.2+dfsg", "libs": 1, "err": false}
[182/769] i=179 rc=0 1.1s {"i": 179, "pair": "p11-kit__0.25.9__0.25.10", "libs": 1, "err": false}
[183/769] i=180 rc=0 1.1s {"i": 180, "pair": "p11-kit__0.25.10__0.26.2", "libs": 1, "err": false}
[184/769] i=185 rc=0 0.5s {"i": 185, "pair": "gmp__6.1.2+dfsg__6.2.0+dfsg", "libs": 1, "err": false}
[185/769] i=181 rc=0 1.2s {"i": 181, "pair": "p11-kit__0.26.2__0.26.4", "libs": 1, "err": false}
[186/769] i=182 rc=0 1.3s {"i": 182, "pair": "p11-kit__0.26.4__0.26.5", "libs": 1, "err": false}
[187/769] i=186 rc=0 0.6s {"i": 186, "pair": "gmp__6.2.0+dfsg__6.2.1+dfsg", "libs": 1, "err": false}
[188/769] i=187 rc=0 0.6s {"i": 187, "pair": "gmp__6.2.1+dfsg__6.2.1+dfsg1", "libs": 1, "err": false}
[189/769] i=188 rc=0 0.5s {"i": 188, "pair": "gmp__6.2.1+dfsg1__6.3.0+dfsg", "libs": 1, "err": false}
[190/769] i=189 rc=0 0.5s {"i": 189, "pair": "libxau__1.0.9__1.0.11", "libs": 1, "err": false}
[191/769] i=190 rc=0 0.9s {"i": 190, "pair": "libxcb__1.13__1.13.1", "libs": 1, "err": false}
[192/769] i=194 rc=0 0.6s {"i": 194, "pair": "libx11__1.7.4__1.7.5", "libs": 1, "err": false}
[193/769] i=195 rc=0 0.6s {"i": 195, "pair": "libx11__1.7.5__1.8.1", "libs": 1, "err": false}
[194/769] i=191 rc=0 1.2s {"i": 191, "pair": "libxcb__1.13.1__1.14", "libs": 1, "err": false}
[195/769] i=192 rc=0 1.1s {"i": 192, "pair": "libxcb__1.14__1.15", "libs": 1, "err": false}
[196/769] i=196 rc=0 0.6s {"i": 196, "pair": "libx11__1.8.1__1.8.3", "libs": 1, "err": false}
[197/769] i=197 rc=0 0.5s {"i": 197, "pair": "libx11__1.8.3__1.8.4", "libs": 1, "err": false}
[198/769] i=198 rc=0 0.6s {"i": 198, "pair": "libx11__1.8.4__1.8.6", "libs": 1, "err": false}
[199/769] i=193 rc=0 1.3s {"i": 193, "pair": "libxcb__1.15__1.17.0", "libs": 1, "err": false}
[200/769] i=200 rc=0 0.6s {"i": 200, "pair": "libx11__1.8.7__1.8.10", "libs": 1, "err": false}
[201/769] i=199 rc=0 0.6s {"i": 199, "pair": "libx11__1.8.6__1.8.7", "libs": 1, "err": false}
[202/769] i=201 rc=0 0.5s {"i": 201, "pair": "libx11__1.8.10__1.8.12", "libs": 1, "err": false}
[203/769] i=202 rc=0 0.6s {"i": 202, "pair": "libx11__1.8.12__1.8.13", "libs": 1, "err": false}
[204/769] i=203 rc=0 0.6s {"i": 203, "pair": "libcap-ng__0.7.7__0.7.9", "libs": 1, "err": false}
[205/769] i=204 rc=0 0.6s {"i": 204, "pair": "libcap-ng__0.7.9__0.8.3", "libs": 1, "err": false}
[206/769] i=206 rc=0 0.6s {"i": 206, "pair": "libcap-ng__0.8.4__0.8.5", "libs": 2, "err": false}
[207/769] i=205 rc=0 0.6s {"i": 205, "pair": "libcap-ng__0.8.3__0.8.4", "libs": 2, "err": false}
[208/769] i=207 rc=0 0.6s {"i": 207, "pair": "libcap-ng__0.8.5__0.9.1", "libs": 2, "err": false}
[209/769] i=208 rc=0 0.6s {"i": 208, "pair": "libcap-ng__0.9.1__0.9.2", "libs": 2, "err": false}
[210/769] i=209 rc=0 0.6s {"i": 209, "pair": "libcap-ng__0.9.2__0.9.3", "libs": 2, "err": false}
[211/769] i=210 rc=0 0.6s {"i": 210, "pair": "libcap-ng__0.9.3__0.9.5", "libs": 2, "err": false}
[212/769] i=212 rc=0 0.5s {"i": 212, "pair": "audit__3.0.7__3.0.9", "libs": 1, "err": false}
[213/769] i=211 rc=0 0.6s {"i": 211, "pair": "audit__3.0.6__3.0.7", "libs": 1, "err": false}
[214/769] i=213 rc=0 0.6s {"i": 213, "pair": "audit__3.0.9__3.1.1", "libs": 1, "err": false}
[215/769] i=214 rc=0 0.6s {"i": 214, "pair": "audit__3.1.1__3.1.2", "libs": 1, "err": false}
[216/769] i=215 rc=0 0.5s {"i": 215, "pair": "audit__3.1.2__4.0.1", "libs": 1, "err": false}
[217/769] i=216 rc=0 0.6s {"i": 216, "pair": "audit__4.0.1__4.0.2", "libs": 1, "err": false}
[218/769] i=218 rc=0 0.5s {"i": 218, "pair": "audit__4.0.5__4.1.1", "libs": 1, "err": false}
[219/769] i=217 rc=0 0.6s {"i": 217, "pair": "audit__4.0.2__4.0.5", "libs": 1, "err": false}
[220/769] i=219 rc=0 0.5s {"i": 219, "pair": "audit__4.1.1__4.1.2", "libs": 1, "err": false}
[221/769] i=221 rc=0 1.2s {"i": 221, "pair": "systemd__258__258.1", "libs": 1, "err": false}
[222/769] i=220 rc=0 1.3s {"i": 220, "pair": "systemd__257.7__258", "libs": 1, "err": false}
[223/769] i=222 rc=0 1.2s {"i": 222, "pair": "systemd__258.1__259", "libs": 1, "err": false}
[224/769] i=223 rc=0 1.1s {"i": 223, "pair": "systemd__259__259.1", "libs": 1, "err": false}
[225/769] i=224 rc=0 1.2s {"i": 224, "pair": "systemd__259.1__260", "libs": 1, "err": false}
[226/769] i=225 rc=0 1.3s {"i": 225, "pair": "systemd__260__260.1", "libs": 1, "err": false}
[227/769] i=229 rc=0 0.6s {"i": 229, "pair": "cdebconf__0.275__0.276", "libs": 1, "err": false}
[228/769] i=230 rc=0 0.5s {"i": 230, "pair": "cdebconf__0.276__0.277", "libs": 1, "err": false}
[229/769] i=231 rc=0 0.5s {"i": 231, "pair": "cdebconf__0.277__0.278", "libs": 1, "err": false}
[230/769] i=232 rc=0 0.6s {"i": 232, "pair": "cdebconf__0.278__0.279", "libs": 1, "err": false}
[231/769] i=233 rc=0 0.5s {"i": 233, "pair": "cdebconf__0.279__0.279+hurd.1", "libs": 0, "err": true}
[232/769] i=227 rc=0 1.3s {"i": 227, "pair": "systemd__261__261.1", "libs": 1, "err": false}
[233/769] i=226 rc=0 1.4s {"i": 226, "pair": "systemd__260.1__261", "libs": 1, "err": false}
[234/769] i=228 rc=0 1.4s {"i": 228, "pair": "systemd__261.1__261.2", "libs": 1, "err": false}
[235/769] i=234 rc=0 0.5s {"i": 234, "pair": "cdebconf__0.279+hurd.1__0.280", "libs": 0, "err": true}
[236/769] i=235 rc=0 0.5s {"i": 235, "pair": "cdebconf__0.280__0.281", "libs": 1, "err": false}
[237/769] i=237 rc=0 0.6s {"i": 237, "pair": "cdebconf__0.282__0.283", "libs": 1, "err": false}
[238/769] i=238 rc=0 0.6s {"i": 238, "pair": "libtasn1-6__4.12__4.13", "libs": 1, "err": false}
[239/769] i=236 rc=0 0.6s {"i": 236, "pair": "cdebconf__0.281__0.282", "libs": 1, "err": false}
[240/769] i=239 rc=0 0.6s {"i": 239, "pair": "libtasn1-6__4.13__4.14", "libs": 1, "err": false}
[241/769] i=240 rc=0 0.6s {"i": 240, "pair": "libtasn1-6__4.14__4.15.0", "libs": 1, "err": false}
[242/769] i=241 rc=0 0.6s {"i": 241, "pair": "libtasn1-6__4.15.0__4.16.0", "libs": 1, "err": false}
[243/769] i=242 rc=0 0.6s {"i": 242, "pair": "libtasn1-6__4.16.0__4.17.0", "libs": 1, "err": false}
[244/769] i=243 rc=0 0.6s {"i": 243, "pair": "libtasn1-6__4.17.0__4.18.0", "libs": 1, "err": false}
[245/769] i=244 rc=0 0.6s {"i": 244, "pair": "libtasn1-6__4.18.0__4.19.0", "libs": 1, "err": false}
[246/769] i=245 rc=0 0.6s {"i": 245, "pair": "libtasn1-6__4.19.0__4.20.0", "libs": 1, "err": false}
[247/769] i=246 rc=0 0.6s {"i": 246, "pair": "libtasn1-6__4.20.0__4.21.0", "libs": 1, "err": false}
[248/769] i=247 rc=0 0.6s {"i": 247, "pair": "libmnl__1.0.3__1.0.4", "libs": 1, "err": false}
[249/769] i=248 rc=0 0.6s {"i": 248, "pair": "libmnl__1.0.4__1.0.5", "libs": 1, "err": false}
[250/769] i=249 rc=0 0.7s {"i": 249, "pair": "cyrus-sasl2__2.1.27+dfsg__2.1.27+dfsg2", "libs": 1, "err": false}
[251/769] i=250 rc=0 0.7s {"i": 250, "pair": "cyrus-sasl2__2.1.27+dfsg2__2.1.28+dfsg", "libs": 1, "err": false}
[252/769] i=251 rc=0 0.7s {"i": 251, "pair": "cyrus-sasl2__2.1.28+dfsg__2.1.28+dfsg1", "libs": 1, "err": false}
[253/769] i=252 rc=0 1.7s {"i": 252, "pair": "libxml2__2.14.1+dfsg__2.14.2+dfsg", "libs": 1, "err": false}
[254/769] i=253 rc=0 1.7s {"i": 253, "pair": "libxml2__2.14.2+dfsg__2.14.3+dfsg", "libs": 1, "err": false}
[255/769] i=254 rc=0 1.7s {"i": 254, "pair": "libxml2__2.14.3+dfsg__2.14.4+dfsg", "libs": 1, "err": false}
[256/769] i=256 rc=0 1.7s {"i": 256, "pair": "libxml2__2.14.5+dfsg__2.14.6+dfsg", "libs": 1, "err": false}
[257/769] i=255 rc=0 1.7s {"i": 255, "pair": "libxml2__2.14.4+dfsg__2.14.5+dfsg", "libs": 1, "err": false}
[258/769] i=261 rc=0 0.6s {"i": 261, "pair": "apparmor__3.0.12__3.0.13", "libs": 1, "err": false}
[259/769] i=262 rc=0 0.6s {"i": 262, "pair": "apparmor__3.0.13__3.1.7", "libs": 1, "err": false}
[260/769] i=257 rc=0 2.6s {"i": 257, "pair": "libxml2__2.14.6+dfsg__2.15.0+dfsg", "libs": 1, "err": false}
[261/769] i=258 rc=0 1.6s {"i": 258, "pair": "libxml2__2.15.0+dfsg__2.15.1+dfsg", "libs": 1, "err": false}
[262/769] i=263 rc=0 0.6s {"i": 263, "pair": "apparmor__3.1.7__4.1.0", "libs": 1, "err": false}
[263/769] i=264 rc=0 0.6s {"i": 264, "pair": "apparmor__4.1.0__4.1.3", "libs": 1, "err": false}
[264/769] i=260 rc=0 1.6s {"i": 260, "pair": "libxml2__2.15.2+dfsg__2.15.3+dfsg", "libs": 1, "err": false}
[265/769] i=259 rc=0 1.7s {"i": 259, "pair": "libxml2__2.15.1+dfsg__2.15.2+dfsg", "libs": 1, "err": false}
[266/769] i=265 rc=0 0.6s {"i": 265, "pair": "apparmor__4.1.3__4.1.6", "libs": 1, "err": false}
[267/769] i=266 rc=0 0.6s {"i": 266, "pair": "apparmor__4.1.6__4.1.7", "libs": 1, "err": false}
[268/769] i=267 rc=0 0.6s {"i": 267, "pair": "apparmor__4.1.7__4.1.8", "libs": 1, "err": false}
[269/769] i=268 rc=0 0.7s {"i": 268, "pair": "apparmor__4.1.8__5.0.1", "libs": 1, "err": false}
[270/769] i=270 rc=0 0.6s {"i": 270, "pair": "libseccomp__2.4.3__2.4.4", "libs": 0, "err": true}
[271/769] i=269 rc=0 0.6s {"i": 269, "pair": "apparmor__5.0.1__5.0.2", "libs": 1, "err": false}
[272/769] i=271 rc=0 0.6s {"i": 271, "pair": "libseccomp__2.4.4__2.5.0", "libs": 1, "err": false}
[273/769] i=272 rc=0 0.6s {"i": 272, "pair": "libseccomp__2.5.0__2.5.1", "libs": 1, "err": false}
[274/769] i=273 rc=0 0.6s {"i": 273, "pair": "libseccomp__2.5.1__2.5.2", "libs": 1, "err": false}
[275/769] i=274 rc=0 0.6s {"i": 274, "pair": "libseccomp__2.5.2__2.5.3", "libs": 1, "err": false}
[276/769] i=277 rc=0 0.5s {"i": 277, "pair": "libseccomp__2.5.5__2.6.0", "libs": 0, "err": true}
[277/769] i=275 rc=0 0.6s {"i": 275, "pair": "libseccomp__2.5.3__2.5.4", "libs": 1, "err": false}
[278/769] i=276 rc=0 0.6s {"i": 276, "pair": "libseccomp__2.5.4__2.5.5", "libs": 1, "err": false}
[279/769] i=278 rc=0 0.5s {"i": 278, "pair": "libseccomp__2.6.0__2.6.1", "libs": 0, "err": true}
[280/769] i=279 rc=0 0.6s {"i": 279, "pair": "lz4__1.8.0__1.8.1.2", "libs": 1, "err": false}
[281/769] i=280 rc=0 0.7s {"i": 280, "pair": "lz4__1.8.1.2__1.8.2", "libs": 1, "err": false}
[282/769] i=281 rc=0 0.6s {"i": 281, "pair": "lz4__1.8.2__1.8.3", "libs": 1, "err": false}
[283/769] i=283 rc=0 0.6s {"i": 283, "pair": "lz4__1.9.1__1.9.2", "libs": 1, "err": false}
[284/769] i=282 rc=0 0.7s {"i": 282, "pair": "lz4__1.8.3__1.9.1", "libs": 1, "err": false}
[285/769] i=284 rc=0 0.7s {"i": 284, "pair": "lz4__1.9.2__1.9.3", "libs": 1, "err": false}
[286/769] i=285 rc=0 0.7s {"i": 285, "pair": "lz4__1.9.3__1.9.4", "libs": 1, "err": false}
[287/769] i=287 rc=0 0.5s {"i": 287, "pair": "libidn2__2.0.4__2.0.5", "libs": 1, "err": false}
[288/769] i=286 rc=0 0.7s {"i": 286, "pair": "lz4__1.9.4__1.10.0", "libs": 1, "err": false}
[289/769] i=288 rc=0 0.6s {"i": 288, "pair": "libidn2__2.0.5__2.2.0", "libs": 1, "err": false}
[290/769] i=289 rc=0 0.6s {"i": 289, "pair": "libidn2__2.2.0__2.3.0", "libs": 1, "err": false}
[291/769] i=290 rc=0 0.6s {"i": 290, "pair": "libidn2__2.3.0__2.3.1", "libs": 1, "err": false}
[292/769] i=291 rc=0 0.5s {"i": 291, "pair": "libidn2__2.3.1__2.3.2", "libs": 1, "err": false}
[293/769] i=292 rc=0 0.5s {"i": 292, "pair": "libidn2__2.3.2__2.3.3", "libs": 0, "err": true}
[294/769] i=293 rc=0 0.5s {"i": 293, "pair": "libidn2__2.3.3__2.3.4", "libs": 0, "err": true}
[295/769] i=294 rc=0 0.5s {"i": 294, "pair": "libidn2__2.3.4__2.3.7", "libs": 1, "err": false}
[296/769] i=295 rc=0 0.5s {"i": 295, "pair": "libidn2__2.3.7__2.3.8", "libs": 1, "err": false}
[297/769] i=296 rc=0 0.6s {"i": 296, "pair": "iptables__1.8.4__1.8.5", "libs": 1, "err": false}
[298/769] i=297 rc=0 0.7s {"i": 297, "pair": "iptables__1.8.5__1.8.6", "libs": 1, "err": false}
[299/769] i=298 rc=0 0.6s {"i": 298, "pair": "iptables__1.8.6__1.8.7", "libs": 1, "err": false}
[300/769] i=300 rc=0 0.6s {"i": 300, "pair": "iptables__1.8.8__1.8.9", "libs": 1, "err": false}
[301/769] i=299 rc=0 0.7s {"i": 299, "pair": "iptables__1.8.7__1.8.8", "libs": 1, "err": false}
[302/769] i=301 rc=0 0.6s {"i": 301, "pair": "iptables__1.8.9__1.8.10", "libs": 1, "err": false}
[303/769] i=302 rc=0 0.7s {"i": 302, "pair": "iptables__1.8.10__1.8.11", "libs": 1, "err": false}
[304/769] i=303 rc=0 0.6s {"i": 303, "pair": "iptables__1.8.11__1.8.12", "libs": 1, "err": false}
[305/769] i=304 rc=0 0.6s {"i": 304, "pair": "iptables__1.8.12__1.8.13", "libs": 1, "err": false}
[306/769] i=307 rc=0 0.7s {"i": 307, "pair": "nghttp2__1.61.0__1.62.1", "libs": 1, "err": false}
[307/769] i=305 rc=0 1.1s {"i": 305, "pair": "nghttp2__1.59.0__1.60.0", "libs": 1, "err": false}
[308/769] i=308 rc=0 0.8s {"i": 308, "pair": "nghttp2__1.62.1__1.63.0", "libs": 1, "err": false}
[309/769] i=306 rc=0 1.2s {"i": 306, "pair": "nghttp2__1.60.0__1.61.0", "libs": 1, "err": false}
[310/769] i=311 rc=0 0.8s {"i": 311, "pair": "nghttp2__1.68.0__1.68.1", "libs": 1, "err": false}
[311/769] i=309 rc=0 1.1s {"i": 309, "pair": "nghttp2__1.63.0__1.64.0", "libs": 1, "err": false}
[312/769] i=310 rc=0 1.2s {"i": 310, "pair": "nghttp2__1.64.0__1.68.0", "libs": 1, "err": false}
[313/769] i=314 rc=0 0.7s {"i": 314, "pair": "rtmpdump__2.4+20151223.gitfa8646d__2.4+20151223.gitfa8646d.1", "libs": 1, "err": false}
[314/769] i=313 rc=0 0.9s {"i": 313, "pair": "nghttp2__1.69.0__1.70.0", "libs": 1, "err": false}
[315/769] i=315 rc=0 0.6s {"i": 315, "pair": "rtmpdump__2.4+20151223.gitfa8646d.1__2.6", "libs": 1, "err": false}
[316/769] i=312 rc=0 1.2s {"i": 312, "pair": "nghttp2__1.68.1__1.69.0", "libs": 1, "err": false}
[317/769] i=316 rc=0 1.1s {"i": 316, "pair": "pcre2__10.36__10.39", "libs": 3, "err": false}
[318/769] i=317 rc=0 1.1s {"i": 317, "pair": "pcre2__10.39__10.40", "libs": 3, "err": false}
[319/769] i=318 rc=0 1.2s {"i": 318, "pair": "pcre2__10.40__10.42", "libs": 3, "err": false}
[320/769] i=319 rc=0 1.2s {"i": 319, "pair": "pcre2__10.42__10.43", "libs": 3, "err": false}
[321/769] i=320 rc=0 1.1s {"i": 320, "pair": "pcre2__10.43__10.44", "libs": 3, "err": false}
[322/769] i=321 rc=0 1.2s {"i": 321, "pair": "pcre2__10.44__10.45", "libs": 3, "err": false}
[323/769] i=322 rc=0 1.2s {"i": 322, "pair": "pcre2__10.45__10.46", "libs": 3, "err": false}
[324/769] i=325 rc=0 0.7s {"i": 325, "pair": "libgpg-error__1.49__1.50", "libs": 1, "err": false}
[325/769] i=326 rc=0 0.7s {"i": 326, "pair": "libgpg-error__1.50__1.51", "libs": 1, "err": false}
[326/769] i=323 rc=0 1.3s {"i": 323, "pair": "pcre2__10.46__10.47", "libs": 3, "err": false}
[327/769] i=327 rc=0 0.8s {"i": 327, "pair": "libgpg-error__1.51__1.53", "libs": 1, "err": false}
[328/769] i=324 rc=0 1.2s {"i": 324, "pair": "pcre2__10.47__10.48", "libs": 3, "err": false}
[329/769] i=328 rc=0 0.7s {"i": 328, "pair": "libgpg-error__1.53__1.54", "libs": 1, "err": false}
[330/769] i=329 rc=0 0.7s {"i": 329, "pair": "libgpg-error__1.54__1.55", "libs": 1, "err": false}
[331/769] i=330 rc=0 0.8s {"i": 330, "pair": "libgpg-error__1.55__1.56", "libs": 1, "err": false}
[332/769] i=331 rc=0 0.7s {"i": 331, "pair": "libgpg-error__1.56__1.58", "libs": 1, "err": false}
[333/769] i=332 rc=0 0.8s {"i": 332, "pair": "libgpg-error__1.58__1.59", "libs": 1, "err": false}
[334/769] i=333 rc=0 0.8s {"i": 333, "pair": "libgpg-error__1.59__1.61", "libs": 1, "err": false}
[335/769] i=336 rc=0 1.1s {"i": 336, "pair": "libzstd__1.4.9+dfsg__1.4.10+dfsg", "libs": 1, "err": false}
[336/769] i=335 rc=0 1.3s {"i": 335, "pair": "libzstd__1.4.8+dfsg__1.4.9+dfsg", "libs": 1, "err": false}
[337/769] i=334 rc=0 1.4s {"i": 334, "pair": "libzstd__1.4.5+dfsg__1.4.8+dfsg", "libs": 1, "err": false}
[338/769] i=337 rc=0 1.3s {"i": 337, "pair": "libzstd__1.4.10+dfsg__1.5.2+dfsg", "libs": 1, "err": false}
[339/769] i=338 rc=0 1.2s {"i": 338, "pair": "libzstd__1.5.2+dfsg__1.5.2+dfsg2", "libs": 1, "err": false}
[340/769] i=339 rc=0 1.2s {"i": 339, "pair": "libzstd__1.5.2+dfsg2__1.5.4+dfsg2", "libs": 1, "err": false}
[341/769] i=343 rc=0 0.7s {"i": 343, "pair": "ncurses__6.4+20240113__6.4+20240414", "libs": 2, "err": false}
[342/769] i=344 rc=0 0.8s {"i": 344, "pair": "ncurses__6.4+20240414__6.5", "libs": 2, "err": false}
[343/769] i=345 rc=0 0.7s {"i": 345, "pair": "ncurses__6.5__6.5+20250125", "libs": 2, "err": false}
[344/769] i=340 rc=0 1.3s {"i": 340, "pair": "libzstd__1.5.4+dfsg2__1.5.5+dfsg2", "libs": 1, "err": false}
[345/769] i=341 rc=0 1.3s {"i": 341, "pair": "libzstd__1.5.5+dfsg2__1.5.6+dfsg", "libs": 1, "err": false}
[346/769] i=342 rc=0 1.5s {"i": 342, "pair": "libzstd__1.5.6+dfsg__1.5.7+dfsg", "libs": 1, "err": false}
[347/769] i=346 rc=0 0.9s {"i": 346, "pair": "ncurses__6.5+20250125__6.5+20250216", "libs": 2, "err": false}
[348/769] i=348 rc=0 0.7s {"i": 348, "pair": "ncurses__6.5+20251115__6.5+20251122", "libs": 2, "err": false}
[349/769] i=347 rc=0 0.8s {"i": 347, "pair": "ncurses__6.5+20250216__6.5+20251115", "libs": 2, "err": false}
[350/769] i=349 rc=0 0.8s {"i": 349, "pair": "ncurses__6.5+20251122__6.5+20251123", "libs": 2, "err": false}
[351/769] i=350 rc=0 0.9s {"i": 350, "pair": "ncurses__6.5+20251123__6.6+20251231", "libs": 2, "err": false}
[352/769] i=352 rc=0 0.6s {"i": 352, "pair": "libpipeline__1.4.2__1.5.0", "libs": 1, "err": false}
[353/769] i=351 rc=0 0.9s {"i": 351, "pair": "ncurses__6.6+20251231__6.6+20260608", "libs": 2, "err": false}
[354/769] i=354 rc=0 0.6s {"i": 354, "pair": "libpipeline__1.5.1__1.5.2", "libs": 1, "err": false}
[355/769] i=353 rc=0 0.7s {"i": 353, "pair": "libpipeline__1.5.0__1.5.1", "libs": 1, "err": false}
[356/769] i=355 rc=0 0.6s {"i": 355, "pair": "libpipeline__1.5.2__1.5.3", "libs": 1, "err": false}
[357/769] i=356 rc=0 0.6s {"i": 356, "pair": "libpipeline__1.5.3__1.5.4", "libs": 1, "err": false}
[358/769] i=357 rc=0 0.6s {"i": 357, "pair": "libpipeline__1.5.4__1.5.5", "libs": 1, "err": false}
[359/769] i=358 rc=0 0.6s {"i": 358, "pair": "libpipeline__1.5.5__1.5.6", "libs": 1, "err": false}
[360/769] i=359 rc=0 0.6s {"i": 359, "pair": "libpipeline__1.5.6__1.5.7", "libs": 1, "err": false}
[361/769] i=360 rc=0 0.6s {"i": 360, "pair": "libpipeline__1.5.7__1.5.8", "libs": 1, "err": false}
[362/769] i=361 rc=0 0.7s {"i": 361, "pair": "libnftnl__1.2.3__1.2.4", "libs": 1, "err": false}
[363/769] i=362 rc=0 0.7s {"i": 362, "pair": "libnftnl__1.2.4__1.2.5", "libs": 1, "err": false}
[364/769] i=363 rc=0 0.8s {"i": 363, "pair": "libnftnl__1.2.5__1.2.6", "libs": 1, "err": false}
[365/769] i=364 rc=0 0.8s {"i": 364, "pair": "libnftnl__1.2.6__1.2.7", "libs": 1, "err": false}
[366/769] i=365 rc=0 0.7s {"i": 365, "pair": "libnftnl__1.2.7__1.2.8", "libs": 1, "err": false}
[367/769] i=366 rc=0 0.8s {"i": 366, "pair": "libnftnl__1.2.8__1.2.9", "libs": 1, "err": false}
[368/769] i=367 rc=0 0.8s {"i": 367, "pair": "libnftnl__1.2.9__1.3.0", "libs": 1, "err": false}
[369/769] i=368 rc=0 0.7s {"i": 368, "pair": "libnftnl__1.3.0__1.3.1", "libs": 1, "err": false}
[370/769] i=370 rc=0 0.5s {"i": 370, "pair": "libusb-1.0__1.0.21__1.0.22", "libs": 1, "err": false}
[371/769] i=371 rc=0 0.5s {"i": 371, "pair": "libusb-1.0__1.0.22__1.0.23", "libs": 1, "err": false}
[372/769] i=372 rc=0 0.5s {"i": 372, "pair": "libusb-1.0__1.0.23__1.0.24", "libs": 1, "err": false}
[373/769] i=373 rc=0 0.5s {"i": 373, "pair": "libusb-1.0__1.0.24__1.0.25", "libs": 1, "err": false}
[374/769] i=369 rc=0 1.0s {"i": 369, "pair": "libnftnl__1.3.1__1.3.2", "libs": 1, "err": false}
[375/769] i=374 rc=0 0.5s {"i": 374, "pair": "libusb-1.0__1.0.25__1.0.26", "libs": 1, "err": false}
[376/769] i=375 rc=0 0.5s {"i": 375, "pair": "libusb-1.0__1.0.26__1.0.27", "libs": 1, "err": false}
[377/769] i=376 rc=0 0.5s {"i": 376, "pair": "libusb-1.0__1.0.27__1.0.28", "libs": 1, "err": false}
[378/769] i=377 rc=0 0.5s {"i": 377, "pair": "libusb-1.0__1.0.28__1.0.29", "libs": 1, "err": false}
[379/769] i=378 rc=0 0.6s {"i": 378, "pair": "libusb-1.0__1.0.29__1.0.30", "libs": 1, "err": false}
[380/769] i=379 rc=0 0.6s {"i": 379, "pair": "jansson__2.7__2.9", "libs": 1, "err": false}
[381/769] i=381 rc=0 0.6s {"i": 381, "pair": "jansson__2.10__2.11", "libs": 1, "err": false}
[382/769] i=380 rc=0 0.7s {"i": 380, "pair": "jansson__2.9__2.10", "libs": 1, "err": false}
[383/769] i=382 rc=0 0.6s {"i": 382, "pair": "jansson__2.11__2.12", "libs": 1, "err": false}
[384/769] i=383 rc=0 0.6s {"i": 383, "pair": "jansson__2.12__2.13.1", "libs": 1, "err": false}
[385/769] i=384 rc=0 0.6s {"i": 384, "pair": "jansson__2.13.1__2.14", "libs": 1, "err": false}
[386/769] i=385 rc=0 0.6s {"i": 385, "pair": "jansson__2.14__2.15.0", "libs": 1, "err": false}
[387/769] i=386 rc=0 0.6s {"i": 386, "pair": "jansson__2.15.0__2.15.1", "libs": 1, "err": false}
[388/769] i=387 rc=0 1.2s {"i": 387, "pair": "libgcrypt20__1.10.2__1.10.3", "libs": 1, "err": false}
[389/769] i=388 rc=0 1.3s {"i": 388, "pair": "libgcrypt20__1.10.3__1.11.0", "libs": 1, "err": false}
[390/769] i=389 rc=0 1.3s {"i": 389, "pair": "libgcrypt20__1.11.0__1.11.0+git20250114", "libs": 1, "err": false}
[391/769] i=390 rc=0 1.3s {"i": 390, "pair": "libgcrypt20__1.11.0+git20250114__1.11.1", "libs": 1, "err": false}
[392/769] i=391 rc=0 1.3s {"i": 391, "pair": "libgcrypt20__1.11.1__1.11.2", "libs": 1, "err": false}
[393/769] i=392 rc=0 1.3s {"i": 392, "pair": "libgcrypt20__1.11.2__1.12.0", "libs": 1, "err": false}
[394/769] i=396 rc=0 0.8s {"i": 396, "pair": "brotli__1.0.2__1.0.3", "libs": 3, "err": false}
[395/769] i=393 rc=0 1.2s {"i": 393, "pair": "libgcrypt20__1.12.0__1.12.1", "libs": 1, "err": false}
[396/769] i=394 rc=0 1.3s {"i": 394, "pair": "libgcrypt20__1.12.1__1.12.2", "libs": 1, "err": false}
[397/769] i=398 rc=0 0.8s {"i": 398, "pair": "brotli__1.0.4__1.0.5", "libs": 3, "err": false}
[398/769] i=397 rc=0 0.9s {"i": 397, "pair": "brotli__1.0.3__1.0.4", "libs": 3, "err": false}
[399/769] i=395 rc=0 1.4s {"i": 395, "pair": "libgcrypt20__1.12.2__1.12.3", "libs": 1, "err": false}
[400/769] i=404 rc=0 0.5s {"i": 404, "pair": "protobuf-c__1.3.1__1.3.2", "libs": 1, "err": false}
[401/769] i=400 rc=0 0.8s {"i": 400, "pair": "brotli__1.0.6__1.0.7", "libs": 3, "err": false}
[402/769] i=399 rc=0 1.0s {"i": 399, "pair": "brotli__1.0.5__1.0.6", "libs": 3, "err": false}
[403/769] i=403 rc=0 0.8s {"i": 403, "pair": "brotli__1.1.0__1.2.0", "libs": 3, "err": false}
[404/769] i=401 rc=0 0.8s {"i": 401, "pair": "brotli__1.0.7__1.0.9", "libs": 3, "err": false}
[405/769] i=402 rc=0 0.9s {"i": 402, "pair": "brotli__1.0.9__1.1.0", "libs": 3, "err": false}
[406/769] i=405 rc=0 0.5s {"i": 405, "pair": "protobuf-c__1.3.2__1.3.3", "libs": 1, "err": false}
[407/769] i=406 rc=0 0.6s {"i": 406, "pair": "protobuf-c__1.3.3__1.4.1", "libs": 1, "err": false}
[408/769] i=407 rc=0 0.6s {"i": 407, "pair": "protobuf-c__1.4.1__1.5.1", "libs": 1, "err": false}
[409/769] i=408 rc=0 0.6s {"i": 408, "pair": "lmdb__0.9.18__0.9.19", "libs": 1, "err": false}
[410/769] i=409 rc=0 0.6s {"i": 409, "pair": "lmdb__0.9.19__0.9.21", "libs": 1, "err": false}
[411/769] i=410 rc=0 0.7s {"i": 410, "pair": "lmdb__0.9.21__0.9.22", "libs": 1, "err": false}
[412/769] i=411 rc=0 0.6s {"i": 411, "pair": "lmdb__0.9.22__0.9.24", "libs": 1, "err": false}
[413/769] i=412 rc=0 0.6s {"i": 412, "pair": "lmdb__0.9.24__0.9.31", "libs": 1, "err": false}
[414/769] i=413 rc=0 0.6s {"i": 413, "pair": "lmdb__0.9.31__0.9.35", "libs": 1, "err": false}
[415/769] i=415 rc=0 0.5s {"i": 415, "pair": "xxhash__0.7.0__0.7.1", "libs": 1, "err": false}
[416/769] i=414 rc=0 0.6s {"i": 414, "pair": "xxhash__0.6.5__0.7.0", "libs": 1, "err": false}
[417/769] i=416 rc=0 0.6s {"i": 416, "pair": "xxhash__0.7.1__0.7.2", "libs": 1, "err": false}
[418/769] i=417 rc=0 0.5s {"i": 417, "pair": "xxhash__0.7.2__0.7.3", "libs": 1, "err": false}
[419/769] i=418 rc=0 0.5s {"i": 418, "pair": "xxhash__0.7.3__0.7.4", "libs": 1, "err": false}
[420/769] i=419 rc=0 0.6s {"i": 419, "pair": "xxhash__0.7.4__0.8.0", "libs": 1, "err": false}
[421/769] i=420 rc=0 0.6s {"i": 420, "pair": "xxhash__0.8.0__0.8.1", "libs": 1, "err": false}
[422/769] i=421 rc=0 0.6s {"i": 421, "pair": "xxhash__0.8.1__0.8.2", "libs": 1, "err": false}
[423/769] i=422 rc=0 0.6s {"i": 422, "pair": "xxhash__0.8.2__0.8.3", "libs": 1, "err": false}
[424/769] i=423 rc=0 0.5s {"i": 423, "pair": "libxcrypt__4.4.26__4.4.27", "libs": 1, "err": false}
[425/769] i=424 rc=0 0.5s {"i": 424, "pair": "libxcrypt__4.4.27__4.4.28", "libs": 1, "err": false}
[426/769] i=425 rc=0 0.5s {"i": 425, "pair": "libxcrypt__4.4.28__4.4.30", "libs": 1, "err": false}
[427/769] i=426 rc=0 0.5s {"i": 426, "pair": "libxcrypt__4.4.30__4.4.33", "libs": 1, "err": false}
[428/769] i=427 rc=0 0.6s {"i": 427, "pair": "libxcrypt__4.4.33__4.4.35", "libs": 1, "err": false}
[429/769] i=429 rc=0 0.5s {"i": 429, "pair": "libxcrypt__4.4.36__4.4.38", "libs": 1, "err": false}
[430/769] i=428 rc=0 0.5s {"i": 428, "pair": "libxcrypt__4.4.35__4.4.36", "libs": 1, "err": false}
[431/769] i=430 rc=0 0.6s {"i": 430, "pair": "libxcrypt__4.4.38__4.5.1", "libs": 1, "err": false}
[432/769] i=431 rc=0 0.5s {"i": 431, "pair": "libxcrypt__4.5.1__4.5.2+20251210", "libs": 1, "err": false}
[433/769] i=432 rc=0 0.6s {"i": 432, "pair": "uchardet__0.0.1__0.0.6", "libs": 1, "err": false}
[434/769] i=433 rc=0 0.7s {"i": 433, "pair": "uchardet__0.0.6__0.0.7", "libs": 1, "err": false}
[435/769] i=435 rc=0 0.6s {"i": 435, "pair": "libmd__0.0.0__1.0.0", "libs": 1, "err": false}
[436/769] i=434 rc=0 0.7s {"i": 434, "pair": "uchardet__0.0.7__0.0.8", "libs": 1, "err": false}
[437/769] i=437 rc=0 0.6s {"i": 437, "pair": "libmd__1.0.1__1.0.3", "libs": 1, "err": false}
[438/769] i=436 rc=0 0.6s {"i": 436, "pair": "libmd__1.0.0__1.0.1", "libs": 1, "err": false}
[439/769] i=438 rc=0 0.6s {"i": 438, "pair": "libmd__1.0.3__1.0.4", "libs": 1, "err": false}
[440/769] i=439 rc=0 0.5s {"i": 439, "pair": "libmd__1.0.4__1.1.0", "libs": 1, "err": false}
[441/769] i=440 rc=0 0.6s {"i": 440, "pair": "libmd__1.1.0__1.2.0", "libs": 1, "err": false}
[442/769] i=441 rc=0 0.5s {"i": 441, "pair": "libfido2__1.8.0__1.9.0", "libs": 0, "err": true}
[443/769] i=442 rc=0 0.7s {"i": 442, "pair": "libfido2__1.9.0__1.10.0", "libs": 1, "err": false}
[444/769] i=443 rc=0 0.7s {"i": 443, "pair": "libfido2__1.10.0__1.11.0", "libs": 1, "err": false}
[445/769] i=444 rc=0 0.7s {"i": 444, "pair": "libfido2__1.11.0__1.12.0", "libs": 1, "err": false}
[446/769] i=445 rc=0 0.7s {"i": 445, "pair": "libfido2__1.12.0__1.13.0", "libs": 1, "err": false}
[447/769] i=446 rc=0 0.8s {"i": 446, "pair": "libfido2__1.13.0__1.14.0", "libs": 1, "err": false}
[448/769] i=447 rc=0 0.8s {"i": 447, "pair": "libfido2__1.14.0__1.15.0", "libs": 1, "err": false}
[449/769] i=448 rc=0 0.8s {"i": 448, "pair": "libfido2__1.15.0__1.16.0", "libs": 1, "err": false}
[450/769] i=450 rc=0 0.6s {"i": 450, "pair": "fstrm__0.4.0__0.6.0", "libs": 1, "err": false}
[451/769] i=451 rc=0 0.6s {"i": 451, "pair": "fstrm__0.6.0__0.6.1", "libs": 1, "err": false}
[452/769] i=449 rc=0 1.0s {"i": 449, "pair": "libfido2__1.16.0__1.17.0", "libs": 1, "err": false}
[453/769] i=453 rc=0 0.6s {"i": 453, "pair": "json-c__0.12.1__0.12.1+ds", "libs": 1, "err": false}
[454/769] i=452 rc=0 0.6s {"i": 452, "pair": "json-c__0.12__0.12.1", "libs": 1, "err": false}
[455/769] i=454 rc=0 0.6s {"i": 454, "pair": "json-c__0.12.1+ds__0.13.1+dfsg", "libs": 1, "err": false}
[456/769] i=455 rc=0 0.7s {"i": 455, "pair": "json-c__0.13.1+dfsg__0.14+dfsg", "libs": 1, "err": false}
[457/769] i=456 rc=0 0.6s {"i": 456, "pair": "json-c__0.14+dfsg__0.15", "libs": 1, "err": false}
[458/769] i=457 rc=0 0.6s {"i": 457, "pair": "json-c__0.15__0.16", "libs": 1, "err": false}
[459/769] i=459 rc=0 0.6s {"i": 459, "pair": "json-c__0.17__0.18+ds", "libs": 1, "err": false}
[460/769] i=458 rc=0 0.7s {"i": 458, "pair": "json-c__0.16__0.17", "libs": 1, "err": false}
[461/769] i=460 rc=0 0.6s {"i": 460, "pair": "json-c__0.18+ds__0.19+ds", "libs": 1, "err": false}
[462/769] i=463 rc=0 1.3s {"i": 463, "pair": "nftables__1.0.9__1.1.0", "libs": 1, "err": false}
[463/769] i=462 rc=0 1.5s {"i": 462, "pair": "nftables__1.0.8__1.0.9", "libs": 1, "err": false}
[464/769] i=461 rc=0 1.5s {"i": 461, "pair": "nftables__1.0.7__1.0.8", "libs": 1, "err": false}
[465/769] i=465 rc=0 1.4s {"i": 465, "pair": "nftables__1.1.1__1.1.2", "libs": 1, "err": false}
[466/769] i=464 rc=0 1.4s {"i": 464, "pair": "nftables__1.1.0__1.1.1", "libs": 1, "err": false}
[467/769] i=466 rc=0 1.3s {"i": 466, "pair": "nftables__1.1.2__1.1.3", "libs": 1, "err": false}
[468/769] i=470 rc=0 0.5s {"i": 470, "pair": "libmaxminddb__1.4.3__1.5.0", "libs": 1, "err": false}
[469/769] i=471 rc=0 0.5s {"i": 471, "pair": "libmaxminddb__1.5.0__1.5.2", "libs": 1, "err": false}
[470/769] i=472 rc=0 0.6s {"i": 472, "pair": "libmaxminddb__1.5.2__1.7.1", "libs": 1, "err": false}
[471/769] i=473 rc=0 0.5s {"i": 473, "pair": "libmaxminddb__1.7.1__1.8.0", "libs": 1, "err": false}
[472/769] i=467 rc=0 1.3s {"i": 467, "pair": "nftables__1.1.3__1.1.4", "libs": 1, "err": false}
[473/769] i=474 rc=0 0.5s {"i": 474, "pair": "libmaxminddb__1.8.0__1.9.1", "libs": 1, "err": false}
[474/769] i=468 rc=0 1.4s {"i": 468, "pair": "nftables__1.1.4__1.1.5", "libs": 1, "err": false}
[475/769] i=469 rc=0 1.4s {"i": 469, "pair": "nftables__1.1.5__1.1.6", "libs": 1, "err": false}
[476/769] i=475 rc=0 0.5s {"i": 475, "pair": "libmaxminddb__1.9.1__1.10.0", "libs": 1, "err": false}
[477/769] i=476 rc=0 0.5s {"i": 476, "pair": "libmaxminddb__1.10.0__1.11.0", "libs": 1, "err": false}
[478/769] i=477 rc=0 0.6s {"i": 477, "pair": "libmaxminddb__1.11.0__1.12.2", "libs": 1, "err": false}
[479/769] i=478 rc=0 0.6s {"i": 478, "pair": "libmaxminddb__1.12.2__1.13.3", "libs": 1, "err": false}
[480/769] i=479 rc=0 0.5s {"i": 479, "pair": "gpm__1.20.4__1.20.7", "libs": 1, "err": false}
[481/769] i=481 rc=0 0.7s {"i": 481, "pair": "libksba__1.6.2__1.6.3", "libs": 1, "err": false}
[482/769] i=480 rc=0 0.7s {"i": 480, "pair": "libksba__1.6.0__1.6.2", "libs": 1, "err": false}
[483/769] i=482 rc=0 0.7s {"i": 482, "pair": "libksba__1.6.3__1.6.4", "libs": 1, "err": false}
[484/769] i=483 rc=0 0.7s {"i": 483, "pair": "libksba__1.6.4__1.6.5", "libs": 1, "err": false}
[485/769] i=484 rc=0 0.7s {"i": 484, "pair": "libksba__1.6.5__1.6.6", "libs": 1, "err": false}
[486/769] i=485 rc=0 0.8s {"i": 485, "pair": "libksba__1.6.6__1.6.7", "libs": 1, "err": false}
[487/769] i=486 rc=0 0.7s {"i": 486, "pair": "libksba__1.6.7__1.6.8", "libs": 1, "err": false}
[488/769] i=487 rc=0 0.8s {"i": 487, "pair": "libksba__1.6.8__1.8.0", "libs": 1, "err": false}
[489/769] i=489 rc=0 0.5s {"i": 489, "pair": "jemalloc__3.6.0__5.0.1", "libs": 0, "err": true}
[490/769] i=488 rc=0 0.7s {"i": 488, "pair": "libksba__1.8.0__1.8.1", "libs": 1, "err": false}
[491/769] i=490 rc=0 1.1s {"i": 490, "pair": "jemalloc__5.0.1__5.1.0", "libs": 1, "err": false}
[492/769] i=491 rc=0 1.1s {"i": 491, "pair": "jemalloc__5.1.0__5.2.1", "libs": 1, "err": false}
[493/769] i=492 rc=0 1.2s {"i": 492, "pair": "jemalloc__5.2.1__5.3.0", "libs": 1, "err": false}
[494/769] i=493 rc=0 1.3s {"i": 493, "pair": "jemalloc__5.3.0__5.3.1", "libs": 1, "err": false}
[495/769] i=497 rc=0 7.1s {"i": 497, "pair": "libde265__1.0.11__1.0.12", "libs": 1, "err": false}
[496/769] i=498 rc=0 7.2s {"i": 498, "pair": "libde265__1.0.12__1.0.13", "libs": 1, "err": false}
[497/769] i=499 rc=0 7.3s {"i": 499, "pair": "libde265__1.0.13__1.0.15", "libs": 1, "err": false}
[498/769] i=496 rc=0 11.8s {"i": 496, "pair": "libde265__1.0.9__1.0.11", "libs": 1, "err": false}
[499/769] i=500 rc=0 7.3s {"i": 500, "pair": "libde265__1.0.15__1.0.16", "libs": 1, "err": false}
[500/769] i=494 rc=0 15.3s {"i": 494, "pair": "libde265__1.0.7__1.0.8", "libs": 1, "err": false}
[501/769] i=501 rc=0 7.4s {"i": 501, "pair": "libde265__1.0.16__1.0.18", "libs": 1, "err": false}
[502/769] i=502 rc=0 7.7s {"i": 502, "pair": "libde265__1.0.18__1.1.1", "libs": 1, "err": false}
[503/769] i=503 rc=0 4.3s {"i": 503, "pair": "lerc__3.0+ds__4.0.0+ds", "libs": 1, "err": false}
[504/769] i=495 rc=0 16.5s {"i": 495, "pair": "libde265__1.0.8__1.0.9", "libs": 1, "err": false}
[505/769] i=504 rc=0 4.8s {"i": 504, "pair": "lerc__4.0.0+ds__4.1.0+ds", "libs": 1, "err": false}
[506/769] i=505 rc=0 4.8s {"i": 505, "pair": "lerc__4.1.0+ds__4.1.1+ds", "libs": 1, "err": false}
[507/769] i=506 rc=0 4.7s {"i": 506, "pair": "lerc__4.1.1+ds__4.2.0+ds", "libs": 1, "err": false}
[508/769] i=510 rc=0 0.7s {"i": 510, "pair": "snappy__1.1.3__1.1.4", "libs": 1, "err": false}
[509/769] i=511 rc=0 0.8s {"i": 511, "pair": "snappy__1.1.4__1.1.6", "libs": 1, "err": false}
[510/769] i=512 rc=0 0.9s {"i": 512, "pair": "snappy__1.1.6__1.1.7", "libs": 1, "err": false}
[511/769] i=513 rc=0 0.8s {"i": 513, "pair": "snappy__1.1.7__1.1.8", "libs": 1, "err": false}
[512/769] i=514 rc=0 0.9s {"i": 514, "pair": "snappy__1.1.8__1.1.9", "libs": 1, "err": false}
[513/769] i=515 rc=0 1.0s {"i": 515, "pair": "snappy__1.1.9__1.1.10", "libs": 1, "err": false}
[514/769] i=516 rc=0 1.0s {"i": 516, "pair": "snappy__1.1.10__1.2.1", "libs": 1, "err": false}
[515/769] i=517 rc=0 1.0s {"i": 517, "pair": "snappy__1.2.1__1.2.2", "libs": 1, "err": false}
[516/769] i=508 rc=0 11.4s {"i": 508, "pair": "aspell__0.60.8__0.60.8.1", "libs": 11, "err": false}
[517/769] i=509 rc=0 11.6s {"i": 509, "pair": "aspell__0.60.8.1__0.60.8.2", "libs": 11, "err": false}
[518/769] i=507 rc=0 12.6s {"i": 507, "pair": "aspell__0.60.7__0.60.8", "libs": 10, "err": false}
[519/769] i=518 rc=0 58.3s {"i": 518, "pair": "libheif__1.19.1__1.19.3", "libs": 1, "err": false}
[520/769] i=519 rc=0 58.8s {"i": 519, "pair": "libheif__1.19.3__1.19.5", "libs": 1, "err": false}
[521/769] i=520 rc=0 60.9s {"i": 520, "pair": "libheif__1.19.5__1.19.7", "libs": 1, "err": false}
[522/769] i=521 rc=0 58.8s {"i": 521, "pair": "libheif__1.19.7__1.19.8", "libs": 1, "err": false}
[523/769] i=522 rc=0 74.5s {"i": 522, "pair": "libheif__1.19.8__1.20.1", "libs": 1, "err": false}
[524/769] i=528 rc=0 2.4s {"i": 528, "pair": "z3__4.8.4__4.8.6", "libs": 0, "err": true}
[525/769] i=529 rc=0 0.5s {"i": 529, "pair": "z3__4.8.6__4.8.7", "libs": 0, "err": true}
[526/769] i=523 rc=0 86.3s {"i": 523, "pair": "libheif__1.20.1__1.20.2", "libs": 1, "err": false}
[527/769] i=527 rc=0 90.8s {"i": 527, "pair": "z3__4.4.1__4.8.4", "libs": 1, "err": false}
[528/769] i=524 rc=0 106.0s {"i": 524, "pair": "libheif__1.20.2__1.21.2", "libs": 1, "err": false}
[529/769] i=530 rc=0 88.6s {"i": 530, "pair": "z3__4.8.7__4.8.8", "libs": 1, "err": false}
[530/769] i=531 rc=0 90.7s {"i": 531, "pair": "z3__4.8.8__4.8.9", "libs": 1, "err": false}
[531/769] i=535 rc=0 5.7s {"i": 535, "pair": "libyuv__0.0.1898.20241219__0.0.1899.20250103", "libs": 1, "err": false}
[532/769] i=536 rc=0 7.4s {"i": 536, "pair": "libyuv__0.0.1899.20250103__0.0.1904.20250204", "libs": 1, "err": false}
[533/769] i=537 rc=0 4.9s {"i": 537, "pair": "libyuv__0.0.1904.20250204__0.0.1916.20250814", "libs": 1, "err": false}
[534/769] i=525 rc=0 142.8s {"i": 525, "pair": "libheif__1.21.2__1.23.1", "libs": 1, "err": false}
[535/769] i=538 rc=0 3.2s {"i": 538, "pair": "libyuv__0.0.1916.20250814__0.0.1919.20250919", "libs": 1, "err": false}
[536/769] i=539 rc=0 4.0s {"i": 539, "pair": "libyuv__0.0.1919.20250919__0.0.1922.20251210", "libs": 1, "err": false}
[537/769] i=540 rc=0 3.3s {"i": 540, "pair": "libyuv__0.0.1922.20251210__0.0.1922.20260106", "libs": 1, "err": false}
[538/769] i=541 rc=0 3.8s {"i": 541, "pair": "libyuv__0.0.1922.20260106__0.0.1948.20260702", "libs": 1, "err": false}
[539/769] i=542 rc=0 4.0s {"i": 542, "pair": "libyuv__0.0.1948.20260702__0.0.1949.20260706", "libs": 1, "err": false}
[540/769] i=543 rc=0 4.1s {"i": 543, "pair": "libyuv__0.0.1949.20260706__0.0.1959.20260817", "libs": 1, "err": false}
[541/769] i=526 rc=0 174.6s {"i": 526, "pair": "libheif__1.23.1__1.23.2", "libs": 1, "err": false}
[542/769] i=544 rc=0 31.9s {"i": 544, "pair": "libgav1__0.16.0__0.16.3", "libs": 1, "err": false}
[543/769] i=547 rc=0 0.8s {"i": 547, "pair": "libgav1__0.18.0__0.19.0", "libs": 0, "err": true}
[544/769] i=548 rc=0 0.5s {"i": 548, "pair": "libgav1__0.19.0__0.20.0", "libs": 0, "err": true}
[545/769] i=545 rc=0 31.9s {"i": 545, "pair": "libgav1__0.16.3__0.17.0", "libs": 1, "err": false}
[546/769] i=546 rc=0 13.1s {"i": 546, "pair": "libgav1__0.17.0__0.18.0", "libs": 1, "err": false}
[547/769] i=549 rc=0 4.0s {"i": 549, "pair": "libcaca__0.99.beta19__0.99.beta20", "libs": 4, "err": false}
[548/769] i=532 rc=0 104.4s {"i": 532, "pair": "z3__4.8.9__4.8.10", "libs": 1, "err": false}
[549/769] i=551 rc=0 17.7s {"i": 551, "pair": "zeromq3__4.2.5__4.3.1", "libs": 1, "err": false}
[550/769] i=552 rc=0 20.2s {"i": 552, "pair": "zeromq3__4.3.1__4.3.2", "libs": 1, "err": false}
[551/769] i=533 rc=0 114.4s {"i": 533, "pair": "z3__4.8.10__4.8.12", "libs": 1, "err": false}
[552/769] i=550 rc=0 35.7s {"i": 550, "pair": "zeromq3__4.2.3__4.2.5", "libs": 1, "err": false}
[553/769] i=556 rc=0 5.8s {"i": 556, "pair": "game-music-emu__0.6.0__0.6.1", "libs": 1, "err": false}
[554/769] i=557 rc=0 4.3s {"i": 557, "pair": "game-music-emu__0.6.1__0.6.2", "libs": 1, "err": false}
[555/769] i=558 rc=0 3.5s {"i": 558, "pair": "game-music-emu__0.6.2__0.6.3", "libs": 1, "err": false}
[556/769] i=559 rc=0 3.2s {"i": 559, "pair": "game-music-emu__0.6.3__0.6.4", "libs": 1, "err": false}
[557/769] i=560 rc=0 3.8s {"i": 560, "pair": "game-music-emu__0.6.4__0.6.5", "libs": 1, "err": false}
[558/769] i=534 rc=0 120.4s {"i": 534, "pair": "z3__4.8.12__4.13.3", "libs": 1, "err": false}
[559/769] i=561 rc=0 4.6s {"i": 561, "pair": "chromaprint__1.2__1.3", "libs": 1, "err": false}
[560/769] i=555 rc=0 25.6s {"i": 555, "pair": "zeromq3__4.3.4__4.3.5", "libs": 1, "err": false}
[561/769] i=562 rc=0 4.8s {"i": 562, "pair": "chromaprint__1.3__1.3.2", "libs": 1, "err": false}
[562/769] i=563 rc=0 6.0s {"i": 563, "pair": "chromaprint__1.3.2__1.4.1", "libs": 1, "err": false}
[563/769] i=564 rc=0 6.4s {"i": 564, "pair": "chromaprint__1.4.1__1.4.2", "libs": 1, "err": false}
[564/769] i=565 rc=0 5.0s {"i": 565, "pair": "chromaprint__1.4.2__1.4.3", "libs": 1, "err": false}
[565/769] i=566 rc=0 3.8s {"i": 566, "pair": "chromaprint__1.4.3__1.5.0", "libs": 1, "err": false}
[566/769] i=553 rc=0 40.7s {"i": 553, "pair": "zeromq3__4.3.2__4.3.3", "libs": 1, "err": false}
[567/769] i=554 rc=0 34.6s {"i": 554, "pair": "zeromq3__4.3.3__4.3.4", "libs": 1, "err": false}
[568/769] i=567 rc=0 3.7s {"i": 567, "pair": "chromaprint__1.5.0__1.5.1", "libs": 1, "err": false}
[569/769] i=568 rc=0 4.8s {"i": 568, "pair": "chromaprint__1.5.1__1.6.0", "libs": 1, "err": false}
[570/769] i=569 rc=0 6.2s {"i": 569, "pair": "chromaprint__1.6.0__1.6.1", "libs": 1, "err": false}
[571/769] i=570 rc=0 59.5s {"i": 570, "pair": "apt__3.1.12__3.1.13", "libs": 1, "err": false}
[572/769] i=571 rc=0 59.9s {"i": 571, "pair": "apt__3.1.13__3.1.14", "libs": 1, "err": false}
[573/769] i=572 rc=0 59.5s {"i": 572, "pair": "apt__3.1.14__3.1.15", "libs": 1, "err": false}
[574/769] i=573 rc=0 59.9s {"i": 573, "pair": "apt__3.1.15__3.1.16", "libs": 1, "err": false}
[575/769] i=574 rc=0 59.3s {"i": 574, "pair": "apt__3.1.16__3.2.0", "libs": 1, "err": false}
[576/769] i=575 rc=0 59.4s {"i": 575, "pair": "apt__3.2.0__3.3.0", "libs": 1, "err": false}
[577/769] i=580 rc=0 19.1s {"i": 580, "pair": "djvulibre__3.5.28__3.5.29", "libs": 1, "err": false}
[578/769] i=579 rc=0 21.4s {"i": 579, "pair": "djvulibre__3.5.27.1__3.5.28", "libs": 1, "err": false}
[579/769] i=581 rc=0 18.5s {"i": 581, "pair": "djvulibre__3.5.29__3.5.30", "libs": 1, "err": false}
[580/769] i=582 rc=0 2.1s {"i": 582, "pair": "openal-soft__1.18.2__1.19.0", "libs": 1, "err": false}
[581/769] i=583 rc=0 2.1s {"i": 583, "pair": "openal-soft__1.19.0__1.19.1", "libs": 1, "err": false}
[582/769] i=585 rc=0 1.0s {"i": 585, "pair": "openal-soft__1.23.1__1.24.0", "libs": 0, "err": true}
[583/769] i=584 rc=0 1.8s {"i": 584, "pair": "openal-soft__1.19.1__1.23.1", "libs": 0, "err": true}
[584/769] i=586 rc=0 2.7s {"i": 586, "pair": "openal-soft__1.24.0__1.24.1", "libs": 1, "err": false}
[585/769] i=587 rc=0 2.4s {"i": 587, "pair": "openal-soft__1.24.1__1.24.2", "libs": 1, "err": false}
[586/769] i=588 rc=0 3.2s {"i": 588, "pair": "openal-soft__1.24.2__1.25.0", "libs": 1, "err": false}
[587/769] i=589 rc=0 3.0s {"i": 589, "pair": "openal-soft__1.25.0__1.25.1", "libs": 1, "err": false}
[588/769] i=590 rc=0 4.3s {"i": 590, "pair": "openal-soft__1.25.1__1.25.2", "libs": 1, "err": false}
[589/769] i=591 rc=0 7.1s {"i": 591, "pair": "rubberband__1.9.2__2.0.0", "libs": 1, "err": false}
[590/769] i=592 rc=0 6.6s {"i": 592, "pair": "rubberband__2.0.0__2.0.2+dfsg0", "libs": 1, "err": false}
[591/769] i=593 rc=0 8.5s {"i": 593, "pair": "rubberband__2.0.2+dfsg0__3.0.0+dfsg0", "libs": 1, "err": false}
[592/769] i=594 rc=0 10.5s {"i": 594, "pair": "rubberband__3.0.0+dfsg0__3.1.0+dfsg0", "libs": 1, "err": false}
[593/769] i=595 rc=0 10.0s {"i": 595, "pair": "rubberband__3.1.0+dfsg0__3.1.1+dfsg0", "libs": 1, "err": false}
[594/769] i=596 rc=0 9.9s {"i": 596, "pair": "rubberband__3.1.1+dfsg0__3.1.2+dfsg0", "libs": 1, "err": false}
[595/769] i=597 rc=0 9.7s {"i": 597, "pair": "rubberband__3.1.2+dfsg0__3.2.1+dfsg", "libs": 1, "err": false}
[596/769] i=576 rc=0 58.2s {"i": 576, "pair": "apt__3.3.0__3.3.1", "libs": 1, "err": false}
[597/769] i=598 rc=0 10.8s {"i": 598, "pair": "rubberband__3.2.1+dfsg__3.3.0+dfsg", "libs": 1, "err": false}
[598/769] i=577 rc=0 58.4s {"i": 577, "pair": "apt__3.3.1__3.3.2", "libs": 1, "err": false}
[599/769] i=600 rc=0 2.7s {"i": 600, "pair": "libsigc++-2.0__2.8.0__2.9.3", "libs": 1, "err": false}
[600/769] i=578 rc=0 59.0s {"i": 578, "pair": "apt__3.3.2__3.3.3", "libs": 1, "err": false}
[601/769] i=601 rc=0 2.3s {"i": 601, "pair": "libsigc++-2.0__2.9.3__2.10.0", "libs": 1, "err": false}
[602/769] i=602 rc=0 2.2s {"i": 602, "pair": "libsigc++-2.0__2.10.0__2.10.1", "libs": 1, "err": false}
[603/769] i=603 rc=0 2.3s {"i": 603, "pair": "libsigc++-2.0__2.10.1__2.10.2", "libs": 1, "err": false}
[604/769] i=604 rc=0 2.3s {"i": 604, "pair": "libsigc++-2.0__2.10.2__2.10.4", "libs": 1, "err": false}
[605/769] i=599 rc=0 10.8s {"i": 599, "pair": "rubberband__3.3.0+dfsg__4.0.0+dfsg", "libs": 1, "err": false}
[606/769] i=605 rc=0 7.1s {"i": 605, "pair": "libsigc++-2.0__2.10.4__2.10.8", "libs": 1, "err": false}
[607/769] i=606 rc=0 7.3s {"i": 606, "pair": "libsigc++-2.0__2.10.8__2.12.0", "libs": 1, "err": false}
[608/769] i=607 rc=0 12.6s {"i": 607, "pair": "libsigc++-2.0__2.12.0__2.12.1", "libs": 1, "err": false}
[609/769] i=609 rc=0 22.2s {"i": 609, "pair": "srt__1.4.4__1.5.0", "libs": 1, "err": false}
[610/769] i=608 rc=0 25.0s {"i": 608, "pair": "srt__1.4.2__1.4.4", "libs": 1, "err": false}
[611/769] i=611 rc=0 22.2s {"i": 611, "pair": "srt__1.5.1__1.5.2", "libs": 1, "err": false}
[612/769] i=610 rc=0 27.5s {"i": 610, "pair": "srt__1.5.0__1.5.1", "libs": 1, "err": false}
[613/769] i=612 rc=0 22.5s {"i": 612, "pair": "srt__1.5.2__1.5.3", "libs": 1, "err": false}
[614/769] i=618 rc=0 0.9s {"i": 618, "pair": "zimg__3.0.3+ds1__3.0.4+ds1", "libs": 0, "err": true}
[615/769] i=617 rc=0 1.7s {"i": 617, "pair": "zimg__3.0.2+ds1__3.0.3+ds1", "libs": 0, "err": true}
[616/769] i=613 rc=0 20.2s {"i": 613, "pair": "srt__1.5.3__1.5.4", "libs": 1, "err": false}
[617/769] i=616 rc=0 9.8s {"i": 616, "pair": "zimg__3.0.1+ds1__3.0.2+ds1", "libs": 1, "err": false}
[618/769] i=621 rc=0 6.0s {"i": 621, "pair": "intel-gmmlib__22.5.5+ds1__22.6.0+ds1", "libs": 1, "err": false}
[619/769] i=619 rc=0 10.6s {"i": 619, "pair": "zimg__3.0.4+ds1__3.0.5+ds1", "libs": 1, "err": false}
[620/769] i=614 rc=0 18.4s {"i": 614, "pair": "srt__1.5.4__1.5.5", "libs": 1, "err": false}
[621/769] i=620 rc=0 12.5s {"i": 620, "pair": "zimg__3.0.5+ds1__3.0.6+ds1", "libs": 1, "err": false}
[622/769] i=622 rc=0 4.9s {"i": 622, "pair": "intel-gmmlib__22.6.0+ds1__22.7.0+ds1", "libs": 1, "err": false}
[623/769] i=623 rc=0 5.3s {"i": 623, "pair": "intel-gmmlib__22.7.0+ds1__22.7.1+ds1", "libs": 1, "err": false}
[624/769] i=615 rc=0 19.1s {"i": 615, "pair": "srt__1.5.5__1.5.6", "libs": 1, "err": false}
[625/769] i=624 rc=0 5.0s {"i": 624, "pair": "intel-gmmlib__22.7.1+ds1__22.7.2+ds1", "libs": 1, "err": false}
[626/769] i=626 rc=0 3.5s {"i": 626, "pair": "intel-gmmlib__22.8.1+ds1__22.8.2+ds1", "libs": 1, "err": false}
[627/769] i=625 rc=0 5.4s {"i": 625, "pair": "intel-gmmlib__22.7.2+ds1__22.8.1+ds1", "libs": 1, "err": false}
[628/769] i=627 rc=0 6.3s {"i": 627, "pair": "intel-gmmlib__22.8.2+ds1__22.9.0+ds1", "libs": 1, "err": false}
[629/769] i=628 rc=0 5.6s {"i": 628, "pair": "intel-gmmlib__22.9.0+ds1__22.10.0+ds1", "libs": 1, "err": false}
[630/769] i=630 rc=0 4.3s {"i": 630, "pair": "libglu__9.0.0__9.0.1", "libs": 1, "err": false}
[631/769] i=631 rc=0 3.6s {"i": 631, "pair": "libglu__9.0.1__9.0.2", "libs": 1, "err": false}
[632/769] i=633 rc=0 1.7s {"i": 633, "pair": "hunspell__1.6.2__1.7.0", "libs": 0, "err": false}
[633/769] i=629 rc=0 7.2s {"i": 629, "pair": "intel-gmmlib__22.10.0+ds1__22.10.1+ds1", "libs": 1, "err": false}
[634/769] i=632 rc=0 7.2s {"i": 632, "pair": "hunspell__1.6.1__1.6.2", "libs": 1, "err": false}
[635/769] i=634 rc=0 6.6s {"i": 634, "pair": "hunspell__1.7.0__1.7.1", "libs": 1, "err": false}
[636/769] i=635 rc=0 6.7s {"i": 635, "pair": "hunspell__1.7.1__1.7.2", "libs": 1, "err": false}
[637/769] i=636 rc=0 7.6s {"i": 636, "pair": "hunspell__1.7.2__1.7.2+really1.7.1", "libs": 1, "err": false}
[638/769] i=637 rc=0 7.0s {"i": 637, "pair": "hunspell__1.7.2+really1.7.1__1.7.2+really1.7.2", "libs": 1, "err": false}
[639/769] i=641 rc=0 2.3s {"i": 641, "pair": "libmodplug__0.8.8.5__0.8.9.0", "libs": 1, "err": false}
[640/769] i=638 rc=0 8.5s {"i": 638, "pair": "hunspell__1.7.2+really1.7.2__1.7.3", "libs": 1, "err": false}
[641/769] i=639 rc=0 7.6s {"i": 639, "pair": "hunspell__1.7.3__1.7.3+really1.7.2", "libs": 1, "err": false}
[642/769] i=640 rc=0 7.3s {"i": 640, "pair": "hunspell__1.7.3+really1.7.2__1.7.3+really1.7.3", "libs": 1, "err": false}
[643/769] i=642 rc=0 7.7s {"i": 642, "pair": "gst-plugins-bad1.0__1.27.90__1.28.0", "libs": 23, "err": false}
[644/769] i=643 rc=0 8.2s {"i": 643, "pair": "gst-plugins-bad1.0__1.28.0__1.28.1", "libs": 23, "err": false}
[645/769] i=644 rc=0 8.4s {"i": 644, "pair": "gst-plugins-bad1.0__1.28.1__1.28.2", "libs": 23, "err": false}
[646/769] i=645 rc=0 9.0s {"i": 645, "pair": "gst-plugins-bad1.0__1.28.2__1.28.3", "libs": 23, "err": false}
[647/769] i=646 rc=0 8.3s {"i": 646, "pair": "gst-plugins-bad1.0__1.28.3__1.28.4", "libs": 23, "err": false}
[648/769] i=647 rc=0 7.5s {"i": 647, "pair": "gst-plugins-bad1.0__1.28.4__1.28.5", "libs": 23, "err": false}
[649/769] i=648 rc=0 7.3s {"i": 648, "pair": "gst-plugins-bad1.0__1.28.5__1.28.6", "libs": 23, "err": false}
[650/769] i=649 rc=0 7.5s {"i": 649, "pair": "gst-plugins-bad1.0__1.28.6__1.29.1", "libs": 23, "err": false}
[651/769] i=651 rc=0 6.3s {"i": 651, "pair": "pipewire__1.5.85__1.6.0", "libs": 23, "err": false}
[652/769] i=650 rc=0 7.8s {"i": 650, "pair": "gst-plugins-bad1.0__1.29.1__1.29.2", "libs": 23, "err": false}
[653/769] i=652 rc=0 6.6s {"i": 652, "pair": "pipewire__1.6.0__1.6.1", "libs": 23, "err": false}
[654/769] i=653 rc=0 6.7s {"i": 653, "pair": "pipewire__1.6.1__1.6.2", "libs": 23, "err": false}
[655/769] i=654 rc=0 6.4s {"i": 654, "pair": "pipewire__1.6.2__1.6.3", "libs": 23, "err": false}
[656/769] i=655 rc=0 6.6s {"i": 655, "pair": "pipewire__1.6.3__1.6.4", "libs": 23, "err": false}
[657/769] i=656 rc=0 5.6s {"i": 656, "pair": "pipewire__1.6.4__1.6.5", "libs": 23, "err": false}
[658/769] i=657 rc=0 7.0s {"i": 657, "pair": "pipewire__1.6.5__1.6.6", "libs": 23, "err": false}
[659/769] i=660 rc=0 3.2s {"i": 660, "pair": "soundtouch__1.9.2__2.0.0", "libs": 1, "err": false}
[660/769] i=658 rc=0 6.6s {"i": 658, "pair": "pipewire__1.6.6__1.6.7", "libs": 23, "err": false}
[661/769] i=661 rc=0 2.8s {"i": 661, "pair": "soundtouch__2.0.0__2.1.2+ds1", "libs": 1, "err": false}
[662/769] i=662 rc=0 2.6s {"i": 662, "pair": "soundtouch__2.1.2+ds1__2.2+ds1", "libs": 1, "err": false}
[663/769] i=663 rc=0 1.7s {"i": 663, "pair": "soundtouch__2.2+ds1__2.3.1+ds1", "libs": 1, "err": false}
[664/769] i=659 rc=0 6.7s {"i": 659, "pair": "pipewire__1.6.7__1.6.8", "libs": 23, "err": false}
[665/769] i=664 rc=0 2.6s {"i": 664, "pair": "soundtouch__2.3.1+ds1__2.3.2+ds1", "libs": 1, "err": false}
[666/769] i=665 rc=0 2.0s {"i": 665, "pair": "soundtouch__2.3.2+ds1__2.3.3+ds", "libs": 2, "err": false}
[667/769] i=666 rc=0 2.2s {"i": 666, "pair": "soundtouch__2.3.3+ds__2.4.0+ds", "libs": 2, "err": false}
[668/769] i=667 rc=0 2.8s {"i": 667, "pair": "soundtouch__2.4.0+ds__2.4.1+ds", "libs": 2, "err": false}
[669/769] i=668 rc=0 22.1s {"i": 668, "pair": "sane-backends__1.0.27__1.0.31", "libs": 88, "err": false}
[670/769] i=669 rc=0 28.5s {"i": 669, "pair": "sane-backends__1.0.31__1.0.32", "libs": 91, "err": false}
[671/769] i=675 rc=0 3.3s {"i": 675, "pair": "libsidplay__1.36.59__1.36.60", "libs": 1, "err": false}
[672/769] i=670 rc=0 35.0s {"i": 670, "pair": "sane-backends__1.0.32__1.1.1", "libs": 91, "err": false}
[673/769] i=672 rc=0 34.9s {"i": 672, "pair": "sane-backends__1.2.1__1.3.0", "libs": 91, "err": false}
[674/769] i=671 rc=0 35.5s {"i": 671, "pair": "sane-backends__1.1.1__1.2.1", "libs": 91, "err": false}
[675/769] i=673 rc=0 36.1s {"i": 673, "pair": "sane-backends__1.3.0__1.3.1", "libs": 92, "err": false}
[676/769] i=674 rc=0 33.1s {"i": 674, "pair": "sane-backends__1.3.1__1.4.0", "libs": 93, "err": false}
[677/769] i=676 rc=0 25.0s {"i": 676, "pair": "mesa__25.0.0__25.0.1", "libs": 1, "err": false}
[678/769] i=677 rc=0 31.1s {"i": 677, "pair": "mesa__25.0.1__25.0.2", "libs": 1, "err": false}
[679/769] i=678 rc=0 30.9s {"i": 678, "pair": "mesa__25.0.2__25.0.3", "libs": 1, "err": false}
[680/769] i=679 rc=0 32.1s {"i": 679, "pair": "mesa__25.0.3__25.0.4", "libs": 1, "err": false}
[681/769] i=680 rc=0 32.2s {"i": 680, "pair": "mesa__25.0.4__25.0.5", "libs": 1, "err": false}
[682/769] i=681 rc=0 29.4s {"i": 681, "pair": "mesa__25.0.5__25.0.7", "libs": 1, "err": false}
[683/769] i=682 rc=0 30.2s {"i": 682, "pair": "mesa__25.0.7__25.1.0", "libs": 1, "err": false}
[684/769] i=685 rc=0 19.8s {"i": 685, "pair": "vte2.91__0.80.0__0.80.1", "libs": 1, "err": false}
[685/769] i=686 rc=0 19.3s {"i": 686, "pair": "vte2.91__0.80.1__0.80.3", "libs": 1, "err": false}
[686/769] i=683 rc=0 30.5s {"i": 683, "pair": "mesa__25.1.0__25.1.5", "libs": 1, "err": false}
[687/769] i=684 rc=0 31.2s {"i": 684, "pair": "mesa__25.1.5__25.1.7", "libs": 1, "err": false}
[688/769] i=687 rc=0 23.0s {"i": 687, "pair": "vte2.91__0.80.3__0.82.0", "libs": 1, "err": false}
[689/769] i=688 rc=0 26.3s {"i": 688, "pair": "vte2.91__0.82.0__0.82.1", "libs": 1, "err": false}
[690/769] i=689 rc=0 26.4s {"i": 689, "pair": "vte2.91__0.82.1__0.82.2", "libs": 1, "err": false}
[691/769] i=690 rc=0 26.8s {"i": 690, "pair": "vte2.91__0.82.2__0.82.3", "libs": 1, "err": false}
[692/769] i=695 rc=0 2.2s {"i": 695, "pair": "openexr__3.1.4__3.1.5", "libs": 0, "err": true}
[693/769] i=696 rc=0 0.7s {"i": 696, "pair": "openexr__3.1.5__3.1.13", "libs": 0, "err": true}
[694/769] i=697 rc=0 2.3s {"i": 697, "pair": "openexr__3.1.13__3.4.6+ds", "libs": 0, "err": false}
[695/769] i=691 rc=0 26.5s {"i": 691, "pair": "vte2.91__0.82.3__0.83.90", "libs": 1, "err": false}
[696/769] i=692 rc=0 27.9s {"i": 692, "pair": "vte2.91__0.83.90__0.84.0", "libs": 1, "err": false}
[697/769] i=699 rc=0 14.4s {"i": 699, "pair": "librevenge__0.0.3__0.0.4", "libs": 3, "err": false}
[698/769] i=693 rc=0 26.5s {"i": 693, "pair": "vte2.91__0.84.0__0.84.1", "libs": 1, "err": false}
[699/769] i=702 rc=0 1.4s {"i": 702, "pair": "mythes__1.2.4__1.2.5", "libs": 1, "err": false}
[700/769] i=703 rc=0 2.1s {"i": 703, "pair": "mythes__1.2.5__1.2.6", "libs": 1, "err": false}
[701/769] i=700 rc=0 15.1s {"i": 700, "pair": "librevenge__0.0.4__0.0.5", "libs": 3, "err": false}
[702/769] i=701 rc=0 13.1s {"i": 701, "pair": "librevenge__0.0.5__0.0.6", "libs": 3, "err": false}
[703/769] i=694 rc=0 28.6s {"i": 694, "pair": "openexr__3.1.3__3.1.4", "libs": 5, "err": false}
[704/769] i=706 rc=0 3.8s {"i": 706, "pair": "libwpg__0.3.1__0.3.2", "libs": 1, "err": false}
[705/769] i=707 rc=0 4.4s {"i": 707, "pair": "libwpg__0.3.2__0.3.3", "libs": 1, "err": false}
[706/769] i=708 rc=0 3.7s {"i": 708, "pair": "libwpg__0.3.3__0.3.4", "libs": 1, "err": false}
[707/769] i=698 rc=0 34.4s {"i": 698, "pair": "openexr__3.4.6+ds__3.4.14", "libs": 5, "err": false}
[708/769] i=704 rc=0 22.0s {"i": 704, "pair": "libwpd__0.10.1__0.10.2", "libs": 1, "err": false}
[709/769] i=705 rc=0 22.6s {"i": 705, "pair": "libwpd__0.10.2__0.10.3", "libs": 1, "err": false}
