archive dependency data for 60329 binary packages
examining 4000 popular lib* packages
  [  1] c   rank=5     libacl1                        source=acl
  [  2] c   rank=8     libbz2-1.0                     source=bzip2
  [  3] c   rank=9     libpam-modules                 source=pam
  [  4] c   rank=10    libattr1                       source=attr
  [  5] c   rank=11    libstdc++6                     source=gcc-16
  [  6] c   rank=12    libblkid1                      source=util-linux
  [  7] c   rank=22    libselinux1                    source=libselinux
  [  8] c   rank=35    libedit2                       source=libedit
  [  9] c   rank=37    libpopt0                       source=popt
  [ 10] c   rank=39    libkeyutils1                   source=keyutils
  [ 11] c   rank=41    libcap2                        source=libcap2
  [ 12] c   rank=45    libss2                         source=e2fsprogs
  [ 13] c   rank=47    libslang2                      source=slang2
  [ 14] c   rank=51    libbsd0                        source=libbsd
  [ 15] c   rank=53    libdevmapper1.02.1             source=lvm2
  [ 16] c   rank=59    libsqlite3-0                   source=sqlite3
  [ 17] c   rank=62    libexpat1                      source=expat
  [ 18] c   rank=63    libnewt0.52                    source=newt
  [ 19] c   rank=75    libfreetype6                   source=freetype
  [ 20] c   rank=82    libklibc                       source=klibc
  [ 21] c   rank=85    liblzma5                       source=xz-utils
  [ 22] c   rank=90    libdbus-1-3                    source=dbus
  [ 23] c   rank=92    libkmod2                       source=kmod
  [ 24] c   rank=93    libpci3                        source=pciutils
  [ 25] c   rank=94    libp11-kit0                    source=p11-kit
  [ 26] c   rank=98    libgmp10                       source=gmp
  [ 27] c   rank=99    libwrap0                       source=tcp-wrappers
  [ 28] c   rank=102   libxdmcp6                      source=libxdmcp
  [ 29] c   rank=103   libxau6                        source=libxau
  [ 30] c   rank=104   libxcb1                        source=libxcb
  [ 31] c   rank=106   libx11-6                       source=libx11
  [ 32] c   rank=107   libcap-ng0                     source=libcap-ng
  [ 33] c   rank=109   libxext6                       source=libxext
  [ 34] c   rank=113   libaudit1                      source=audit
  [ 35] c   rank=115   libudev1                       source=systemd
  [ 36] c   rank=117   libdebconfclient0              source=cdebconf
  [ 37] c   rank=120   libtasn1-6                     source=libtasn1-6
  [ 38] c   rank=123   libmnl0                        source=libmnl
  [ 39] c   rank=128   libsasl2-2                     source=cyrus-sasl2
  [ 40] c   rank=140   libxmuu1                       source=libxmu
  [ 41] c   rank=142   libxml2                        source=libxml2
  [ 42] c   rank=144   libapparmor1                   source=apparmor
  [ 43] c   rank=150   libseccomp2                    source=libseccomp
  [ 44] c   rank=152   liblz4-1                       source=lz4
  [ 45] c   rank=155   libidn2-0                      source=libidn2
  [ 46] c   rank=156   libxtables12                   source=iptables
  [ 47] c   rank=163   libnghttp2-14                  source=nghttp2
  [ 48] c   rank=167   librtmp1                       source=rtmpdump
  [ 49] c   rank=169   libpcre2-8-0                   source=pcre2
  [ 50] c   rank=173   libgpg-error0                  source=libgpg-error
  [ 51] c   rank=175   libzstd1                       source=libzstd
  [ 52] c   rank=176   libtinfo6                      source=ncurses
  [ 53] c   rank=181   libpipeline1                   source=libpipeline
  [ 54] c   rank=183   libnftnl11                     source=libnftnl
  [ 55] c   rank=184   libusb-1.0-0                   source=libusb-1.0
  [ 56] c   rank=185   libjansson4                    source=jansson
  [ 57] c   rank=187   libgcrypt20                    source=libgcrypt20
  [ 58] c   rank=200   libbrotli1                     source=brotli
  [ 59] c   rank=210   libprotobuf-c1                 source=protobuf-c
  [ 60] c   rank=212   liblmdb0                       source=lmdb
  [ 61] c   rank=215   libxxhash0                     source=xxhash
  [ 62] c   rank=217   libcrypt1                      source=libxcrypt
  [ 63] cxx rank=218   libuchardet0                   source=uchardet
  [ 64] c   rank=219   libmd0                         source=libmd
  [ 65] c   rank=220   libfido2-1                     source=libfido2
  [ 66] c   rank=226   libfstrm0                      source=fstrm
  [ 67] c   rank=227   libjson-c5                     source=json-c
  [ 68] c   rank=236   libnftables1                   source=nftables
  [ 69] c   rank=241   libmaxminddb0                  source=libmaxminddb
  [ 70] c   rank=244   libgpm2                        source=gpm
  [ 71] c   rank=247   libksba8                       source=libksba
  [ 72] cxx rank=278   libjemalloc2                   source=jemalloc
  [ 73] cxx rank=356   libde265-0                     source=libde265
  [ 74] cxx rank=358   liblerc4                       source=lerc
  [ 75] cxx rank=364   libaspell15                    source=aspell
  [ 76] cxx rank=385   libsnappy1v5                   source=snappy
  [ 77] cxx rank=387   libheif1                       source=libheif
  [ 78] cxx rank=407   libz3-4                        source=z3
  [ 79] cxx rank=476   libyuv0                        source=libyuv
  [ 80] cxx rank=523   libgav1-1                      source=libgav1
  [ 81] cxx rank=532   libcaca0                       source=libcaca
  [ 82] cxx rank=547   libzmq5                        source=zeromq3
  [ 83] cxx rank=549   libgme0                        source=game-music-emu
  [ 84] cxx rank=561   libchromaprint1                source=chromaprint
  [ 85] cxx rank=562   libjack-jackd2-0               source=jackd2
  [ 86] cxx rank=579   libbs2b0                       source=libbs2b
  [ 87] cxx rank=596   libapt-pkg7.0                  source=apt
  [ 88] cxx rank=646   libdjvulibre21                 source=djvulibre
  [ 89] cxx rank=655   libopenal1                     source=openal-soft
  [ 90] cxx rank=683   librubberband2                 source=rubberband
  [ 91] cxx rank=712   libsigc++-2.0-0v5              source=libsigc++-2.0
  [ 92] cxx rank=735   libsrt1.5-gnutls               source=srt
  [ 93] cxx rank=743   libzimg2                       source=zimg
  [ 94] cxx rank=751   libigdgmm12                    source=intel-gmmlib
  [ 95] cxx rank=781   libglu1-mesa                   source=libglu
  [ 96] cxx rank=784   libhunspell-1.7-0              source=hunspell
  [ 97] cxx rank=805   libmodplug1                    source=libmodplug
  [ 98] cxx rank=827   libgstreamer-plugins-bad1.0-0  source=gst-plugins-bad1.0
  [ 99] cxx rank=829   libspa-0.2-modules             source=pipewire
  [100] cxx rank=845   libsoundtouch1                 source=soundtouch
  [101] cxx rank=895   libsane1                       source=sane-backends
  [102] cxx rank=896   libsidplay1v5                  source=libsidplay
  [103] cxx rank=922   libxatracker2                  source=mesa
  [104] cxx rank=926   libvte-2.91-0                  source=vte2.91
  [105] cxx rank=930   libopenexr-3-1-30              source=openexr
  [106] cxx rank=944   librevenge-0.0-0               source=librevenge
  [107] cxx rank=954   libopenni2-0                   source=openni2
  [108] cxx rank=955   libmythes-1.2-0                source=mythes
  [109] cxx rank=975   libwpd-0.10-10                 source=libwpd
  [110] cxx rank=976   libwpg-0.3-3                   source=libwpg
  [111] cxx rank=983   libreoffice-core               source=libreoffice
  [112] cxx rank=986   libodfgen-0.1-1                source=libodfgen
  [113] cxx rank=987   libcdr-0.1-1                   source=libcdr
  [114] cxx rank=988   libvisio-0.1-1                 source=libvisio
  [115] cxx rank=989   libetonyek-0.1-1               source=libetonyek
  [116] cxx rank=990   libmwaw-0.3-3                  source=libmwaw
  [117] cxx rank=992   libabw-0.1-1                   source=libabw
  [118] cxx rank=993   libe-book-0.1-1                source=libe-book
  [119] cxx rank=1000  libnumbertext-1.0-0            source=libnumbertext
  [120] cxx rank=1006  libwps-0.4-4                   source=libwps

selected 120 sources: 70 C, 50 C++ -> /work/results/selected2.json
