293 pairs total, 290 to do
[1/290] idx=3 rc=0 1.9s {"idx": 3, "pair": "glib2.0__2.87.3__2.87.5", "libs": 0, "err": true}
[2/290] idx=6 rc=0 2.7s {"idx": 6, "pair": "glib2.0__2.88.1__2.88.2", "libs": 0, "err": true}
[3/290] idx=2 rc=0 8.5s {"idx": 2, "pair": "glib2.0__2.87.2__2.87.3", "libs": 5, "err": false}
[4/290] idx=4 rc=0 9.5s {"idx": 4, "pair": "glib2.0__2.87.5__2.88.0", "libs": 5, "err": false}
[5/290] idx=5 rc=0 10.4s {"idx": 5, "pair": "glib2.0__2.88.0__2.88.1", "libs": 5, "err": false}
[6/290] idx=9 rc=0 1.5s {"idx": 9, "pair": "glib2.0__2.89.2__2.89.3", "libs": 0, "err": true}
[7/290] idx=7 rc=0 10.7s {"idx": 7, "pair": "glib2.0__2.88.2__2.88.3", "libs": 5, "err": false}
[8/290] idx=8 rc=0 10.5s {"idx": 8, "pair": "glib2.0__2.88.3__2.89.2", "libs": 5, "err": false}
[9/290] idx=11 rc=0 8.3s {"idx": 11, "pair": "curl__8.12.0+git20250209.89ed161+ds__8.12.1", "libs": 1, "err": false}
[10/290] idx=12 rc=0 5.1s {"idx": 12, "pair": "curl__8.12.1__8.13.0", "libs": 1, "err": false}
[11/290] idx=10 rc=0 11.9s {"idx": 10, "pair": "glib2.0__2.89.3__2.89.4", "libs": 5, "err": false}
[12/290] idx=13 rc=0 4.2s {"idx": 13, "pair": "curl__8.13.0__8.14.0", "libs": 1, "err": false}
[13/290] idx=14 rc=0 5.0s {"idx": 14, "pair": "curl__8.14.0__8.14.1", "libs": 1, "err": false}
[14/290] idx=17 rc=0 2.0s {"idx": 17, "pair": "curl__8.16.0__8.17.0", "libs": 0, "err": true}
[15/290] idx=15 rc=0 5.1s {"idx": 15, "pair": "curl__8.14.1__8.15.0", "libs": 1, "err": false}
[16/290] idx=16 rc=0 4.7s {"idx": 16, "pair": "curl__8.15.0__8.16.0", "libs": 1, "err": false}
[17/290] idx=18 rc=0 5.4s {"idx": 18, "pair": "curl__8.17.0__8.18.0", "libs": 1, "err": false}
[18/290] idx=19 rc=0 5.3s {"idx": 19, "pair": "curl__8.18.0__8.19.0", "libs": 1, "err": false}
[19/290] idx=20 rc=0 6.3s {"idx": 20, "pair": "curl__8.19.0__8.20.0", "libs": 1, "err": false}
[20/290] idx=21 rc=0 6.0s {"idx": 21, "pair": "curl__8.20.0__8.21.0", "libs": 1, "err": false}
[21/290] idx=22 rc=0 15.9s {"idx": 22, "pair": "openssl__3.5.2__3.5.3", "libs": 5, "err": false}
[22/290] idx=23 rc=0 17.1s {"idx": 23, "pair": "openssl__3.5.3__3.5.4", "libs": 5, "err": false}
[23/290] idx=24 rc=0 21.3s {"idx": 24, "pair": "openssl__3.5.4__3.5.5", "libs": 5, "err": false}
[24/290] idx=27 rc=0 14.8s {"idx": 27, "pair": "openssl__3.6.1__3.6.2", "libs": 5, "err": false}
[25/290] idx=26 rc=0 19.2s {"idx": 26, "pair": "openssl__3.6.0__3.6.1", "libs": 5, "err": false}
[26/290] idx=28 rc=0 14.2s {"idx": 28, "pair": "openssl__3.6.2__3.6.3", "libs": 5, "err": false}
[27/290] idx=29 rc=0 14.6s {"idx": 29, "pair": "openssl__3.6.3__3.6.4", "libs": 5, "err": false}
[28/290] idx=31 rc=0 13.9s {"idx": 31, "pair": "openssl__4.0.0__4.0.1", "libs": 2, "err": false}
[29/290] idx=32 rc=0 13.9s {"idx": 32, "pair": "openssl__4.0.1__4.0.2", "libs": 2, "err": false}
[30/290] idx=30 rc=0 26.9s {"idx": 30, "pair": "openssl__3.6.4__4.0.0", "libs": 2, "err": false}
[31/290] idx=34 rc=0 8.3s {"idx": 34, "pair": "sqlite3__3.44.0__3.44.2", "libs": 1, "err": false}
[32/290] idx=36 rc=0 8.1s {"idx": 36, "pair": "sqlite3__3.45.0__3.45.1", "libs": 1, "err": false}
[33/290] idx=33 rc=0 27.6s {"idx": 33, "pair": "sqlite3__3.43.2__3.44.0", "libs": 1, "err": false}
[34/290] idx=38 rc=0 8.0s {"idx": 38, "pair": "sqlite3__3.45.2__3.45.3", "libs": 1, "err": false}
[35/290] idx=35 rc=0 27.2s {"idx": 35, "pair": "sqlite3__3.44.2__3.45.0", "libs": 1, "err": false}
[36/290] idx=25 rc=0 91.9s {"idx": 25, "pair": "openssl__3.5.5__3.6.0", "libs": 5, "err": false}
[37/290] idx=37 rc=0 26.7s {"idx": 37, "pair": "sqlite3__3.45.1__3.45.2", "libs": 1, "err": false}
[38/290] idx=39 rc=0 26.3s {"idx": 39, "pair": "sqlite3__3.45.3__3.46.0", "libs": 1, "err": false}
[39/290] idx=40 rc=0 26.9s {"idx": 40, "pair": "sqlite3__3.46.0__3.46.1", "libs": 1, "err": false}
[40/290] idx=43 rc=0 8.3s {"idx": 43, "pair": "sqlite3__3.53.3__3.53.4", "libs": 1, "err": false}
[41/290] idx=41 rc=0 29.7s {"idx": 41, "pair": "sqlite3__3.46.1__3.53.2", "libs": 1, "err": false}
[42/290] idx=45 rc=0 4.1s {"idx": 45, "pair": "libxml2__2.13.1+dfsg__2.14.1+dfsg", "libs": 1, "err": false}
[43/290] idx=44 rc=0 9.8s {"idx": 44, "pair": "libxml2__2.12.7+dfsg+really2.9.14__2.13.1+dfsg", "libs": 1, "err": false}
[44/290] idx=46 rc=0 2.5s {"idx": 46, "pair": "libxml2__2.14.1+dfsg__2.14.2+dfsg", "libs": 1, "err": false}
[45/290] idx=47 rc=0 2.6s {"idx": 47, "pair": "libxml2__2.14.2+dfsg__2.14.3+dfsg", "libs": 1, "err": false}
[46/290] idx=48 rc=0 3.5s {"idx": 48, "pair": "libxml2__2.14.3+dfsg__2.14.4+dfsg", "libs": 1, "err": false}
[47/290] idx=49 rc=0 2.9s {"idx": 49, "pair": "libxml2__2.14.4+dfsg__2.14.5+dfsg", "libs": 1, "err": false}
[48/290] idx=50 rc=0 3.1s {"idx": 50, "pair": "libxml2__2.14.5+dfsg__2.14.6+dfsg", "libs": 1, "err": false}
[49/290] idx=42 rc=0 27.9s {"idx": 42, "pair": "sqlite3__3.53.2__3.53.3", "libs": 1, "err": false}
[50/290] idx=52 rc=0 3.3s {"idx": 52, "pair": "libxml2__2.15.0+dfsg__2.15.1+dfsg", "libs": 1, "err": false}
[51/290] idx=51 rc=0 4.4s {"idx": 51, "pair": "libxml2__2.14.6+dfsg__2.15.0+dfsg", "libs": 1, "err": false}
[52/290] idx=53 rc=0 3.2s {"idx": 53, "pair": "libxml2__2.15.1+dfsg__2.15.2+dfsg", "libs": 1, "err": false}
[53/290] idx=54 rc=0 3.4s {"idx": 54, "pair": "libxml2__2.15.2+dfsg__2.15.3+dfsg", "libs": 1, "err": false}
[54/290] idx=55 rc=0 2.2s {"idx": 55, "pair": "dbus__1.14.10__1.15.0", "libs": 1, "err": false}
[55/290] idx=56 rc=0 3.0s {"idx": 56, "pair": "dbus__1.15.0__1.15.2", "libs": 1, "err": false}
[56/290] idx=58 rc=0 1.8s {"idx": 58, "pair": "dbus__1.15.4__1.15.6", "libs": 1, "err": false}
[57/290] idx=57 rc=0 2.8s {"idx": 57, "pair": "dbus__1.15.2__1.15.4", "libs": 1, "err": false}
[58/290] idx=59 rc=0 3.0s {"idx": 59, "pair": "dbus__1.15.6__1.15.8", "libs": 1, "err": false}
[59/290] idx=61 rc=0 1.8s {"idx": 61, "pair": "dbus__1.15.10__1.15.12", "libs": 1, "err": false}
[60/290] idx=60 rc=0 2.7s {"idx": 60, "pair": "dbus__1.15.8__1.15.10", "libs": 1, "err": false}
[61/290] idx=62 rc=0 2.4s {"idx": 62, "pair": "dbus__1.15.12__1.15.90", "libs": 1, "err": false}
[62/290] idx=63 rc=0 1.9s {"idx": 63, "pair": "dbus__1.15.90__1.15.92", "libs": 1, "err": false}
[63/290] idx=64 rc=0 2.0s {"idx": 64, "pair": "dbus__1.15.92__1.16.0", "libs": 1, "err": false}
[64/290] idx=65 rc=0 2.7s {"idx": 65, "pair": "dbus__1.16.0__1.16.2", "libs": 1, "err": false}
[65/290] idx=67 rc=0 1.6s {"idx": 67, "pair": "libpng1.6__1.6.47__1.6.48", "libs": 1, "err": false}
[66/290] idx=66 rc=0 3.1s {"idx": 66, "pair": "libpng1.6__1.6.46__1.6.47", "libs": 1, "err": false}
[67/290] idx=68 rc=0 2.1s {"idx": 68, "pair": "libpng1.6__1.6.48__1.6.50", "libs": 1, "err": false}
[68/290] idx=69 rc=0 2.0s {"idx": 69, "pair": "libpng1.6__1.6.50__1.6.51", "libs": 1, "err": false}
[69/290] idx=70 rc=0 1.9s {"idx": 70, "pair": "libpng1.6__1.6.51__1.6.52", "libs": 1, "err": false}
[70/290] idx=71 rc=0 1.4s {"idx": 71, "pair": "libpng1.6__1.6.52__1.6.53", "libs": 1, "err": false}
[71/290] idx=72 rc=0 2.0s {"idx": 72, "pair": "libpng1.6__1.6.53__1.6.54", "libs": 1, "err": false}
[72/290] idx=73 rc=0 1.5s {"idx": 73, "pair": "libpng1.6__1.6.54__1.6.55", "libs": 1, "err": false}
[73/290] idx=74 rc=0 1.5s {"idx": 74, "pair": "libpng1.6__1.6.55__1.6.56", "libs": 1, "err": false}
[74/290] idx=75 rc=0 2.1s {"idx": 75, "pair": "libpng1.6__1.6.56__1.6.57", "libs": 1, "err": false}
[75/290] idx=77 rc=0 1.6s {"idx": 77, "pair": "expat__2.6.4__2.7.0", "libs": 2, "err": false}
[76/290] idx=76 rc=0 2.3s {"idx": 76, "pair": "libpng1.6__1.6.57__1.6.58", "libs": 1, "err": false}
[77/290] idx=78 rc=0 1.8s {"idx": 78, "pair": "expat__2.7.0__2.7.1", "libs": 2, "err": false}
[78/290] idx=79 rc=0 1.9s {"idx": 79, "pair": "expat__2.7.1__2.7.2", "libs": 2, "err": false}
[79/290] idx=80 rc=0 1.5s {"idx": 80, "pair": "expat__2.7.2__2.7.3", "libs": 2, "err": false}
[80/290] idx=81 rc=0 1.5s {"idx": 81, "pair": "expat__2.7.3__2.7.4", "libs": 2, "err": false}
[81/290] idx=82 rc=0 1.9s {"idx": 82, "pair": "expat__2.7.4__2.7.5", "libs": 2, "err": false}
[82/290] idx=83 rc=0 1.5s {"idx": 83, "pair": "expat__2.7.5__2.8.0", "libs": 2, "err": false}
[83/290] idx=84 rc=0 1.5s {"idx": 84, "pair": "expat__2.8.0__2.8.1", "libs": 2, "err": false}
[84/290] idx=85 rc=0 2.1s {"idx": 85, "pair": "expat__2.8.1__2.8.2", "libs": 2, "err": false}
[85/290] idx=86 rc=0 2.0s {"idx": 86, "pair": "expat__2.8.2__2.8.3", "libs": 2, "err": false}
[86/290] idx=87 rc=0 2.3s {"idx": 87, "pair": "expat__2.8.3__2.8.4", "libs": 2, "err": false}
[87/290] idx=90 rc=0 67.6s {"idx": 90, "pair": "harfbuzz__10.0.1__10.1.0", "libs": 1, "err": false}
[88/290] idx=88 rc=0 71.7s {"idx": 88, "pair": "harfbuzz__8.3.0__9.0.0", "libs": 1, "err": false}
[89/290] idx=89 rc=0 71.2s {"idx": 89, "pair": "harfbuzz__9.0.0__10.0.1", "libs": 1, "err": false}
[90/290] idx=91 rc=0 76.1s {"idx": 91, "pair": "harfbuzz__10.1.0__10.2.0", "libs": 1, "err": false}
[91/290] idx=92 rc=0 93.2s {"idx": 92, "pair": "harfbuzz__10.2.0__11.4.5", "libs": 1, "err": false}
[92/290] idx=93 rc=0 93.6s {"idx": 93, "pair": "harfbuzz__11.4.5__11.5.0", "libs": 1, "err": false}
[93/290] idx=94 rc=0 96.7s {"idx": 94, "pair": "harfbuzz__11.5.0__12.1.0", "libs": 1, "err": false}
[94/290] idx=95 rc=0 98.6s {"idx": 95, "pair": "harfbuzz__12.1.0__12.2.0", "libs": 1, "err": false}
[95/290] idx=99 rc=0 4.4s {"idx": 99, "pair": "libgcrypt20__1.10.0__1.10.1", "libs": 1, "err": false}
[96/290] idx=100 rc=0 2.7s {"idx": 100, "pair": "libgcrypt20__1.10.1__1.10.2", "libs": 1, "err": false}
[97/290] idx=101 rc=0 2.7s {"idx": 101, "pair": "libgcrypt20__1.10.2__1.10.3", "libs": 1, "err": false}
[98/290] idx=102 rc=0 2.8s {"idx": 102, "pair": "libgcrypt20__1.10.3__1.11.0", "libs": 1, "err": false}
[99/290] idx=103 rc=0 2.8s {"idx": 103, "pair": "libgcrypt20__1.11.0__1.11.0+git20250114", "libs": 1, "err": false}
[100/290] idx=104 rc=0 2.9s {"idx": 104, "pair": "libgcrypt20__1.11.0+git20250114__1.11.1", "libs": 1, "err": false}
[101/290] idx=105 rc=0 3.2s {"idx": 105, "pair": "libgcrypt20__1.11.1__1.11.2", "libs": 1, "err": false}
[102/290] idx=106 rc=0 3.0s {"idx": 106, "pair": "libgcrypt20__1.11.2__1.12.0", "libs": 1, "err": false}
[103/290] idx=107 rc=0 3.1s {"idx": 107, "pair": "libgcrypt20__1.12.0__1.12.1", "libs": 1, "err": false}
[104/290] idx=108 rc=0 3.9s {"idx": 108, "pair": "libgcrypt20__1.12.1__1.12.2", "libs": 1, "err": false}
[105/290] idx=109 rc=0 3.0s {"idx": 109, "pair": "libgcrypt20__1.12.2__1.12.3", "libs": 1, "err": false}
[106/290] idx=110 rc=0 2.9s {"idx": 110, "pair": "libzstd__1.4.3+dfsg__1.4.4+dfsg", "libs": 1, "err": false}
[107/290] idx=111 rc=0 1.8s {"idx": 111, "pair": "libzstd__1.4.4+dfsg__1.4.5+dfsg", "libs": 1, "err": false}
[108/290] idx=112 rc=0 2.1s {"idx": 112, "pair": "libzstd__1.4.5+dfsg__1.4.8+dfsg", "libs": 1, "err": false}
[109/290] idx=113 rc=0 2.1s {"idx": 113, "pair": "libzstd__1.4.8+dfsg__1.4.9+dfsg", "libs": 1, "err": false}
[110/290] idx=114 rc=0 1.9s {"idx": 114, "pair": "libzstd__1.4.9+dfsg__1.4.10+dfsg", "libs": 1, "err": false}
[111/290] idx=115 rc=0 2.3s {"idx": 115, "pair": "libzstd__1.4.10+dfsg__1.5.2+dfsg", "libs": 1, "err": false}
[112/290] idx=116 rc=0 1.9s {"idx": 116, "pair": "libzstd__1.5.2+dfsg__1.5.2+dfsg2", "libs": 1, "err": false}
[113/290] idx=117 rc=0 1.8s {"idx": 117, "pair": "libzstd__1.5.2+dfsg2__1.5.4+dfsg2", "libs": 1, "err": false}
[114/290] idx=118 rc=0 2.3s {"idx": 118, "pair": "libzstd__1.5.4+dfsg2__1.5.5+dfsg2", "libs": 1, "err": false}
[115/290] idx=119 rc=0 2.1s {"idx": 119, "pair": "libzstd__1.5.5+dfsg2__1.5.6+dfsg", "libs": 1, "err": false}
[116/290] idx=120 rc=0 2.4s {"idx": 120, "pair": "libzstd__1.5.6+dfsg__1.5.7+dfsg", "libs": 1, "err": false}
[117/290] idx=121 rc=0 5.8s {"idx": 121, "pair": "gnutls28__3.8.2__3.8.3", "libs": 1, "err": false}
[118/290] idx=122 rc=0 6.3s {"idx": 122, "pair": "gnutls28__3.8.3__3.8.4", "libs": 1, "err": false}
[119/290] idx=123 rc=0 4.3s {"idx": 123, "pair": "gnutls28__3.8.4__3.8.5", "libs": 1, "err": false}
[120/290] idx=124 rc=0 5.7s {"idx": 124, "pair": "gnutls28__3.8.5__3.8.6", "libs": 1, "err": false}
[121/290] idx=96 rc=0 98.0s {"idx": 96, "pair": "harfbuzz__12.2.0__12.3.0", "libs": 1, "err": false}
[122/290] idx=98 rc=0 91.9s {"idx": 98, "pair": "harfbuzz__12.3.1__12.3.2", "libs": 1, "err": false}
[123/290] idx=97 rc=0 96.5s {"idx": 97, "pair": "harfbuzz__12.3.0__12.3.1", "libs": 1, "err": false}
[124/290] idx=125 rc=0 6.2s {"idx": 125, "pair": "gnutls28__3.8.6__3.8.7.1", "libs": 1, "err": false}
[125/290] idx=126 rc=0 6.6s {"idx": 126, "pair": "gnutls28__3.8.7.1__3.8.8", "libs": 1, "err": false}
[126/290] idx=127 rc=0 7.3s {"idx": 127, "pair": "gnutls28__3.8.8__3.8.9", "libs": 1, "err": false}
[127/290] idx=128 rc=0 7.4s {"idx": 128, "pair": "gnutls28__3.8.9__3.8.10", "libs": 1, "err": false}
[128/290] idx=129 rc=0 7.3s {"idx": 129, "pair": "gnutls28__3.8.10__3.8.11", "libs": 1, "err": false}
[129/290] idx=130 rc=0 4.5s {"idx": 130, "pair": "gnutls28__3.8.11__3.8.12", "libs": 1, "err": false}
[130/290] idx=131 rc=0 5.1s {"idx": 131, "pair": "gnutls28__3.8.12__3.8.13", "libs": 1, "err": false}
[131/290] idx=134 rc=0 77.8s {"idx": 134, "pair": "icu__73.1__73.2", "libs": 6, "err": false}
[132/290] idx=132 rc=0 109.8s {"idx": 132, "pair": "icu__71.1__72.1", "libs": 6, "err": false}
[133/290] idx=133 rc=0 111.5s {"idx": 133, "pair": "icu__72.1__73.1", "libs": 6, "err": false}
[134/290] idx=135 rc=0 147.2s {"idx": 135, "pair": "icu__73.2__74.1", "libs": 6, "err": false}
[135/290] idx=136 rc=0 144.1s {"idx": 136, "pair": "icu__74.1__74.2", "libs": 6, "err": false}
[136/290] idx=137 rc=0 193.1s {"idx": 137, "pair": "icu__74.2__75.1", "libs": 6, "err": false}
[137/290] idx=138 rc=0 208.0s {"idx": 138, "pair": "icu__75.1__76.1", "libs": 6, "err": false}
[138/290] idx=139 rc=0 208.0s {"idx": 139, "pair": "icu__76.1__77.1", "libs": 6, "err": false}
[139/290] idx=141 rc=0 85.6s {"idx": 141, "pair": "icu__78.1__78.2", "libs": 6, "err": false}
[140/290] idx=140 rc=0 168.4s {"idx": 140, "pair": "icu__77.1__78.1", "libs": 6, "err": false}
[141/290] idx=142 rc=0 85.6s {"idx": 142, "pair": "icu__78.2__78.3", "libs": 6, "err": false}
[142/290] idx=143 rc=0 129.7s {"idx": 143, "pair": "protobuf__3.21.6__3.21.7", "libs": 1, "err": false}
[143/290] idx=145 rc=0 98.0s {"idx": 145, "pair": "protobuf__3.21.8__3.21.9", "libs": 1, "err": false}
[144/290] idx=144 rc=0 112.1s {"idx": 144, "pair": "protobuf__3.21.7__3.21.8", "libs": 1, "err": false}
[145/290] idx=146 rc=0 97.5s {"idx": 146, "pair": "protobuf__3.21.9__3.21.10", "libs": 1, "err": false}
[146/290] idx=147 rc=0 97.3s {"idx": 147, "pair": "protobuf__3.21.10__3.21.11", "libs": 1, "err": false}
[147/290] idx=149 rc=0 164.8s {"idx": 149, "pair": "protobuf__3.25.1__3.25.2", "libs": 1, "err": false}
[148/290] idx=150 rc=0 165.2s {"idx": 150, "pair": "protobuf__3.25.2__3.25.3", "libs": 1, "err": false}
[149/290] idx=148 rc=0 196.5s {"idx": 148, "pair": "protobuf__3.21.11__3.25.1", "libs": 1, "err": false}
[150/290] idx=154 rc=0 10.8s {"idx": 154, "pair": "re2__20230602__20230701", "libs": 1, "err": false}
[151/290] idx=155 rc=0 19.9s {"idx": 155, "pair": "re2__20230701__20230801", "libs": 1, "err": false}
[152/290] idx=156 rc=0 20.0s {"idx": 156, "pair": "re2__20230801__20230901", "libs": 1, "err": false}
[153/290] idx=157 rc=0 20.1s {"idx": 157, "pair": "re2__20230901__20231101", "libs": 1, "err": false}
[154/290] idx=158 rc=0 20.0s {"idx": 158, "pair": "re2__20231101__20240201", "libs": 1, "err": false}
[155/290] idx=159 rc=0 19.7s {"idx": 159, "pair": "re2__20240201__20240301", "libs": 1, "err": false}
[156/290] idx=160 rc=0 20.2s {"idx": 160, "pair": "re2__20240301__20240401", "libs": 1, "err": false}
[157/290] idx=161 rc=0 20.9s {"idx": 161, "pair": "re2__20240401__20240501", "libs": 1, "err": false}
[158/290] idx=151 rc=0 263.9s {"idx": 151, "pair": "protobuf__3.25.3__3.25.4", "libs": 1, "err": false}
[159/290] idx=162 rc=0 20.7s {"idx": 162, "pair": "re2__20240501__20240702", "libs": 1, "err": false}
[160/290] idx=163 rc=0 21.4s {"idx": 163, "pair": "re2__20240702__20250805", "libs": 1, "err": false}
[161/290] idx=164 rc=0 22.0s {"idx": 164, "pair": "re2__20250805__20251105", "libs": 1, "err": false}
[162/290] idx=153 rc=0 222.5s {"idx": 153, "pair": "protobuf__3.25.7__35.1", "libs": 1, "err": false}
[163/290] idx=152 rc=0 255.5s {"idx": 152, "pair": "protobuf__3.25.4__3.25.7", "libs": 1, "err": false}
[164/290] idx=167 rc=0 84.9s {"idx": 167, "pair": "poppler__22.11.0__23.08.0", "libs": 1, "err": false}
[165/290] idx=169 rc=0 0.8s {"idx": 169, "pair": "poppler__23.12.0__24.02.0", "libs": 0, "err": true}
[166/290] idx=170 rc=0 0.1s {"idx": 170, "pair": "poppler__24.02.0__24.06.0", "libs": 0, "err": true}
[167/290] idx=166 rc=0 101.5s {"idx": 166, "pair": "poppler__22.08.0__22.11.0", "libs": 1, "err": false}
[168/290] idx=168 rc=0 88.9s {"idx": 168, "pair": "poppler__23.08.0__23.12.0", "libs": 1, "err": false}
[169/290] idx=165 rc=0 148.3s {"idx": 165, "pair": "poppler__22.06.0__22.08.0", "libs": 1, "err": false}
[170/290] idx=171 rc=0 108.5s {"idx": 171, "pair": "poppler__24.06.0__24.08.0", "libs": 2, "err": false}
[171/290] idx=172 rc=0 115.0s {"idx": 172, "pair": "poppler__24.08.0__25.01.0", "libs": 2, "err": false}
[172/290] idx=173 rc=0 127.6s {"idx": 173, "pair": "poppler__25.01.0__25.03.0", "libs": 2, "err": false}
[173/290] idx=174 rc=0 140.6s {"idx": 174, "pair": "poppler__25.03.0__26.01.0", "libs": 2, "err": false}
[174/290] idx=175 rc=0 171.9s {"idx": 175, "pair": "poppler__26.01.0__26.07.0", "libs": 2, "err": false}
[175/290] idx=176 rc=0 2338.7s {"idx": 176, "pair": "qtbase-opensource-src__5.15.7+dfsg__5.15.9+dfsg", "libs": 34, "err": false}
[176/290] idx=177 rc=0 2362.2s {"idx": 177, "pair": "qtbase-opensource-src__5.15.9+dfsg__5.15.10+dfsg", "libs": 34, "err": false}
[177/290] idx=178 rc=0 2362.8s {"idx": 178, "pair": "qtbase-opensource-src__5.15.10+dfsg__5.15.11+dfsg", "libs": 34, "err": false}
[178/290] idx=179 rc=0 2499.0s {"idx": 179, "pair": "qtbase-opensource-src__5.15.11+dfsg__5.15.12+dfsg", "libs": 34, "err": false}
time="2026-09-01T18:54:42+02:00" level=error msg="error waiting for container: unexpected EOF"
